Found simbody-visualizer, setting SIMBODY_HOME env var to  C:\Users\User\miniforge3\envs\opensim_env\Lib\opensim
67.39832611022496
[Fixation Controller] Initialized 3-DOF Virtual Work tracking for Eyes.
: 27.1 | R: -0.8 | Y: -9.0
t=1.40s | P: 39.6 | R: -2.5 | Y: -9.4
t=1.60s | P: 45.2 | R: -4.0 | Y: -9.6
t=1.80s | P: 49.4 | R: -3.6 | Y: -9.3
t=2.00s | P: 51.1 | R: -1.1 | Y: -6.6
t=2.20s | P: 48.0 | R:  2.8 | Y: -2.5
t=2.40s | P: 44.7 | R:  5.4 | Y: -1.1
t=2.60s | P: 34.4 | R:  5.7 | Y: -2.3
t=2.80s | P: 19.0 | R:  2.5 | Y: -4.9
t=3.00s | P:  5.5 | R:  3.0 | Y: -7.4
t=3.20s | P:  2.2 | R: 15.2 | Y: -8.3
t=3.40s | P: -3.8 | R: 27.0 | Y: -8.8
t=3.60s | P: -1.2 | R: 32.5 | Y: -9.2
t=3.80s | P:  1.6 | R: 34.8 | Y: -7.8
t=4.00s | P:  5.2 | R: 33.0 | Y: -6.5
t=4.20s | P: 12.8 | R: 23.3 | Y: -4.4
t=4.40s | P: 12.8 | R: 15.7 | Y: -3.0
t=4.60s | P:  9.7 | R:  8.6 | Y: -3.6
t=4.80s | P:  0.9 | R:  2.5 | Y: -5.2
t=5.00s | P: -5.5 | R: -5.8 | Y: -6.5
t=5.20s | P: -8.0 | R: -5.9 | Y: 18.6
t=5.40s | P: -9.6 | R:-17.4 | Y: 10.3
t=5.60s | P:-11.1 | R:-23.3 | Y: 10.4
t=5.80s | P:-12.9 | R:-27.6 | Y: 20.7
t=6.00s | P: -2.3 | R:-15.9 | Y: 36.6
67.39832611022496
