Found simbody-visualizer, setting SIMBODY_HOME env var to  C:\Users\User\miniforge3\envs\opensim_env\Lib\opensim
135.58404933896168
[Fixation Controller] Initialized 3-DOF Virtual Work tracking for Eyes.
 18.5 | R: -0.7 | Y:-15.1
t=1.40s | P: 39.5 | R: -1.8 | Y:-17.1
t=1.60s | P: 39.8 | R: -2.9 | Y:-16.7
t=1.80s | P: 48.2 | R: -3.2 | Y:-15.0
t=2.00s | P: 50.6 | R: -0.6 | Y:-11.3
t=2.20s | P: 49.8 | R:  2.9 | Y: -7.0
t=2.40s | P: 50.0 | R:  5.0 | Y: -5.4
t=2.60s | P: 49.8 | R:  5.9 | Y: -5.6
t=2.80s | P: 49.4 | R:  5.9 | Y: -6.8
t=3.00s | P: 49.4 | R:  7.6 | Y: -9.5
t=3.20s | P: 49.4 | R: 16.9 | Y:-12.7
t=3.40s | P: 48.8 | R: 24.7 | Y:-17.9
t=3.60s | P: 49.3 | R: 29.6 | Y:-20.4
t=3.80s | P: 50.3 | R: 32.9 | Y:-18.9
t=4.00s | P: 50.9 | R: 33.7 | Y:-15.3
t=4.20s | P: 52.3 | R: 27.9 | Y:-10.8
t=4.40s | P: 54.0 | R: 22.1 | Y: -9.0
t=4.60s | P: 55.4 | R: 17.0 | Y: -7.2
t=4.80s | P: 55.7 | R: 11.3 | Y: -7.9
t=5.00s | P: 54.7 | R:  3.9 | Y:-10.0
t=5.20s | P: 52.8 | R: -8.3 | Y: -2.0
t=5.40s | P: 51.6 | R:-16.3 | Y:  7.8
t=5.60s | P: 49.7 | R:-25.3 | Y:  9.0
t=5.80s | P: 48.9 | R:-27.8 | Y: 18.6
t=6.00s | P: 50.1 | R:-22.3 | Y: 29.2
135.58404933896168
