Starting BULLETPROOF Parallel Bode Plot CMA-ES Optimization (6 Parameters)...
(7_w,14)-aCMA-ES (mu_w=4.3,w_1=36%) in dimension 9 (seed=531122, Sat Sep 26 00:30:31 2026)

--- Generation 1 ---
Eval CRASHED at 1.12Hz: Kp=76.7, Ki=46.0, Kd=6.5, Gton=4.83, Gsc=9.33, Gphas=8.62, Kp_prop=0.932, K_gamma_dyn=48.5, K_gamma_stat=98.4
Eval CRASHED at 1.12Hz: Kp=80.3, Ki=39.8, Kd=1.0, Gton=14.28, Gsc=0.31, Gphas=1.08, Kp_prop=0.864, K_gamma_dyn=52.8, K_gamma_stat=91.9
Eval CRASHED at 1.12Hz: Kp=81.2, Ki=41.4, Kd=16.0, Gton=6.28, Gsc=2.14, Gphas=11.70, Kp_prop=0.329, K_gamma_dyn=52.7, K_gamma_stat=108.3
Eval CRASHED at 1.12Hz: Kp=75.4, Ki=44.0, Kd=8.7, Gton=8.13, Gsc=2.02, Gphas=13.61, Kp_prop=0.260, K_gamma_dyn=51.1, K_gamma_stat=83.7
Eval CRASHED at 1.12Hz: Kp=85.6, Ki=43.8, Kd=10.0, Gton=0.86, Gsc=4.57, Gphas=7.14, Kp_prop=0.376, K_gamma_dyn=49.5, K_gamma_stat=97.3
Eval CRASHED at 1.12Hz: Kp=71.4, Ki=51.5, Kd=7.7, Gton=5.97, Gsc=0.34, Gphas=2.66, Kp_prop=0.661, K_gamma_dyn=50.3, K_gamma_stat=100.9Eval CRASHED at 1.12Hz: Kp=72.3, Ki=43.3, Kd=8.5, Gton=4.36, Gsc=1.44, Gphas=6.71, Kp_prop=0.366, K_gamma_dyn=49.8, K_gamma_stat=93.7

Eval CRASHED at 1.12Hz: Kp=75.9, Ki=45.0, Kd=14.4, Gton=10.12, Gsc=6.13, Gphas=1.36, Kp_prop=0.011, K_gamma_dyn=42.3, K_gamma_stat=94.6
Eval CRASHED at 1.12Hz: Kp=65.2, Ki=49.7, Kd=11.4, Gton=3.72, Gsc=3.03, Gphas=13.74, Kp_prop=0.054, K_gamma_dyn=57.1, K_gamma_stat=102.3
Eval CRASHED at 1.12Hz: Kp=68.7, Ki=42.4, Kd=1.3, Gton=12.45, Gsc=2.74, Gphas=14.12, Kp_prop=1.046, K_gamma_dyn=47.3, K_gamma_stat=100.8
Eval CRASHED at 1.12Hz: Kp=83.6, Ki=44.7, Kd=2.4, Gton=4.57, Gsc=0.38, Gphas=6.73, Kp_prop=0.431, K_gamma_dyn=46.0, K_gamma_stat=102.8
Eval CRASHED at 1.12Hz: Kp=75.7, Ki=42.1, Kd=10.4, Gton=6.07, Gsc=9.02, Gphas=5.30, Kp_prop=0.260, K_gamma_dyn=52.0, K_gamma_stat=102.3
Eval CRASHED at 1.12Hz: Kp=68.7, Ki=48.1, Kd=10.3, Gton=2.82, Gsc=9.71, Gphas=2.61, Kp_prop=0.010, K_gamma_dyn=51.5, K_gamma_stat=99.1
Eval CRASHED at 1.12Hz: Kp=81.1, Ki=46.5, Kd=12.7, Gton=12.50, Gsc=4.67, Gphas=5.27, Kp_prop=0.575, K_gamma_dyn=46.1, K_gamma_stat=107.6
Iterat #Fevals   function value  axis ratio  sigma  min&max std  t[m:s]
    1     14 1.000093574191220e+05 1.0e+00 4.70e+00  6e-01  5e+00 0:00.1  

--- Generation 2 ---
Eval CRASHED at 1.12Hz: Kp=75.7, Ki=43.2, Kd=9.3, Gton=13.99, Gsc=3.10, Gphas=3.61, Kp_prop=0.687, K_gamma_dyn=47.2, K_gamma_stat=98.7
Eval CRASHED at 1.12Hz: Kp=72.8, Ki=39.4, Kd=6.4, Gton=3.73, Gsc=6.69, Gphas=7.79, Kp_prop=0.753, K_gamma_dyn=47.2, K_gamma_stat=107.4
Eval CRASHED at 1.12Hz: Kp=85.7, Ki=43.2, Kd=3.8, Gton=6.94, Gsc=3.98, Gphas=9.96, Kp_prop=0.319, K_gamma_dyn=50.1, K_gamma_stat=99.5
Eval CRASHED at 1.12Hz: Kp=78.0, Ki=46.4, Kd=5.8, Gton=2.56, Gsc=2.14, Gphas=10.59, Kp_prop=0.817, K_gamma_dyn=48.0, K_gamma_stat=99.3
Eval CRASHED at 1.12Hz: Kp=79.8, Ki=50.0, Kd=2.0, Gton=5.11, Gsc=8.38, Gphas=7.21, Kp_prop=0.367, K_gamma_dyn=55.9, K_gamma_stat=101.4
Eval CRASHED at 1.12Hz: Kp=73.6, Ki=46.6, Kd=2.1, Gton=9.14, Gsc=0.33, Gphas=10.21, Kp_prop=0.360, K_gamma_dyn=53.1, K_gamma_stat=102.2
Eval CRASHED at 1.12Hz: Kp=83.6, Ki=46.4, Kd=1.2, Gton=8.79, Gsc=3.33, Gphas=2.45, Kp_prop=0.085, K_gamma_dyn=45.6, K_gamma_stat=108.0
Eval CRASHED at 1.12Hz: Kp=76.5, Ki=48.7, Kd=1.0, Gton=14.28, Gsc=4.34, Gphas=0.86, Kp_prop=0.432, K_gamma_dyn=50.2, K_gamma_stat=106.2
Eval CRASHED at 1.12Hz: Kp=77.9, Ki=50.7, Kd=8.8, Gton=6.22, Gsc=4.40, Gphas=9.10, Kp_prop=0.560, K_gamma_dyn=52.2, K_gamma_stat=96.1Eval CRASHED at 1.12Hz: Kp=70.7, Ki=29.2, Kd=3.9, Gton=11.91, Gsc=1.25, Gphas=3.39, Kp_prop=0.018, K_gamma_dyn=43.8, K_gamma_stat=101.7
Eval CRASHED at 1.12Hz: Kp=70.9, Ki=44.7, Kd=6.5, Gton=4.45, Gsc=8.79, Gphas=10.75, Kp_prop=0.129, K_gamma_dyn=40.5, K_gamma_stat=98.8

Eval CRASHED at 1.12Hz: Kp=76.5, Ki=40.4, Kd=4.7, Gton=5.85, Gsc=4.02, Gphas=13.42, Kp_prop=0.909, K_gamma_dyn=48.3, K_gamma_stat=100.6Eval CRASHED at 1.12Hz: Kp=78.7, Ki=49.2, Kd=10.2, Gton=13.78, Gsc=0.79, Gphas=7.09, Kp_prop=0.165, K_gamma_dyn=46.3, K_gamma_stat=100.8
Eval CRASHED at 1.12Hz: Kp=74.4, Ki=48.2, Kd=8.2, Gton=2.68, Gsc=5.85, Gphas=9.92, Kp_prop=0.478, K_gamma_dyn=43.6, K_gamma_stat=102.9

    2     28 1.000192843783711e+05 1.2e+00 4.30e+00  6e-01  4e+00 0:00.2  

--- Generation 3 ---
Eval CRASHED at 1.12Hz: Kp=76.1, Ki=50.2, Kd=2.1, Gton=2.56, Gsc=2.63, Gphas=6.91, Kp_prop=0.890, K_gamma_dyn=43.7, K_gamma_stat=102.9
Eval CRASHED at 1.12Hz: Kp=76.8, Ki=46.3, Kd=8.4, Gton=1.08, Gsc=4.64, Gphas=0.47, Kp_prop=0.484, K_gamma_dyn=56.6, K_gamma_stat=102.4
Eval CRASHED at 1.12Hz: Kp=78.5, Ki=52.5, Kd=10.7, Gton=7.95, Gsc=6.06, Gphas=8.32, Kp_prop=0.519, K_gamma_dyn=57.6, K_gamma_stat=107.5
Eval CRASHED at 1.12Hz: Kp=75.1, Ki=49.9, Kd=0.4, Gton=7.98, Gsc=4.48, Gphas=10.02, Kp_prop=0.063, K_gamma_dyn=44.1, K_gamma_stat=97.8Eval CRASHED at 1.12Hz: Kp=74.3, Ki=46.3, Kd=6.7, Gton=2.87, Gsc=1.81, Gphas=6.76, Kp_prop=1.066, K_gamma_dyn=47.9, K_gamma_stat=94.0Eval CRASHED at 1.12Hz: Kp=71.7, Ki=55.5, Kd=0.9, Gton=4.37, Gsc=1.21, Gphas=1.02, Kp_prop=0.543, K_gamma_dyn=53.2, K_gamma_stat=109.0


Eval CRASHED at 1.12Hz: Kp=76.2, Ki=41.3, Kd=7.5, Gton=5.88, Gsc=6.21, Gphas=11.42, Kp_prop=0.381, K_gamma_dyn=39.7, K_gamma_stat=105.7
Eval CRASHED at 1.12Hz: Kp=76.4, Ki=51.4, Kd=4.5, Gton=10.06, Gsc=3.64, Gphas=3.99, Kp_prop=0.370, K_gamma_dyn=53.2, K_gamma_stat=99.3
Eval CRASHED at 1.12Hz: Kp=79.1, Ki=48.4, Kd=3.5, Gton=3.90, Gsc=0.76, Gphas=12.55, Kp_prop=0.220, K_gamma_dyn=50.0, K_gamma_stat=105.5
Eval CRASHED at 1.12Hz: Kp=76.8, Ki=44.1, Kd=4.6, Gton=8.58, Gsc=7.66, Gphas=9.19, Kp_prop=0.727, K_gamma_dyn=50.1, K_gamma_stat=109.8Eval CRASHED at 1.12Hz: Kp=83.0, Ki=38.7, Kd=6.7, Gton=1.65, Gsc=4.41, Gphas=9.79, Kp_prop=0.070, K_gamma_dyn=51.5, K_gamma_stat=101.6

Eval CRASHED at 1.12Hz: Kp=79.9, Ki=56.1, Kd=0.6, Gton=11.14, Gsc=0.32, Gphas=6.61, Kp_prop=1.355, K_gamma_dyn=51.4, K_gamma_stat=99.9
Eval CRASHED at 1.12Hz: Kp=76.4, Ki=48.7, Kd=5.9, Gton=2.99, Gsc=4.81, Gphas=6.70, Kp_prop=0.247, K_gamma_dyn=48.0, K_gamma_stat=96.1
Eval CRASHED at 1.12Hz: Kp=76.1, Ki=51.8, Kd=3.1, Gton=3.35, Gsc=0.18, Gphas=13.06, Kp_prop=0.359, K_gamma_dyn=44.8, K_gamma_stat=97.5
    3     42 1.000240277447175e+05 1.3e+00 4.23e+00  5e-01  4e+00 0:00.2  

--- Generation 4 ---
Eval CRASHED at 1.12Hz: Kp=81.9, Ki=38.4, Kd=8.4, Gton=1.64, Gsc=4.95, Gphas=4.27, Kp_prop=0.712, K_gamma_dyn=47.1, K_gamma_stat=100.3
Eval CRASHED at 1.12Hz: Kp=75.2, Ki=45.9, Kd=2.8, Gton=3.39, Gsc=1.93, Gphas=13.13, Kp_prop=0.857, K_gamma_dyn=51.8, K_gamma_stat=103.8
Eval CRASHED at 1.12Hz: Kp=76.1, Ki=47.8, Kd=0.4, Gton=5.35, Gsc=5.18, Gphas=13.02, Kp_prop=0.129, K_gamma_dyn=44.2, K_gamma_stat=96.9Eval CRASHED at 1.12Hz: Kp=73.5, Ki=46.1, Kd=7.0, Gton=5.24, Gsc=2.60, Gphas=7.75, Kp_prop=0.829, K_gamma_dyn=53.5, K_gamma_stat=108.9

Eval CRASHED at 1.12Hz: Kp=78.7, Ki=42.9, Kd=2.2, Gton=0.18, Gsc=0.77, Gphas=8.50, Kp_prop=0.077, K_gamma_dyn=50.6, K_gamma_stat=104.4Eval CRASHED at 1.12Hz: Kp=70.8, Ki=36.2, Kd=4.1, Gton=8.81, Gsc=9.27, Gphas=10.03, Kp_prop=0.037, K_gamma_dyn=49.5, K_gamma_stat=107.7Eval CRASHED at 1.12Hz: Kp=74.3, Ki=46.2, Kd=11.5, Gton=5.68, Gsc=4.88, Gphas=2.33, Kp_prop=0.264, K_gamma_dyn=47.8, K_gamma_stat=99.1


Eval CRASHED at 1.12Hz: Kp=86.0, Ki=48.4, Kd=5.8, Gton=3.56, Gsc=10.83, Gphas=6.08, Kp_prop=1.081, K_gamma_dyn=47.3, K_gamma_stat=104.2
Eval CRASHED at 1.12Hz: Kp=79.4, Ki=39.3, Kd=6.1, Gton=2.72, Gsc=0.80, Gphas=7.31, Kp_prop=0.894, K_gamma_dyn=44.3, K_gamma_stat=103.9
Eval CRASHED at 1.12Hz: Kp=81.3, Ki=38.6, Kd=3.7, Gton=6.81, Gsc=5.16, Gphas=11.94, Kp_prop=1.041, K_gamma_dyn=49.8, K_gamma_stat=101.4
Eval CRASHED at 1.12Hz: Kp=88.3, Ki=49.8, Kd=1.1, Gton=6.47, Gsc=3.64, Gphas=3.42, Kp_prop=0.133, K_gamma_dyn=48.6, K_gamma_stat=105.0
Eval CRASHED at 1.12Hz: Kp=79.1, Ki=58.7, Kd=2.7, Gton=7.65, Gsc=8.35, Gphas=11.89, Kp_prop=0.016, K_gamma_dyn=49.2, K_gamma_stat=97.1
Eval CRASHED at 1.12Hz: Kp=73.4, Ki=47.3, Kd=3.1, Gton=11.25, Gsc=5.90, Gphas=11.63, Kp_prop=0.587, K_gamma_dyn=50.6, K_gamma_stat=103.1Eval CRASHED at 1.12Hz: Kp=82.1, Ki=43.9, Kd=4.1, Gton=11.29, Gsc=4.38, Gphas=8.83, Kp_prop=0.382, K_gamma_dyn=45.5, K_gamma_stat=106.8


--- Generation 5 ---
Eval CRASHED at 1.12Hz: Kp=82.4, Ki=50.2, Kd=4.3, Gton=4.72, Gsc=0.31, Gphas=6.42, Kp_prop=0.181, K_gamma_dyn=48.0, K_gamma_stat=103.8
Eval CRASHED at 1.12Hz: Kp=75.2, Ki=48.6, Kd=5.6, Gton=6.55, Gsc=3.49, Gphas=12.53, Kp_prop=0.281, K_gamma_dyn=45.2, K_gamma_stat=92.7
Eval CRASHED at 1.12Hz: Kp=79.3, Ki=49.9, Kd=3.3, Gton=4.78, Gsc=5.72, Gphas=14.98, Kp_prop=0.014, K_gamma_dyn=49.3, K_gamma_stat=97.2
Eval CRASHED at 1.12Hz: Kp=85.8, Ki=53.0, Kd=6.8, Gton=5.25, Gsc=6.12, Gphas=5.07, Kp_prop=0.398, K_gamma_dyn=47.7, K_gamma_stat=99.6Eval CRASHED at 1.12Hz: Kp=80.9, Ki=52.2, Kd=3.6, Gton=5.55, Gsc=15.19, Gphas=9.99, Kp_prop=0.399, K_gamma_dyn=49.7, K_gamma_stat=102.0

Eval CRASHED at 1.12Hz: Kp=77.1, Ki=43.4, Kd=0.2, Gton=6.61, Gsc=8.39, Gphas=4.69, Kp_prop=1.240, K_gamma_dyn=51.3, K_gamma_stat=95.7
Eval CRASHED at 1.12Hz: Kp=79.4, Ki=46.9, Kd=1.7, Gton=6.58, Gsc=2.22, Gphas=4.70, Kp_prop=0.443, K_gamma_dyn=42.9, K_gamma_stat=100.7
Eval CRASHED at 1.12Hz: Kp=73.1, Ki=49.1, Kd=5.7, Gton=10.15, Gsc=10.02, Gphas=6.18, Kp_prop=0.372, K_gamma_dyn=51.0, K_gamma_stat=97.4Eval CRASHED at 1.12Hz: Kp=78.8, Ki=47.1, Kd=1.0, Gton=12.59, Gsc=8.27, Gphas=11.28, Kp_prop=0.816, K_gamma_dyn=46.3, K_gamma_stat=100.8Eval CRASHED at 1.12Hz: Kp=74.4, Ki=54.4, Kd=10.0, Gton=15.39, Gsc=4.43, Gphas=9.88, Kp_prop=0.168, K_gamma_dyn=48.2, K_gamma_stat=102.9
Eval CRASHED at 1.12Hz: Kp=78.5, Ki=55.1, Kd=4.9, Gton=6.19, Gsc=2.39, Gphas=5.02, Kp_prop=0.245, K_gamma_dyn=47.1, K_gamma_stat=93.7Eval CRASHED at 1.12Hz: Kp=72.5, Ki=53.1, Kd=3.2, Gton=7.84, Gsc=4.72, Gphas=10.77, Kp_prop=1.221, K_gamma_dyn=47.8, K_gamma_stat=109.4

Eval CRASHED at 1.12Hz: Kp=70.0, Ki=39.7, Kd=1.5, Gton=7.08, Gsc=6.72, Gphas=5.37, Kp_prop=1.493, K_gamma_dyn=41.6, K_gamma_stat=102.3
Eval CRASHED at 1.12Hz: Kp=75.1, Ki=48.0, Kd=0.2, Gton=15.59, Gsc=6.39, Gphas=14.75, Kp_prop=0.395, K_gamma_dyn=44.3, K_gamma_stat=97.9



--- Generation 6 ---
Eval CRASHED at 1.12Hz: Kp=74.6, Ki=45.8, Kd=8.8, Gton=1.33, Gsc=6.85, Gphas=14.14, Kp_prop=0.443, K_gamma_dyn=41.3, K_gamma_stat=97.3
Eval CRASHED at 1.12Hz: Kp=75.7, Ki=49.4, Kd=4.6, Gton=8.50, Gsc=3.75, Gphas=9.47, Kp_prop=0.615, K_gamma_dyn=43.3, K_gamma_stat=100.0Eval CRASHED at 1.12Hz: Kp=75.2, Ki=50.3, Kd=11.1, Gton=7.91, Gsc=7.48, Gphas=5.19, Kp_prop=0.257, K_gamma_dyn=45.6, K_gamma_stat=100.8

Eval CRASHED at 1.12Hz: Kp=76.2, Ki=48.9, Kd=8.3, Gton=8.70, Gsc=4.73, Gphas=17.93, Kp_prop=0.751, K_gamma_dyn=49.1, K_gamma_stat=100.4Eval CRASHED at 1.12Hz: Kp=69.8, Ki=57.5, Kd=4.4, Gton=9.55, Gsc=4.96, Gphas=16.83, Kp_prop=1.360, K_gamma_dyn=52.2, K_gamma_stat=102.5

Eval CRASHED at 1.12Hz: Kp=78.3, Ki=47.2, Kd=8.6, Gton=10.26, Gsc=7.32, Gphas=7.66, Kp_prop=0.069, K_gamma_dyn=49.1, K_gamma_stat=97.6Eval CRASHED at 1.12Hz: Kp=80.5, Ki=48.3, Kd=2.0, Gton=3.63, Gsc=0.14, Gphas=11.90, Kp_prop=1.093, K_gamma_dyn=47.3, K_gamma_stat=99.7

Eval CRASHED at 1.12Hz: Kp=76.4, Ki=47.4, Kd=1.8, Gton=8.81, Gsc=1.24, Gphas=4.20, Kp_prop=0.085, K_gamma_dyn=48.8, K_gamma_stat=99.3Eval CRASHED at 1.12Hz: Kp=72.6, Ki=45.0, Kd=2.5, Gton=9.34, Gsc=8.45, Gphas=10.06, Kp_prop=1.177, K_gamma_dyn=50.0, K_gamma_stat=106.7

Eval CRASHED at 1.12Hz: Kp=74.4, Ki=53.6, Kd=2.6, Gton=1.17, Gsc=3.53, Gphas=4.82, Kp_prop=1.520, K_gamma_dyn=48.5, K_gamma_stat=103.3
Eval CRASHED at 1.12Hz: Kp=77.0, Ki=55.4, Kd=3.1, Gton=9.74, Gsc=9.48, Gphas=12.02, Kp_prop=0.269, K_gamma_dyn=42.2, K_gamma_stat=103.0Eval CRASHED at 1.12Hz: Kp=77.0, Ki=47.2, Kd=3.2, Gton=9.71, Gsc=10.56, Gphas=15.31, Kp_prop=0.514, K_gamma_dyn=41.3, K_gamma_stat=96.5Eval CRASHED at 1.12Hz: Kp=71.8, Ki=48.6, Kd=9.3, Gton=9.16, Gsc=7.50, Gphas=10.13, Kp_prop=0.410, K_gamma_dyn=50.4, K_gamma_stat=99.6

Eval CRASHED at 1.12Hz: Kp=76.9, Ki=57.0, Kd=0.6, Gton=6.68, Gsc=7.84, Gphas=6.12, Kp_prop=0.847, K_gamma_dyn=52.1, K_gamma_stat=97.3


--- Generation 7 ---
Eval CRASHED at 1.12Hz: Kp=71.2, Ki=47.6, Kd=3.2, Gton=9.22, Gsc=8.59, Gphas=19.32, Kp_prop=0.604, K_gamma_dyn=35.2, K_gamma_stat=94.8
Eval CRASHED at 1.12Hz: Kp=76.9, Ki=51.7, Kd=0.8, Gton=4.91, Gsc=0.80, Gphas=8.59, Kp_prop=0.878, K_gamma_dyn=42.6, K_gamma_stat=106.1
Eval CRASHED at 1.12Hz: Kp=76.2, Ki=55.1, Kd=3.8, Gton=9.82, Gsc=3.62, Gphas=3.60, Kp_prop=0.565, K_gamma_dyn=50.5, K_gamma_stat=101.0
Eval CRASHED at 1.12Hz: Kp=70.5, Ki=51.5, Kd=10.3, Gton=7.35, Gsc=5.79, Gphas=13.86, Kp_prop=0.037, K_gamma_dyn=43.9, K_gamma_stat=99.0Eval CRASHED at 1.12Hz: Kp=75.1, Ki=47.3, Kd=3.6, Gton=4.53, Gsc=4.31, Gphas=15.44, Kp_prop=1.034, K_gamma_dyn=49.1, K_gamma_stat=101.8Eval CRASHED at 1.12Hz: Kp=78.2, Ki=53.8, Kd=0.1, Gton=11.71, Gsc=5.99, Gphas=10.68, Kp_prop=0.990, K_gamma_dyn=43.7, K_gamma_stat=101.2
Eval CRASHED at 1.12Hz: Kp=77.5, Ki=48.6, Kd=1.9, Gton=5.69, Gsc=3.61, Gphas=9.93, Kp_prop=1.001, K_gamma_dyn=52.9, K_gamma_stat=104.3

Eval CRASHED at 1.12Hz: Kp=78.9, Ki=50.8, Kd=9.8, Gton=7.53, Gsc=7.05, Gphas=5.27, Kp_prop=0.388, K_gamma_dyn=48.8, K_gamma_stat=104.9Eval CRASHED at 1.12Hz: Kp=80.0, Ki=55.6, Kd=2.4, Gton=2.17, Gsc=2.27, Gphas=13.38, Kp_prop=0.479, K_gamma_dyn=45.2, K_gamma_stat=100.8Eval CRASHED at 1.12Hz: Kp=77.4, Ki=47.6, Kd=3.9, Gton=4.59, Gsc=1.52, Gphas=6.89, Kp_prop=1.113, K_gamma_dyn=53.8, K_gamma_stat=102.2
Eval CRASHED at 1.12Hz: Kp=71.8, Ki=50.1, Kd=1.0, Gton=6.01, Gsc=8.10, Gphas=13.47, Kp_prop=0.142, K_gamma_dyn=41.7, K_gamma_stat=97.1


Eval CRASHED at 1.12Hz: Kp=75.6, Ki=51.5, Kd=4.2, Gton=18.16, Gsc=3.70, Gphas=9.43, Kp_prop=0.528, K_gamma_dyn=50.7, K_gamma_stat=101.0Eval CRASHED at 1.12Hz: Kp=72.2, Ki=51.5, Kd=3.3, Gton=6.07, Gsc=3.31, Gphas=12.82, Kp_prop=0.727, K_gamma_dyn=43.9, K_gamma_stat=107.1Eval CRASHED at 1.12Hz: Kp=73.9, Ki=53.2, Kd=5.0, Gton=10.92, Gsc=7.36, Gphas=14.12, Kp_prop=0.000, K_gamma_dyn=50.5, K_gamma_stat=96.7




--- Generation 8 ---
Eval CRASHED at 1.12Hz: Kp=76.3, Ki=59.2, Kd=0.7, Gton=9.91, Gsc=6.13, Gphas=16.62, Kp_prop=1.164, K_gamma_dyn=38.5, K_gamma_stat=99.3
Eval CRASHED at 1.12Hz: Kp=76.4, Ki=48.2, Kd=4.0, Gton=0.35, Gsc=1.18, Gphas=15.66, Kp_prop=0.753, K_gamma_dyn=46.8, K_gamma_stat=101.7
Eval CRASHED at 1.12Hz: Kp=76.9, Ki=49.5, Kd=5.4, Gton=1.88, Gsc=5.59, Gphas=12.24, Kp_prop=0.279, K_gamma_dyn=48.1, K_gamma_stat=102.1Eval CRASHED at 1.12Hz: Kp=72.6, Ki=49.2, Kd=0.5, Gton=1.98, Gsc=2.11, Gphas=9.26, Kp_prop=0.537, K_gamma_dyn=44.0, K_gamma_stat=104.2Eval CRASHED at 1.12Hz: Kp=72.0, Ki=50.5, Kd=3.9, Gton=2.28, Gsc=9.35, Gphas=10.07, Kp_prop=1.171, K_gamma_dyn=46.0, K_gamma_stat=102.1Eval CRASHED at 1.12Hz: Kp=75.9, Ki=50.4, Kd=2.1, Gton=3.98, Gsc=3.72, Gphas=19.94, Kp_prop=1.019, K_gamma_dyn=39.2, K_gamma_stat=97.0


Eval CRASHED at 1.12Hz: Kp=81.9, Ki=49.9, Kd=1.4, Gton=5.69, Gsc=6.13, Gphas=14.77, Kp_prop=0.137, K_gamma_dyn=37.7, K_gamma_stat=94.4

Eval CRASHED at 1.12Hz: Kp=81.8, Ki=57.2, Kd=1.2, Gton=8.68, Gsc=5.27, Gphas=10.98, Kp_prop=0.635, K_gamma_dyn=42.6, K_gamma_stat=102.2
Eval CRASHED at 1.12Hz: Kp=76.0, Ki=54.0, Kd=7.1, Gton=4.20, Gsc=0.11, Gphas=12.42, Kp_prop=0.648, K_gamma_dyn=49.0, K_gamma_stat=101.8
Eval CRASHED at 1.12Hz: Kp=82.3, Ki=50.0, Kd=2.6, Gton=0.50, Gsc=1.34, Gphas=13.23, Kp_prop=0.574, K_gamma_dyn=41.4, K_gamma_stat=98.1
Eval CRASHED at 1.12Hz: Kp=79.6, Ki=48.0, Kd=0.4, Gton=9.42, Gsc=6.55, Gphas=10.03, Kp_prop=1.191, K_gamma_dyn=43.3, K_gamma_stat=105.6
Eval CRASHED at 1.12Hz: Kp=83.5, Ki=53.0, Kd=1.6, Gton=1.78, Gsc=4.28, Gphas=15.58, Kp_prop=1.161, K_gamma_dyn=41.6, K_gamma_stat=103.1
Eval CRASHED at 1.12Hz: Kp=78.4, Ki=50.5, Kd=5.4, Gton=2.05, Gsc=0.33, Gphas=15.33, Kp_prop=1.518, K_gamma_dyn=41.2, K_gamma_stat=102.4
Eval CRASHED at 1.12Hz: Kp=77.0, Ki=50.7, Kd=2.5, Gton=0.21, Gsc=4.41, Gphas=13.83, Kp_prop=0.920, K_gamma_dyn=46.3, K_gamma_stat=107.9

--- Generation 9 ---
Eval CRASHED at 1.12Hz: Kp=78.2, Ki=45.5, Kd=4.2, Gton=3.99, Gsc=1.37, Gphas=14.84, Kp_prop=1.037, K_gamma_dyn=49.3, K_gamma_stat=107.3
Eval CRASHED at 1.12Hz: Kp=75.2, Ki=55.4, Kd=4.7, Gton=10.46, Gsc=6.22, Gphas=15.00, Kp_prop=1.120, K_gamma_dyn=38.6, K_gamma_stat=96.1
Eval CRASHED at 1.12Hz: Kp=71.5, Ki=47.8, Kd=3.6, Gton=5.07, Gsc=5.49, Gphas=19.34, Kp_prop=1.657, K_gamma_dyn=47.9, K_gamma_stat=98.9
Eval CRASHED at 1.12Hz: Kp=73.0, Ki=53.0, Kd=4.1, Gton=0.43, Gsc=1.98, Gphas=16.39, Kp_prop=0.243, K_gamma_dyn=52.5, K_gamma_stat=100.8
Eval CRASHED at 1.12Hz: Kp=82.6, Ki=51.8, Kd=1.8, Gton=0.70, Gsc=2.16, Gphas=14.37, Kp_prop=0.704, K_gamma_dyn=47.8, K_gamma_stat=102.4Eval CRASHED at 1.12Hz: Kp=76.0, Ki=47.9, Kd=4.2, Gton=3.39, Gsc=1.49, Gphas=9.81, Kp_prop=1.056, K_gamma_dyn=41.7, K_gamma_stat=104.4
Eval CRASHED at 1.12Hz: Kp=76.9, Ki=42.3, Kd=4.7, Gton=7.04, Gsc=4.64, Gphas=11.63, Kp_prop=0.660, K_gamma_dyn=44.3, K_gamma_stat=98.6
Eval CRASHED at 1.12Hz: Kp=84.9, Ki=50.4, Kd=2.4, Gton=1.14, Gsc=2.64, Gphas=18.40, Kp_prop=0.907, K_gamma_dyn=50.3, K_gamma_stat=108.2

Eval CRASHED at 1.12Hz: Kp=81.8, Ki=53.7, Kd=6.0, Gton=0.52, Gsc=6.19, Gphas=12.80, Kp_prop=0.580, K_gamma_dyn=45.1, K_gamma_stat=103.8
Eval CRASHED at 1.12Hz: Kp=72.7, Ki=52.2, Kd=0.1, Gton=2.02, Gsc=2.63, Gphas=17.93, Kp_prop=0.022, K_gamma_dyn=44.4, K_gamma_stat=100.6
Eval CRASHED at 1.12Hz: Kp=77.1, Ki=49.8, Kd=1.5, Gton=2.55, Gsc=5.54, Gphas=8.85, Kp_prop=0.415, K_gamma_dyn=48.2, K_gamma_stat=105.2Eval CRASHED at 1.12Hz: Kp=78.0, Ki=48.7, Kd=4.0, Gton=3.53, Gsc=1.35, Gphas=9.49, Kp_prop=1.518, K_gamma_dyn=47.4, K_gamma_stat=102.0

Eval CRASHED at 1.12Hz: Kp=75.3, Ki=54.4, Kd=2.0, Gton=2.01, Gsc=0.17, Gphas=9.43, Kp_prop=1.248, K_gamma_dyn=50.9, K_gamma_stat=101.8
Eval CRASHED at 1.12Hz: Kp=75.6, Ki=53.8, Kd=2.4, Gton=4.10, Gsc=4.79, Gphas=11.80, Kp_prop=0.360, K_gamma_dyn=50.9, K_gamma_stat=104.3

--- Generation 10 ---
Eval CRASHED at 1.12Hz: Kp=84.5, Ki=54.1, Kd=4.4, Gton=0.21, Gsc=8.07, Gphas=18.87, Kp_prop=0.472, K_gamma_dyn=44.8, K_gamma_stat=102.3
Eval CRASHED at 1.12Hz: Kp=78.8, Ki=44.1, Kd=2.7, Gton=5.88, Gsc=3.80, Gphas=11.74, Kp_prop=0.423, K_gamma_dyn=45.9, K_gamma_stat=98.3
Eval CRASHED at 1.12Hz: Kp=77.7, Ki=54.4, Kd=0.6, Gton=0.29, Gsc=2.81, Gphas=19.67, Kp_prop=0.524, K_gamma_dyn=46.5, K_gamma_stat=99.6
Eval CRASHED at 1.12Hz: Kp=79.7, Ki=47.6, Kd=8.1, Gton=6.11, Gsc=0.66, Gphas=13.07, Kp_prop=0.762, K_gamma_dyn=46.5, K_gamma_stat=102.6Eval CRASHED at 1.12Hz: Kp=83.9, Ki=49.2, Kd=5.0, Gton=5.55, Gsc=3.37, Gphas=14.89, Kp_prop=0.467, K_gamma_dyn=40.3, K_gamma_stat=98.6
Eval CRASHED at 1.12Hz: Kp=76.2, Ki=53.5, Kd=5.8, Gton=5.25, Gsc=0.11, Gphas=14.78, Kp_prop=0.182, K_gamma_dyn=39.4, K_gamma_stat=101.5Eval CRASHED at 1.12Hz: Kp=73.7, Ki=55.6, Kd=4.4, Gton=7.36, Gsc=7.87, Gphas=16.08, Kp_prop=1.512, K_gamma_dyn=40.2, K_gamma_stat=100.3


Eval CRASHED at 1.12Hz: Kp=73.4, Ki=57.4, Kd=0.8, Gton=7.72, Gsc=2.88, Gphas=19.01, Kp_prop=1.313, K_gamma_dyn=42.5, K_gamma_stat=102.7Eval CRASHED at 1.12Hz: Kp=78.1, Ki=48.5, Kd=1.3, Gton=1.40, Gsc=6.76, Gphas=16.55, Kp_prop=0.337, K_gamma_dyn=41.4, K_gamma_stat=93.9

Eval CRASHED at 1.12Hz: Kp=77.0, Ki=45.3, Kd=4.5, Gton=5.01, Gsc=1.44, Gphas=12.97, Kp_prop=1.211, K_gamma_dyn=42.7, K_gamma_stat=97.6
Eval CRASHED at 1.12Hz: Kp=78.3, Ki=51.0, Kd=0.7, Gton=10.08, Gsc=0.89, Gphas=11.62, Kp_prop=0.930, K_gamma_dyn=41.1, K_gamma_stat=96.3
Eval CRASHED at 1.12Hz: Kp=79.8, Ki=43.8, Kd=1.8, Gton=3.81, Gsc=1.61, Gphas=12.63, Kp_prop=1.300, K_gamma_dyn=45.4, K_gamma_stat=98.3Eval CRASHED at 1.12Hz: Kp=82.2, Ki=48.0, Kd=0.9, Gton=6.73, Gsc=10.26, Gphas=16.28, Kp_prop=0.370, K_gamma_dyn=50.0, K_gamma_stat=104.5

Eval CRASHED at 1.12Hz: Kp=78.2, Ki=52.9, Kd=1.4, Gton=4.73, Gsc=2.47, Gphas=13.24, Kp_prop=0.902, K_gamma_dyn=42.0, K_gamma_stat=100.5

--- Generation 11 ---
Eval CRASHED at 1.12Hz: Kp=81.6, Ki=47.2, Kd=0.6, Gton=4.45, Gsc=6.12, Gphas=17.30, Kp_prop=0.994, K_gamma_dyn=39.6, K_gamma_stat=101.4
Eval CRASHED at 1.12Hz: Kp=84.7, Ki=51.2, Kd=1.8, Gton=0.48, Gsc=2.26, Gphas=13.55, Kp_prop=0.450, K_gamma_dyn=43.5, K_gamma_stat=94.3
Eval CRASHED at 1.12Hz: Kp=75.8, Ki=51.2, Kd=2.8, Gton=4.31, Gsc=0.96, Gphas=13.43, Kp_prop=1.196, K_gamma_dyn=43.8, K_gamma_stat=98.9
Eval CRASHED at 1.12Hz: Kp=74.3, Ki=42.5, Kd=3.9, Gton=8.50, Gsc=0.52, Gphas=13.85, Kp_prop=0.495, K_gamma_dyn=46.9, K_gamma_stat=96.9
Eval CRASHED at 1.12Hz: Kp=77.5, Ki=50.7, Kd=2.1, Gton=5.31, Gsc=7.26, Gphas=10.50, Kp_prop=0.354, K_gamma_dyn=37.0, K_gamma_stat=101.2
Eval CRASHED at 1.12Hz: Kp=79.0, Ki=54.3, Kd=3.9, Gton=8.15, Gsc=0.34, Gphas=16.62, Kp_prop=0.577, K_gamma_dyn=44.6, K_gamma_stat=98.1
Eval CRASHED at 1.12Hz: Kp=72.6, Ki=46.3, Kd=5.0, Gton=2.49, Gsc=1.64, Gphas=12.28, Kp_prop=0.875, K_gamma_dyn=41.0, K_gamma_stat=101.7
Eval CRASHED at 1.12Hz: Kp=74.1, Ki=48.5, Kd=7.5, Gton=6.49, Gsc=1.15, Gphas=12.60, Kp_prop=0.291, K_gamma_dyn=40.1, K_gamma_stat=90.2
Eval CRASHED at 1.12Hz: Kp=80.4, Ki=48.9, Kd=0.5, Gton=2.53, Gsc=2.00, Gphas=15.21, Kp_prop=0.598, K_gamma_dyn=40.8, K_gamma_stat=98.2Eval CRASHED at 1.12Hz: Kp=84.3, Ki=54.3, Kd=3.5, Gton=2.82, Gsc=6.41, Gphas=15.61, Kp_prop=1.154, K_gamma_dyn=44.6, K_gamma_stat=102.7Eval CRASHED at 1.12Hz: Kp=74.6, Ki=52.8, Kd=0.6, Gton=2.92, Gsc=2.36, Gphas=11.87, Kp_prop=0.393, K_gamma_dyn=38.7, K_gamma_stat=99.9


Eval CRASHED at 1.12Hz: Kp=78.0, Ki=50.2, Kd=4.7, Gton=6.71, Gsc=2.77, Gphas=15.51, Kp_prop=0.512, K_gamma_dyn=47.8, K_gamma_stat=98.0Eval CRASHED at 1.12Hz: Kp=81.0, Ki=50.8, Kd=2.4, Gton=9.35, Gsc=0.52, Gphas=14.08, Kp_prop=0.600, K_gamma_dyn=46.5, K_gamma_stat=104.3

Eval CRASHED at 1.12Hz: Kp=69.5, Ki=47.0, Kd=5.9, Gton=5.43, Gsc=5.28, Gphas=10.42, Kp_prop=0.916, K_gamma_dyn=48.9, K_gamma_stat=98.8

--- Generation 12 ---
Eval CRASHED at 1.12Hz: Kp=72.8, Ki=44.0, Kd=0.0, Gton=10.33, Gsc=3.48, Gphas=20.00, Kp_prop=1.238, K_gamma_dyn=41.6, K_gamma_stat=101.4
Eval CRASHED at 1.12Hz: Kp=80.1, Ki=44.7, Kd=1.9, Gton=4.21, Gsc=1.05, Gphas=15.10, Kp_prop=1.612, K_gamma_dyn=43.7, K_gamma_stat=96.8
Eval CRASHED at 1.12Hz: Kp=78.7, Ki=50.8, Kd=3.8, Gton=4.41, Gsc=0.10, Gphas=13.80, Kp_prop=0.657, K_gamma_dyn=44.9, K_gamma_stat=103.1
Eval CRASHED at 1.12Hz: Kp=76.0, Ki=52.6, Kd=5.7, Gton=7.15, Gsc=1.46, Gphas=11.16, Kp_prop=0.232, K_gamma_dyn=44.2, K_gamma_stat=99.8Eval CRASHED at 1.12Hz: Kp=77.3, Ki=51.4, Kd=3.0, Gton=5.02, Gsc=1.25, Gphas=8.64, Kp_prop=0.775, K_gamma_dyn=47.3, K_gamma_stat=101.1

Eval CRASHED at 1.12Hz: Kp=77.5, Ki=44.8, Kd=1.1, Gton=1.26, Gsc=2.30, Gphas=15.83, Kp_prop=0.922, K_gamma_dyn=42.2, K_gamma_stat=103.2
Eval CRASHED at 1.12Hz: Kp=75.3, Ki=48.1, Kd=2.8, Gton=6.58, Gsc=1.85, Gphas=15.34, Kp_prop=0.733, K_gamma_dyn=43.2, K_gamma_stat=97.8Eval CRASHED at 1.12Hz: Kp=78.6, Ki=42.7, Kd=5.1, Gton=7.73, Gsc=1.20, Gphas=14.26, Kp_prop=0.527, K_gamma_dyn=47.4, K_gamma_stat=100.2

Eval CRASHED at 1.12Hz: Kp=81.9, Ki=52.1, Kd=3.2, Gton=3.47, Gsc=0.44, Gphas=16.95, Kp_prop=0.376, K_gamma_dyn=44.1, K_gamma_stat=94.3
Eval CRASHED at 1.12Hz: Kp=79.8, Ki=48.0, Kd=0.1, Gton=3.78, Gsc=1.61, Gphas=13.99, Kp_prop=0.932, K_gamma_dyn=43.8, K_gamma_stat=97.7Eval CRASHED at 1.12Hz: Kp=75.5, Ki=55.0, Kd=2.8, Gton=5.83, Gsc=3.13, Gphas=13.43, Kp_prop=0.911, K_gamma_dyn=36.7, K_gamma_stat=102.3

Eval CRASHED at 1.12Hz: Kp=77.4, Ki=51.3, Kd=1.3, Gton=2.54, Gsc=2.35, Gphas=14.62, Kp_prop=1.070, K_gamma_dyn=46.5, K_gamma_stat=98.8
Eval CRASHED at 1.12Hz: Kp=70.4, Ki=52.0, Kd=1.0, Gton=7.95, Gsc=3.57, Gphas=13.54, Kp_prop=0.873, K_gamma_dyn=39.4, K_gamma_stat=99.0
Eval CRASHED at 1.12Hz: Kp=71.5, Ki=54.7, Kd=0.8, Gton=9.39, Gsc=5.77, Gphas=14.38, Kp_prop=0.668, K_gamma_dyn=43.1, K_gamma_stat=97.6

--- Generation 13 ---
Eval CRASHED at 1.12Hz: Kp=74.4, Ki=53.6, Kd=3.3, Gton=3.25, Gsc=0.45, Gphas=17.35, Kp_prop=1.045, K_gamma_dyn=41.9, K_gamma_stat=98.8
Eval CRASHED at 1.12Hz: Kp=77.3, Ki=50.0, Kd=1.4, Gton=5.25, Gsc=9.66, Gphas=12.83, Kp_prop=0.918, K_gamma_dyn=41.6, K_gamma_stat=101.5
Eval CRASHED at 1.12Hz: Kp=75.7, Ki=53.8, Kd=3.0, Gton=10.34, Gsc=1.92, Gphas=13.38, Kp_prop=1.101, K_gamma_dyn=45.4, K_gamma_stat=102.0Eval CRASHED at 1.12Hz: Kp=82.5, Ki=56.2, Kd=1.0, Gton=3.02, Gsc=4.78, Gphas=15.01, Kp_prop=0.172, K_gamma_dyn=48.6, K_gamma_stat=99.6

Eval CRASHED at 1.12Hz: Kp=76.9, Ki=50.8, Kd=2.5, Gton=8.00, Gsc=9.18, Gphas=12.09, Kp_prop=0.840, K_gamma_dyn=42.9, K_gamma_stat=101.7
Eval CRASHED at 1.12Hz: Kp=74.4, Ki=48.5, Kd=0.2, Gton=5.25, Gsc=1.63, Gphas=14.70, Kp_prop=0.739, K_gamma_dyn=41.5, K_gamma_stat=97.5
Eval CRASHED at 1.12Hz: Kp=75.1, Ki=49.0, Kd=4.4, Gton=3.79, Gsc=5.17, Gphas=10.95, Kp_prop=0.664, K_gamma_dyn=46.7, K_gamma_stat=104.4Eval CRASHED at 1.12Hz: Kp=76.8, Ki=52.7, Kd=1.9, Gton=7.63, Gsc=5.40, Gphas=11.76, Kp_prop=0.753, K_gamma_dyn=40.7, K_gamma_stat=94.7
Eval CRASHED at 1.12Hz: Kp=76.3, Ki=55.0, Kd=3.1, Gton=7.76, Gsc=0.52, Gphas=14.10, Kp_prop=0.812, K_gamma_dyn=45.1, K_gamma_stat=102.0
Eval CRASHED at 1.12Hz: Kp=78.4, Ki=52.0, Kd=2.7, Gton=6.03, Gsc=5.38, Gphas=13.53, Kp_prop=0.735, K_gamma_dyn=44.2, K_gamma_stat=98.0Eval CRASHED at 1.12Hz: Kp=73.6, Ki=49.4, Kd=2.1, Gton=6.30, Gsc=3.66, Gphas=16.58, Kp_prop=0.413, K_gamma_dyn=46.8, K_gamma_stat=99.6
Eval CRASHED at 1.12Hz: Kp=73.4, Ki=52.2, Kd=2.4, Gton=4.72, Gsc=3.50, Gphas=18.21, Kp_prop=0.705, K_gamma_dyn=44.8, K_gamma_stat=92.9Eval CRASHED at 1.12Hz: Kp=76.8, Ki=51.2, Kd=1.3, Gton=7.81, Gsc=0.84, Gphas=13.76, Kp_prop=0.630, K_gamma_dyn=42.4, K_gamma_stat=94.6Eval CRASHED at 1.12Hz: Kp=80.3, Ki=53.9, Kd=3.3, Gton=5.39, Gsc=3.93, Gphas=13.40, Kp_prop=0.794, K_gamma_dyn=46.0, K_gamma_stat=100.5





--- Generation 14 ---
Eval CRASHED at 1.12Hz: Kp=76.4, Ki=45.1, Kd=1.6, Gton=3.80, Gsc=7.94, Gphas=15.01, Kp_prop=0.472, K_gamma_dyn=46.1, K_gamma_stat=96.7
Eval CRASHED at 1.12Hz: Kp=80.6, Ki=49.8, Kd=0.6, Gton=2.66, Gsc=5.47, Gphas=14.55, Kp_prop=1.003, K_gamma_dyn=45.2, K_gamma_stat=97.7
Eval CRASHED at 1.12Hz: Kp=75.7, Ki=51.7, Kd=1.3, Gton=3.85, Gsc=1.43, Gphas=13.16, Kp_prop=0.490, K_gamma_dyn=47.9, K_gamma_stat=97.4
Eval CRASHED at 1.12Hz: Kp=75.5, Ki=56.5, Kd=0.7, Gton=6.37, Gsc=2.61, Gphas=15.92, Kp_prop=0.692, K_gamma_dyn=43.4, K_gamma_stat=96.0
Eval CRASHED at 1.12Hz: Kp=76.9, Ki=46.1, Kd=2.2, Gton=6.10, Gsc=5.79, Gphas=12.57, Kp_prop=0.006, K_gamma_dyn=46.1, K_gamma_stat=89.2
Eval CRASHED at 1.12Hz: Kp=77.0, Ki=50.4, Kd=2.6, Gton=6.60, Gsc=3.97, Gphas=16.21, Kp_prop=0.060, K_gamma_dyn=44.6, K_gamma_stat=94.2Eval CRASHED at 1.12Hz: Kp=70.0, Ki=49.2, Kd=0.1, Gton=7.26, Gsc=3.88, Gphas=13.46, Kp_prop=0.424, K_gamma_dyn=39.5, K_gamma_stat=94.7

Eval CRASHED at 1.12Hz: Kp=75.7, Ki=50.0, Kd=2.4, Gton=1.99, Gsc=2.83, Gphas=15.21, Kp_prop=0.753, K_gamma_dyn=45.5, K_gamma_stat=95.4
Eval CRASHED at 1.12Hz: Kp=73.9, Ki=54.4, Kd=1.0, Gton=3.76, Gsc=5.03, Gphas=13.95, Kp_prop=0.411, K_gamma_dyn=46.7, K_gamma_stat=96.0Eval CRASHED at 1.12Hz: Kp=74.1, Ki=51.5, Kd=2.3, Gton=3.45, Gsc=1.70, Gphas=12.90, Kp_prop=1.199, K_gamma_dyn=47.7, K_gamma_stat=94.3Eval CRASHED at 1.12Hz: Kp=76.4, Ki=51.4, Kd=0.5, Gton=2.55, Gsc=6.11, Gphas=13.82, Kp_prop=0.009, K_gamma_dyn=43.9, K_gamma_stat=99.2
Eval CRASHED at 1.12Hz: Kp=74.7, Ki=53.2, Kd=1.7, Gton=8.38, Gsc=2.13, Gphas=14.24, Kp_prop=0.845, K_gamma_dyn=43.7, K_gamma_stat=98.4
Eval CRASHED at 1.12Hz: Kp=75.8, Ki=51.5, Kd=1.9, Gton=1.38, Gsc=1.81, Gphas=16.51, Kp_prop=0.684, K_gamma_dyn=43.3, K_gamma_stat=89.8


Eval CRASHED at 1.12Hz: Kp=73.8, Ki=54.5, Kd=1.1, Gton=2.21, Gsc=2.84, Gphas=14.98, Kp_prop=1.187, K_gamma_dyn=44.0, K_gamma_stat=100.7

--- Generation 15 ---
Eval CRASHED at 1.12Hz: Kp=75.6, Ki=46.1, Kd=1.4, Gton=7.19, Gsc=5.02, Gphas=12.21, Kp_prop=0.410, K_gamma_dyn=45.2, K_gamma_stat=89.3Eval CRASHED at 1.12Hz: Kp=74.6, Ki=49.3, Kd=4.1, Gton=3.78, Gsc=3.60, Gphas=11.80, Kp_prop=0.625, K_gamma_dyn=49.6, K_gamma_stat=96.4

Eval CRASHED at 1.12Hz: Kp=74.3, Ki=56.5, Kd=2.4, Gton=4.31, Gsc=5.27, Gphas=14.18, Kp_prop=0.841, K_gamma_dyn=40.6, K_gamma_stat=93.5
Eval CRASHED at 1.12Hz: Kp=78.6, Ki=52.1, Kd=3.0, Gton=4.82, Gsc=0.39, Gphas=13.86, Kp_prop=0.679, K_gamma_dyn=46.0, K_gamma_stat=95.0
Eval CRASHED at 1.12Hz: Kp=75.9, Ki=54.4, Kd=4.6, Gton=13.78, Gsc=3.56, Gphas=10.01, Kp_prop=0.472, K_gamma_dyn=45.1, K_gamma_stat=91.9Eval CRASHED at 1.12Hz: Kp=76.5, Ki=55.4, Kd=0.4, Gton=5.37, Gsc=8.01, Gphas=17.92, Kp_prop=0.776, K_gamma_dyn=44.9, K_gamma_stat=93.0

Eval CRASHED at 1.12Hz: Kp=77.0, Ki=49.5, Kd=1.5, Gton=7.85, Gsc=0.76, Gphas=17.96, Kp_prop=0.290, K_gamma_dyn=43.1, K_gamma_stat=93.1
Eval CRASHED at 1.12Hz: Kp=80.0, Ki=51.7, Kd=1.2, Gton=3.85, Gsc=3.01, Gphas=13.42, Kp_prop=0.835, K_gamma_dyn=44.9, K_gamma_stat=97.9
Eval CRASHED at 1.12Hz: Kp=79.0, Ki=48.9, Kd=2.2, Gton=3.92, Gsc=4.00, Gphas=14.36, Kp_prop=0.192, K_gamma_dyn=44.0, K_gamma_stat=92.4
Eval CRASHED at 1.12Hz: Kp=77.7, Ki=48.8, Kd=0.6, Gton=2.47, Gsc=1.01, Gphas=11.87, Kp_prop=0.876, K_gamma_dyn=43.6, K_gamma_stat=94.2
Eval CRASHED at 1.12Hz: Kp=75.3, Ki=47.1, Kd=4.1, Gton=5.27, Gsc=0.84, Gphas=18.10, Kp_prop=0.673, K_gamma_dyn=49.0, K_gamma_stat=91.5Eval CRASHED at 1.12Hz: Kp=68.8, Ki=51.1, Kd=0.9, Gton=9.09, Gsc=3.46, Gphas=17.92, Kp_prop=0.716, K_gamma_dyn=44.0, K_gamma_stat=87.3Eval CRASHED at 1.12Hz: Kp=79.0, Ki=50.9, Kd=1.4, Gton=5.15, Gsc=6.39, Gphas=11.23, Kp_prop=0.504, K_gamma_dyn=46.5, K_gamma_stat=97.6


Eval CRASHED at 1.12Hz: Kp=74.0, Ki=48.9, Kd=0.8, Gton=8.76, Gsc=2.77, Gphas=18.14, Kp_prop=0.292, K_gamma_dyn=43.8, K_gamma_stat=93.0

--- Generation 16 ---
Eval CRASHED at 1.12Hz: Kp=77.8, Ki=49.1, Kd=2.3, Gton=4.73, Gsc=6.51, Gphas=12.37, Kp_prop=0.157, K_gamma_dyn=44.2, K_gamma_stat=94.1
Eval CRASHED at 1.12Hz: Kp=77.6, Ki=55.1, Kd=8.4, Gton=7.97, Gsc=8.16, Gphas=15.59, Kp_prop=0.997, K_gamma_dyn=43.7, K_gamma_stat=98.7
Eval CRASHED at 1.12Hz: Kp=78.2, Ki=46.0, Kd=1.2, Gton=2.76, Gsc=0.64, Gphas=17.48, Kp_prop=0.973, K_gamma_dyn=43.0, K_gamma_stat=88.7
Eval CRASHED at 1.12Hz: Kp=76.5, Ki=54.5, Kd=2.1, Gton=7.83, Gsc=5.67, Gphas=16.25, Kp_prop=0.350, K_gamma_dyn=44.8, K_gamma_stat=95.8
Eval CRASHED at 1.12Hz: Kp=77.7, Ki=50.4, Kd=2.6, Gton=7.65, Gsc=6.43, Gphas=13.17, Kp_prop=0.659, K_gamma_dyn=47.1, K_gamma_stat=92.8Eval CRASHED at 1.12Hz: Kp=77.8, Ki=52.0, Kd=1.4, Gton=4.50, Gsc=2.40, Gphas=16.78, Kp_prop=0.101, K_gamma_dyn=45.0, K_gamma_stat=87.3Eval CRASHED at 1.12Hz: Kp=77.5, Ki=52.8, Kd=0.5, Gton=2.41, Gsc=6.12, Gphas=17.41, Kp_prop=0.414, K_gamma_dyn=42.6, K_gamma_stat=94.4

Eval CRASHED at 1.12Hz: Kp=76.3, Ki=49.3, Kd=1.8, Gton=7.25, Gsc=8.24, Gphas=20.00, Kp_prop=0.913, K_gamma_dyn=48.4, K_gamma_stat=89.8
Eval CRASHED at 1.12Hz: Kp=74.4, Ki=48.9, Kd=7.6, Gton=2.67, Gsc=3.02, Gphas=19.53, Kp_prop=0.214, K_gamma_dyn=42.9, K_gamma_stat=89.9Eval CRASHED at 1.12Hz: Kp=82.4, Ki=47.4, Kd=0.4, Gton=5.14, Gsc=3.24, Gphas=13.46, Kp_prop=0.290, K_gamma_dyn=40.2, K_gamma_stat=96.1


Eval CRASHED at 1.12Hz: Kp=82.3, Ki=53.0, Kd=1.6, Gton=1.81, Gsc=2.61, Gphas=14.69, Kp_prop=0.588, K_gamma_dyn=46.1, K_gamma_stat=95.8
Eval CRASHED at 1.12Hz: Kp=75.4, Ki=50.3, Kd=5.7, Gton=7.43, Gsc=6.98, Gphas=14.53, Kp_prop=0.762, K_gamma_dyn=44.3, K_gamma_stat=96.3
Eval CRASHED at 1.12Hz: Kp=78.1, Ki=51.4, Kd=0.6, Gton=5.72, Gsc=5.59, Gphas=13.83, Kp_prop=0.813, K_gamma_dyn=46.5, K_gamma_stat=95.4Eval CRASHED at 1.12Hz: Kp=79.0, Ki=45.3, Kd=0.4, Gton=3.13, Gsc=0.24, Gphas=16.99, Kp_prop=0.645, K_gamma_dyn=43.9, K_gamma_stat=96.7


--- Generation 17 ---
Eval CRASHED at 1.12Hz: Kp=79.9, Ki=50.3, Kd=4.2, Gton=4.16, Gsc=2.42, Gphas=16.40, Kp_prop=0.365, K_gamma_dyn=42.4, K_gamma_stat=93.2
Eval CRASHED at 1.12Hz: Kp=77.1, Ki=51.9, Kd=0.0, Gton=6.53, Gsc=8.18, Gphas=11.85, Kp_prop=0.627, K_gamma_dyn=43.0, K_gamma_stat=93.8
Eval CRASHED at 1.12Hz: Kp=75.4, Ki=53.2, Kd=6.1, Gton=8.42, Gsc=4.39, Gphas=19.70, Kp_prop=0.427, K_gamma_dyn=43.3, K_gamma_stat=87.0
Eval CRASHED at 1.12Hz: Kp=75.4, Ki=48.3, Kd=1.6, Gton=3.44, Gsc=0.94, Gphas=13.20, Kp_prop=0.099, K_gamma_dyn=43.0, K_gamma_stat=93.1Eval CRASHED at 1.12Hz: Kp=77.7, Ki=50.9, Kd=4.2, Gton=3.84, Gsc=4.82, Gphas=10.57, Kp_prop=0.168, K_gamma_dyn=44.4, K_gamma_stat=87.9

Eval CRASHED at 1.12Hz: Kp=82.3, Ki=52.7, Kd=3.7, Gton=1.53, Gsc=6.37, Gphas=17.77, Kp_prop=0.104, K_gamma_dyn=40.8, K_gamma_stat=87.8Eval CRASHED at 1.12Hz: Kp=79.5, Ki=48.8, Kd=1.4, Gton=3.21, Gsc=6.07, Gphas=13.60, Kp_prop=0.030, K_gamma_dyn=48.6, K_gamma_stat=86.6

Eval CRASHED at 1.12Hz: Kp=78.5, Ki=49.5, Kd=2.6, Gton=6.12, Gsc=6.66, Gphas=17.18, Kp_prop=0.180, K_gamma_dyn=44.3, K_gamma_stat=94.3
Eval CRASHED at 1.12Hz: Kp=81.9, Ki=49.0, Kd=0.0, Gton=3.16, Gsc=1.21, Gphas=14.09, Kp_prop=0.337, K_gamma_dyn=46.3, K_gamma_stat=95.5
Eval CRASHED at 1.12Hz: Kp=76.6, Ki=46.9, Kd=0.1, Gton=4.18, Gsc=0.73, Gphas=16.50, Kp_prop=0.325, K_gamma_dyn=42.6, K_gamma_stat=94.1
Eval CRASHED at 1.12Hz: Kp=79.5, Ki=52.0, Kd=2.8, Gton=3.03, Gsc=2.44, Gphas=13.29, Kp_prop=0.666, K_gamma_dyn=45.8, K_gamma_stat=95.6Eval CRASHED at 1.12Hz: Kp=78.5, Ki=51.5, Kd=2.7, Gton=1.07, Gsc=0.47, Gphas=15.59, Kp_prop=0.864, K_gamma_dyn=41.9, K_gamma_stat=94.6Eval CRASHED at 1.12Hz: Kp=76.9, Ki=53.6, Kd=4.2, Gton=7.55, Gsc=3.10, Gphas=17.23, Kp_prop=0.180, K_gamma_dyn=43.8, K_gamma_stat=90.1

Eval CRASHED at 1.12Hz: Kp=77.5, Ki=51.4, Kd=3.6, Gton=4.53, Gsc=5.66, Gphas=12.57, Kp_prop=0.080, K_gamma_dyn=45.0, K_gamma_stat=90.8


--- Generation 18 ---
Eval CRASHED at 1.12Hz: Kp=76.4, Ki=51.4, Kd=2.7, Gton=5.56, Gsc=3.48, Gphas=16.66, Kp_prop=0.050, K_gamma_dyn=41.0, K_gamma_stat=83.9
Eval CRASHED at 1.12Hz: Kp=76.4, Ki=54.3, Kd=2.7, Gton=1.93, Gsc=4.71, Gphas=12.47, Kp_prop=0.206, K_gamma_dyn=43.2, K_gamma_stat=87.2
Eval CRASHED at 1.12Hz: Kp=81.4, Ki=54.1, Kd=0.2, Gton=3.19, Gsc=1.08, Gphas=16.66, Kp_prop=0.702, K_gamma_dyn=45.8, K_gamma_stat=90.2
Eval CRASHED at 1.12Hz: Kp=81.8, Ki=50.8, Kd=2.5, Gton=2.80, Gsc=0.26, Gphas=16.72, Kp_prop=0.219, K_gamma_dyn=45.1, K_gamma_stat=89.5
Eval CRASHED at 1.12Hz: Kp=78.6, Ki=52.3, Kd=1.9, Gton=4.14, Gsc=1.41, Gphas=13.55, Kp_prop=0.508, K_gamma_dyn=44.7, K_gamma_stat=85.1
Eval CRASHED at 1.12Hz: Kp=76.7, Ki=53.3, Kd=1.1, Gton=1.68, Gsc=3.99, Gphas=14.38, Kp_prop=0.909, K_gamma_dyn=47.9, K_gamma_stat=87.4
Eval CRASHED at 1.12Hz: Kp=80.5, Ki=46.3, Kd=5.9, Gton=5.11, Gsc=0.87, Gphas=17.64, Kp_prop=0.099, K_gamma_dyn=42.6, K_gamma_stat=93.5
Eval CRASHED at 1.12Hz: Kp=77.4, Ki=48.8, Kd=0.3, Gton=6.64, Gsc=2.71, Gphas=15.75, Kp_prop=0.210, K_gamma_dyn=43.0, K_gamma_stat=84.9
Eval CRASHED at 1.12Hz: Kp=78.0, Ki=50.8, Kd=1.7, Gton=2.45, Gsc=4.62, Gphas=12.55, Kp_prop=0.216, K_gamma_dyn=47.4, K_gamma_stat=90.4
Eval CRASHED at 1.12Hz: Kp=77.6, Ki=50.9, Kd=1.1, Gton=5.03, Gsc=3.92, Gphas=13.34, Kp_prop=0.581, K_gamma_dyn=46.2, K_gamma_stat=87.7Eval CRASHED at 1.12Hz: Kp=78.0, Ki=49.9, Kd=4.6, Gton=5.73, Gsc=1.89, Gphas=15.02, Kp_prop=0.828, K_gamma_dyn=43.0, K_gamma_stat=91.9

Eval CRASHED at 1.12Hz: Kp=75.7, Ki=52.3, Kd=6.0, Gton=4.30, Gsc=9.00, Gphas=13.66, Kp_prop=0.461, K_gamma_dyn=46.0, K_gamma_stat=92.9
Eval CRASHED at 1.12Hz: Kp=79.5, Ki=53.3, Kd=2.3, Gton=2.61, Gsc=3.12, Gphas=14.25, Kp_prop=0.851, K_gamma_dyn=44.3, K_gamma_stat=95.6
Eval CRASHED at 1.12Hz: Kp=75.0, Ki=50.0, Kd=1.4, Gton=4.71, Gsc=4.62, Gphas=13.76, Kp_prop=0.290, K_gamma_dyn=50.2, K_gamma_stat=91.3

--- Generation 19 ---
Eval CRASHED at 1.12Hz: Kp=79.0, Ki=50.6, Kd=4.9, Gton=2.77, Gsc=0.53, Gphas=11.55, Kp_prop=0.642, K_gamma_dyn=46.4, K_gamma_stat=95.0
Eval CRASHED at 1.12Hz: Kp=80.3, Ki=51.1, Kd=4.2, Gton=4.06, Gsc=0.33, Gphas=14.08, Kp_prop=0.284, K_gamma_dyn=44.3, K_gamma_stat=93.1
Eval CRASHED at 1.12Hz: Kp=75.2, Ki=53.5, Kd=5.4, Gton=5.45, Gsc=6.24, Gphas=13.46, Kp_prop=0.003, K_gamma_dyn=40.0, K_gamma_stat=88.9
Eval CRASHED at 1.12Hz: Kp=82.5, Ki=53.0, Kd=3.9, Gton=4.69, Gsc=4.19, Gphas=13.76, Kp_prop=0.195, K_gamma_dyn=47.3, K_gamma_stat=90.9Eval CRASHED at 1.12Hz: Kp=77.1, Ki=51.7, Kd=5.5, Gton=2.84, Gsc=2.18, Gphas=15.12, Kp_prop=0.250, K_gamma_dyn=46.1, K_gamma_stat=84.1

Eval CRASHED at 1.12Hz: Kp=77.3, Ki=52.9, Kd=3.0, Gton=4.52, Gsc=2.22, Gphas=17.98, Kp_prop=1.057, K_gamma_dyn=43.8, K_gamma_stat=90.5
Eval CRASHED at 1.12Hz: Kp=82.2, Ki=51.5, Kd=2.2, Gton=4.45, Gsc=1.61, Gphas=19.98, Kp_prop=1.325, K_gamma_dyn=45.7, K_gamma_stat=90.3Eval CRASHED at 1.12Hz: Kp=76.5, Ki=54.8, Kd=5.2, Gton=0.68, Gsc=3.18, Gphas=14.76, Kp_prop=1.284, K_gamma_dyn=46.9, K_gamma_stat=95.7

Eval CRASHED at 1.12Hz: Kp=77.7, Ki=50.6, Kd=1.5, Gton=2.81, Gsc=0.64, Gphas=19.87, Kp_prop=0.709, K_gamma_dyn=45.4, K_gamma_stat=89.7
Eval CRASHED at 1.12Hz: Kp=78.4, Ki=55.7, Kd=0.6, Gton=6.57, Gsc=5.35, Gphas=17.50, Kp_prop=0.013, K_gamma_dyn=43.4, K_gamma_stat=85.5
Eval CRASHED at 1.12Hz: Kp=78.0, Ki=49.3, Kd=3.6, Gton=3.53, Gsc=0.31, Gphas=10.75, Kp_prop=0.635, K_gamma_dyn=43.2, K_gamma_stat=92.7
Eval CRASHED at 1.12Hz: Kp=78.9, Ki=56.7, Kd=4.0, Gton=2.82, Gsc=5.56, Gphas=19.41, Kp_prop=1.023, K_gamma_dyn=45.1, K_gamma_stat=98.1Eval CRASHED at 1.12Hz: Kp=80.5, Ki=53.5, Kd=4.4, Gton=1.59, Gsc=5.69, Gphas=13.94, Kp_prop=0.966, K_gamma_dyn=46.0, K_gamma_stat=93.0
Eval CRASHED at 1.12Hz: Kp=80.5, Ki=50.9, Kd=4.7, Gton=5.26, Gsc=5.06, Gphas=13.93, Kp_prop=0.545, K_gamma_dyn=44.7, K_gamma_stat=89.2


--- Generation 20 ---
Eval CRASHED at 1.12Hz: Kp=80.2, Ki=51.1, Kd=0.8, Gton=8.26, Gsc=5.16, Gphas=15.12, Kp_prop=0.590, K_gamma_dyn=46.2, K_gamma_stat=90.8
Eval CRASHED at 1.12Hz: Kp=81.2, Ki=50.8, Kd=2.3, Gton=0.52, Gsc=1.91, Gphas=14.53, Kp_prop=0.638, K_gamma_dyn=43.9, K_gamma_stat=91.4Eval CRASHED at 1.12Hz: Kp=79.5, Ki=52.6, Kd=3.3, Gton=7.64, Gsc=7.53, Gphas=16.53, Kp_prop=0.395, K_gamma_dyn=43.5, K_gamma_stat=84.7Eval CRASHED at 1.12Hz: Kp=76.5, Ki=51.4, Kd=1.6, Gton=5.39, Gsc=6.48, Gphas=14.55, Kp_prop=0.646, K_gamma_dyn=45.7, K_gamma_stat=95.5


Eval CRASHED at 1.12Hz: Kp=77.7, Ki=52.1, Kd=1.2, Gton=4.28, Gsc=0.52, Gphas=16.56, Kp_prop=0.686, K_gamma_dyn=45.4, K_gamma_stat=85.1Eval CRASHED at 1.12Hz: Kp=85.6, Ki=50.9, Kd=2.9, Gton=3.39, Gsc=3.46, Gphas=15.43, Kp_prop=0.116, K_gamma_dyn=44.7, K_gamma_stat=90.6
Eval CRASHED at 1.12Hz: Kp=79.7, Ki=50.7, Kd=6.1, Gton=5.97, Gsc=5.10, Gphas=14.18, Kp_prop=0.511, K_gamma_dyn=43.9, K_gamma_stat=87.6

Eval CRASHED at 1.12Hz: Kp=75.4, Ki=55.5, Kd=4.5, Gton=5.95, Gsc=5.06, Gphas=12.97, Kp_prop=0.608, K_gamma_dyn=47.0, K_gamma_stat=88.6
Eval CRASHED at 1.12Hz: Kp=74.0, Ki=52.7, Kd=3.3, Gton=4.19, Gsc=8.91, Gphas=13.30, Kp_prop=0.204, K_gamma_dyn=44.0, K_gamma_stat=88.0
Eval CRASHED at 1.12Hz: Kp=81.1, Ki=51.2, Kd=3.8, Gton=3.83, Gsc=3.58, Gphas=9.56, Kp_prop=0.040, K_gamma_dyn=41.2, K_gamma_stat=87.3
Eval CRASHED at 1.12Hz: Kp=82.9, Ki=49.9, Kd=10.9, Gton=4.87, Gsc=1.91, Gphas=9.56, Kp_prop=0.019, K_gamma_dyn=40.7, K_gamma_stat=100.0
Eval CRASHED at 1.12Hz: Kp=83.3, Ki=53.9, Kd=8.4, Gton=1.49, Gsc=0.98, Gphas=12.24, Kp_prop=0.539, K_gamma_dyn=46.5, K_gamma_stat=95.4
Eval CRASHED at 1.12Hz: Kp=79.8, Ki=54.0, Kd=3.9, Gton=2.38, Gsc=2.03, Gphas=12.31, Kp_prop=0.612, K_gamma_dyn=46.9, K_gamma_stat=90.0Eval CRASHED at 1.12Hz: Kp=81.0, Ki=51.6, Kd=7.5, Gton=0.11, Gsc=4.13, Gphas=15.37, Kp_prop=0.677, K_gamma_dyn=45.7, K_gamma_stat=87.5


--- Generation 21 ---
Eval CRASHED at 1.12Hz: Kp=76.4, Ki=50.7, Kd=3.6, Gton=5.22, Gsc=2.55, Gphas=17.02, Kp_prop=0.280, K_gamma_dyn=43.9, K_gamma_stat=88.0
Eval CRASHED at 1.12Hz: Kp=79.0, Ki=56.1, Kd=12.6, Gton=8.33, Gsc=9.50, Gphas=9.72, Kp_prop=0.840, K_gamma_dyn=43.7, K_gamma_stat=90.7
Eval CRASHED at 1.12Hz: Kp=75.9, Ki=54.8, Kd=0.6, Gton=3.62, Gsc=4.80, Gphas=19.25, Kp_prop=0.795, K_gamma_dyn=44.5, K_gamma_stat=87.5
Eval CRASHED at 1.12Hz: Kp=77.5, Ki=49.0, Kd=7.0, Gton=4.14, Gsc=4.91, Gphas=8.98, Kp_prop=0.434, K_gamma_dyn=45.8, K_gamma_stat=87.8
Eval CRASHED at 1.12Hz: Kp=77.3, Ki=50.9, Kd=0.8, Gton=3.83, Gsc=3.31, Gphas=17.61, Kp_prop=0.590, K_gamma_dyn=47.4, K_gamma_stat=90.5Eval CRASHED at 1.12Hz: Kp=82.3, Ki=56.5, Kd=8.7, Gton=1.25, Gsc=6.23, Gphas=10.48, Kp_prop=0.840, K_gamma_dyn=48.3, K_gamma_stat=90.6Eval CRASHED at 1.12Hz: Kp=83.9, Ki=53.7, Kd=6.5, Gton=0.63, Gsc=3.99, Gphas=11.90, Kp_prop=0.344, K_gamma_dyn=48.4, K_gamma_stat=88.5


Eval CRASHED at 1.12Hz: Kp=79.2, Ki=52.3, Kd=1.5, Gton=3.86, Gsc=3.81, Gphas=17.08, Kp_prop=0.164, K_gamma_dyn=43.2, K_gamma_stat=82.9Eval CRASHED at 1.12Hz: Kp=79.0, Ki=52.5, Kd=4.5, Gton=4.63, Gsc=5.07, Gphas=12.64, Kp_prop=0.131, K_gamma_dyn=48.2, K_gamma_stat=83.1Eval CRASHED at 1.12Hz: Kp=77.3, Ki=51.4, Kd=4.6, Gton=2.34, Gsc=4.00, Gphas=13.68, Kp_prop=0.669, K_gamma_dyn=46.3, K_gamma_stat=86.5Eval CRASHED at 1.12Hz: Kp=81.1, Ki=50.6, Kd=6.4, Gton=2.61, Gsc=1.89, Gphas=13.00, Kp_prop=0.265, K_gamma_dyn=42.5, K_gamma_stat=90.0Eval CRASHED at 1.12Hz: Kp=80.8, Ki=56.8, Kd=4.4, Gton=1.54, Gsc=5.01, Gphas=13.86, Kp_prop=0.589, K_gamma_dyn=45.7, K_gamma_stat=88.1
Eval CRASHED at 1.12Hz: Kp=76.9, Ki=49.6, Kd=2.6, Gton=2.44, Gsc=2.24, Gphas=12.32, Kp_prop=0.926, K_gamma_dyn=48.0, K_gamma_stat=90.9




Eval CRASHED at 1.12Hz: Kp=76.7, Ki=49.9, Kd=3.9, Gton=2.01, Gsc=6.52, Gphas=13.30, Kp_prop=0.492, K_gamma_dyn=44.7, K_gamma_stat=87.2

--- Generation 22 ---
Eval CRASHED at 1.12Hz: Kp=79.2, Ki=53.9, Kd=4.6, Gton=4.14, Gsc=5.67, Gphas=13.60, Kp_prop=0.289, K_gamma_dyn=45.7, K_gamma_stat=85.5
Eval CRASHED at 1.12Hz: Kp=76.6, Ki=52.9, Kd=1.3, Gton=6.38, Gsc=5.25, Gphas=15.23, Kp_prop=0.528, K_gamma_dyn=43.7, K_gamma_stat=78.6
Eval CRASHED at 1.12Hz: Kp=80.6, Ki=56.5, Kd=3.3, Gton=2.04, Gsc=4.63, Gphas=16.91, Kp_prop=0.355, K_gamma_dyn=41.9, K_gamma_stat=85.9
Eval CRASHED at 1.12Hz: Kp=76.6, Ki=52.5, Kd=1.9, Gton=3.77, Gsc=1.20, Gphas=15.15, Kp_prop=0.755, K_gamma_dyn=44.1, K_gamma_stat=86.6
Eval CRASHED at 1.12Hz: Kp=78.9, Ki=50.3, Kd=3.4, Gton=0.50, Gsc=0.91, Gphas=14.73, Kp_prop=0.307, K_gamma_dyn=46.2, K_gamma_stat=85.7Eval CRASHED at 1.12Hz: Kp=74.7, Ki=48.8, Kd=1.6, Gton=3.34, Gsc=7.54, Gphas=14.61, Kp_prop=0.189, K_gamma_dyn=45.3, K_gamma_stat=85.4Eval CRASHED at 1.12Hz: Kp=79.9, Ki=56.0, Kd=6.8, Gton=2.79, Gsc=5.56, Gphas=8.57, Kp_prop=0.608, K_gamma_dyn=45.9, K_gamma_stat=90.8


Eval CRASHED at 1.12Hz: Kp=78.2, Ki=51.6, Kd=4.6, Gton=1.18, Gsc=5.84, Gphas=14.38, Kp_prop=0.612, K_gamma_dyn=44.9, K_gamma_stat=86.5
Eval CRASHED at 1.12Hz: Kp=75.8, Ki=48.0, Kd=0.2, Gton=2.07, Gsc=10.51, Gphas=15.75, Kp_prop=0.039, K_gamma_dyn=41.3, K_gamma_stat=87.3Eval CRASHED at 1.12Hz: Kp=74.2, Ki=50.5, Kd=7.4, Gton=4.21, Gsc=8.13, Gphas=11.22, Kp_prop=0.516, K_gamma_dyn=46.1, K_gamma_stat=93.7

Eval CRASHED at 1.12Hz: Kp=80.4, Ki=50.4, Kd=2.3, Gton=0.53, Gsc=4.64, Gphas=10.72, Kp_prop=0.022, K_gamma_dyn=44.4, K_gamma_stat=84.4
Eval CRASHED at 1.12Hz: Kp=81.5, Ki=52.4, Kd=6.2, Gton=3.14, Gsc=4.64, Gphas=13.50, Kp_prop=0.492, K_gamma_dyn=45.1, K_gamma_stat=81.4Eval CRASHED at 1.12Hz: Kp=77.1, Ki=49.7, Kd=4.3, Gton=2.92, Gsc=9.73, Gphas=12.16, Kp_prop=0.582, K_gamma_dyn=41.1, K_gamma_stat=87.2

Eval CRASHED at 1.12Hz: Kp=78.3, Ki=50.9, Kd=2.2, Gton=1.66, Gsc=5.13, Gphas=14.73, Kp_prop=0.553, K_gamma_dyn=43.6, K_gamma_stat=86.7

--- Generation 23 ---
Eval CRASHED at 1.12Hz: Kp=78.4, Ki=48.3, Kd=0.7, Gton=3.24, Gsc=6.86, Gphas=10.36, Kp_prop=0.003, K_gamma_dyn=42.9, K_gamma_stat=84.9
Eval CRASHED at 1.12Hz: Kp=75.7, Ki=53.4, Kd=0.8, Gton=7.99, Gsc=9.63, Gphas=13.78, Kp_prop=0.317, K_gamma_dyn=46.4, K_gamma_stat=84.8
Eval CRASHED at 1.12Hz: Kp=76.9, Ki=49.4, Kd=7.0, Gton=3.39, Gsc=4.93, Gphas=11.58, Kp_prop=0.178, K_gamma_dyn=43.5, K_gamma_stat=83.5Eval CRASHED at 1.12Hz: Kp=75.7, Ki=48.3, Kd=0.2, Gton=6.25, Gsc=10.18, Gphas=13.69, Kp_prop=0.265, K_gamma_dyn=41.8, K_gamma_stat=83.9

Eval CRASHED at 1.12Hz: Kp=74.0, Ki=51.7, Kd=2.1, Gton=3.60, Gsc=8.50, Gphas=12.25, Kp_prop=0.185, K_gamma_dyn=42.0, K_gamma_stat=82.4
Eval CRASHED at 1.12Hz: Kp=78.1, Ki=52.7, Kd=0.9, Gton=5.60, Gsc=9.16, Gphas=16.81, Kp_prop=0.627, K_gamma_dyn=42.4, K_gamma_stat=87.7
Eval CRASHED at 1.12Hz: Kp=75.8, Ki=47.4, Kd=2.1, Gton=3.68, Gsc=4.18, Gphas=12.97, Kp_prop=0.017, K_gamma_dyn=41.6, K_gamma_stat=87.1Eval CRASHED at 1.12Hz: Kp=80.5, Ki=53.1, Kd=0.5, Gton=3.92, Gsc=6.20, Gphas=18.62, Kp_prop=0.550, K_gamma_dyn=46.2, K_gamma_stat=82.7

Eval CRASHED at 1.12Hz: Kp=75.9, Ki=48.4, Kd=3.7, Gton=2.58, Gsc=6.62, Gphas=11.86, Kp_prop=0.902, K_gamma_dyn=44.7, K_gamma_stat=87.3
Eval CRASHED at 1.12Hz: Kp=81.1, Ki=49.5, Kd=7.9, Gton=1.97, Gsc=6.80, Gphas=9.09, Kp_prop=0.000, K_gamma_dyn=50.0, K_gamma_stat=88.4
Eval CRASHED at 1.12Hz: Kp=77.5, Ki=48.9, Kd=4.0, Gton=1.35, Gsc=8.96, Gphas=14.20, Kp_prop=0.176, K_gamma_dyn=44.7, K_gamma_stat=83.5
Eval CRASHED at 1.12Hz: Kp=77.3, Ki=49.7, Kd=4.3, Gton=2.70, Gsc=6.32, Gphas=10.19, Kp_prop=0.008, K_gamma_dyn=45.5, K_gamma_stat=83.8
Eval CRASHED at 1.12Hz: Kp=76.2, Ki=50.8, Kd=2.6, Gton=0.57, Gsc=7.49, Gphas=9.98, Kp_prop=0.004, K_gamma_dyn=45.7, K_gamma_stat=87.3
Eval CRASHED at 1.12Hz: Kp=79.2, Ki=55.2, Kd=8.3, Gton=3.31, Gsc=6.05, Gphas=14.12, Kp_prop=0.456, K_gamma_dyn=46.4, K_gamma_stat=88.6

--- Generation 24 ---
Eval CRASHED at 1.12Hz: Kp=77.2, Ki=54.9, Kd=0.5, Gton=3.93, Gsc=10.23, Gphas=15.00, Kp_prop=0.515, K_gamma_dyn=41.2, K_gamma_stat=85.7
Eval CRASHED at 1.12Hz: Kp=72.6, Ki=48.5, Kd=1.5, Gton=3.82, Gsc=9.88, Gphas=14.38, Kp_prop=0.119, K_gamma_dyn=40.4, K_gamma_stat=87.3
Eval CRASHED at 1.12Hz: Kp=78.7, Ki=52.3, Kd=1.9, Gton=5.58, Gsc=7.73, Gphas=11.49, Kp_prop=0.106, K_gamma_dyn=43.2, K_gamma_stat=82.4Eval CRASHED at 1.12Hz: Kp=74.9, Ki=51.8, Kd=5.2, Gton=3.25, Gsc=8.39, Gphas=12.99, Kp_prop=0.648, K_gamma_dyn=45.8, K_gamma_stat=84.6

Eval CRASHED at 1.12Hz: Kp=76.0, Ki=52.1, Kd=6.7, Gton=5.35, Gsc=6.16, Gphas=9.56, Kp_prop=0.085, K_gamma_dyn=42.9, K_gamma_stat=87.6Eval CRASHED at 1.12Hz: Kp=76.3, Ki=52.0, Kd=1.3, Gton=2.72, Gsc=7.39, Gphas=17.18, Kp_prop=0.322, K_gamma_dyn=47.8, K_gamma_stat=84.2

Eval CRASHED at 1.12Hz: Kp=76.0, Ki=50.0, Kd=2.0, Gton=1.08, Gsc=6.78, Gphas=9.40, Kp_prop=0.353, K_gamma_dyn=42.4, K_gamma_stat=83.5
Eval CRASHED at 1.12Hz: Kp=81.4, Ki=51.0, Kd=3.5, Gton=0.76, Gsc=4.61, Gphas=14.30, Kp_prop=0.322, K_gamma_dyn=45.5, K_gamma_stat=86.9
Eval CRASHED at 1.12Hz: Kp=80.9, Ki=53.4, Kd=1.4, Gton=4.90, Gsc=6.07, Gphas=14.96, Kp_prop=0.554, K_gamma_dyn=45.7, K_gamma_stat=89.3
Eval CRASHED at 1.12Hz: Kp=78.2, Ki=53.9, Kd=1.0, Gton=5.55, Gsc=4.19, Gphas=15.92, Kp_prop=0.918, K_gamma_dyn=42.0, K_gamma_stat=91.3
Eval CRASHED at 1.12Hz: Kp=77.5, Ki=51.7, Kd=5.5, Gton=4.06, Gsc=4.29, Gphas=11.21, Kp_prop=0.055, K_gamma_dyn=48.1, K_gamma_stat=86.5
Eval CRASHED at 1.12Hz: Kp=75.4, Ki=49.1, Kd=4.5, Gton=3.84, Gsc=6.04, Gphas=10.47, Kp_prop=0.298, K_gamma_dyn=44.9, K_gamma_stat=84.2Eval CRASHED at 1.12Hz: Kp=77.2, Ki=51.7, Kd=6.9, Gton=2.04, Gsc=9.74, Gphas=9.11, Kp_prop=0.209, K_gamma_dyn=44.8, K_gamma_stat=84.3

Eval CRASHED at 1.12Hz: Kp=77.8, Ki=46.4, Kd=1.1, Gton=0.26, Gsc=7.53, Gphas=11.90, Kp_prop=0.000, K_gamma_dyn=42.7, K_gamma_stat=86.5

--- Generation 25 ---
Eval CRASHED at 1.12Hz: Kp=78.2, Ki=50.3, Kd=1.2, Gton=2.52, Gsc=10.36, Gphas=11.50, Kp_prop=0.128, K_gamma_dyn=44.3, K_gamma_stat=80.3
Eval CRASHED at 1.12Hz: Kp=76.6, Ki=48.2, Kd=2.7, Gton=4.55, Gsc=8.75, Gphas=12.45, Kp_prop=0.336, K_gamma_dyn=43.5, K_gamma_stat=87.7
Eval CRASHED at 1.12Hz: Kp=76.8, Ki=51.0, Kd=2.4, Gton=2.22, Gsc=3.79, Gphas=16.92, Kp_prop=0.208, K_gamma_dyn=40.3, K_gamma_stat=87.5
Eval CRASHED at 1.12Hz: Kp=81.4, Ki=50.9, Kd=4.5, Gton=1.40, Gsc=8.60, Gphas=9.81, Kp_prop=0.096, K_gamma_dyn=48.4, K_gamma_stat=82.3
Eval CRASHED at 1.12Hz: Kp=78.5, Ki=51.4, Kd=3.2, Gton=2.01, Gsc=6.18, Gphas=11.90, Kp_prop=0.235, K_gamma_dyn=47.5, K_gamma_stat=83.9Eval CRASHED at 1.12Hz: Kp=80.7, Ki=50.9, Kd=1.7, Gton=1.60, Gsc=4.38, Gphas=12.45, Kp_prop=0.388, K_gamma_dyn=43.8, K_gamma_stat=83.9Eval CRASHED at 1.12Hz: Kp=76.1, Ki=51.8, Kd=0.4, Gton=1.37, Gsc=4.10, Gphas=11.17, Kp_prop=0.240, K_gamma_dyn=43.1, K_gamma_stat=89.4
Eval CRASHED at 1.12Hz: Kp=77.1, Ki=47.3, Kd=2.3, Gton=1.00, Gsc=5.58, Gphas=11.00, Kp_prop=0.191, K_gamma_dyn=41.4, K_gamma_stat=84.8


Eval CRASHED at 1.12Hz: Kp=77.0, Ki=49.2, Kd=0.5, Gton=2.97, Gsc=9.61, Gphas=8.29, Kp_prop=0.267, K_gamma_dyn=42.7, K_gamma_stat=85.1Eval CRASHED at 1.12Hz: Kp=81.3, Ki=50.1, Kd=0.2, Gton=1.45, Gsc=5.42, Gphas=16.52, Kp_prop=0.332, K_gamma_dyn=42.6, K_gamma_stat=85.1

Eval CRASHED at 1.12Hz: Kp=76.7, Ki=50.4, Kd=0.6, Gton=4.53, Gsc=5.09, Gphas=15.44, Kp_prop=0.417, K_gamma_dyn=44.7, K_gamma_stat=87.0Eval CRASHED at 1.12Hz: Kp=74.0, Ki=49.3, Kd=0.1, Gton=4.62, Gsc=5.23, Gphas=12.43, Kp_prop=0.269, K_gamma_dyn=44.4, K_gamma_stat=85.4
Eval CRASHED at 1.12Hz: Kp=76.3, Ki=49.9, Kd=2.8, Gton=3.18, Gsc=10.27, Gphas=16.62, Kp_prop=0.140, K_gamma_dyn=43.8, K_gamma_stat=82.3Eval CRASHED at 1.12Hz: Kp=76.5, Ki=51.2, Kd=3.0, Gton=5.63, Gsc=8.28, Gphas=14.13, Kp_prop=0.230, K_gamma_dyn=46.7, K_gamma_stat=88.2



--- Generation 26 ---
Eval CRASHED at 1.12Hz: Kp=82.6, Ki=53.4, Kd=0.6, Gton=0.36, Gsc=2.95, Gphas=17.10, Kp_prop=0.522, K_gamma_dyn=43.8, K_gamma_stat=92.2
Eval CRASHED at 1.12Hz: Kp=80.7, Ki=52.2, Kd=1.3, Gton=5.51, Gsc=1.41, Gphas=16.99, Kp_prop=0.345, K_gamma_dyn=42.3, K_gamma_stat=90.3
Eval CRASHED at 1.12Hz: Kp=80.7, Ki=49.7, Kd=4.6, Gton=0.26, Gsc=2.37, Gphas=18.78, Kp_prop=0.207, K_gamma_dyn=42.3, K_gamma_stat=81.1
Eval CRASHED at 1.12Hz: Kp=79.7, Ki=52.7, Kd=0.2, Gton=3.69, Gsc=3.77, Gphas=18.07, Kp_prop=0.061, K_gamma_dyn=44.6, K_gamma_stat=82.9
Eval CRASHED at 1.12Hz: Kp=81.6, Ki=50.6, Kd=0.6, Gton=1.80, Gsc=2.98, Gphas=14.30, Kp_prop=0.471, K_gamma_dyn=42.5, K_gamma_stat=89.9
Eval CRASHED at 1.12Hz: Kp=81.6, Ki=47.7, Kd=3.5, Gton=2.55, Gsc=7.98, Gphas=12.48, Kp_prop=0.292, K_gamma_dyn=41.0, K_gamma_stat=85.9Eval CRASHED at 1.12Hz: Kp=76.5, Ki=47.8, Kd=2.0, Gton=0.12, Gsc=9.21, Gphas=9.23, Kp_prop=0.036, K_gamma_dyn=44.0, K_gamma_stat=86.5

Eval CRASHED at 1.12Hz: Kp=80.8, Ki=49.8, Kd=0.0, Gton=2.28, Gsc=0.47, Gphas=14.72, Kp_prop=0.047, K_gamma_dyn=46.3, K_gamma_stat=90.4
Eval CRASHED at 1.12Hz: Kp=81.5, Ki=49.6, Kd=1.3, Gton=0.48, Gsc=4.49, Gphas=11.96, Kp_prop=0.001, K_gamma_dyn=43.4, K_gamma_stat=86.4
Eval CRASHED at 1.12Hz: Kp=79.0, Ki=52.2, Kd=1.7, Gton=0.76, Gsc=4.23, Gphas=15.62, Kp_prop=0.001, K_gamma_dyn=43.7, K_gamma_stat=83.2
Eval CRASHED at 1.12Hz: Kp=77.4, Ki=49.3, Kd=0.3, Gton=4.42, Gsc=7.40, Gphas=14.86, Kp_prop=0.000, K_gamma_dyn=43.0, K_gamma_stat=90.8Eval CRASHED at 1.12Hz: Kp=78.9, Ki=48.6, Kd=8.4, Gton=0.27, Gsc=5.14, Gphas=19.05, Kp_prop=0.196, K_gamma_dyn=44.0, K_gamma_stat=81.8Eval CRASHED at 1.12Hz: Kp=75.8, Ki=50.5, Kd=7.0, Gton=2.27, Gsc=6.50, Gphas=18.55, Kp_prop=0.011, K_gamma_dyn=42.3, K_gamma_stat=82.2


Eval CRASHED at 1.12Hz: Kp=77.7, Ki=48.4, Kd=4.5, Gton=3.34, Gsc=5.67, Gphas=12.87, Kp_prop=0.018, K_gamma_dyn=42.4, K_gamma_stat=87.2

--- Generation 27 ---
Eval CRASHED at 1.12Hz: Kp=78.3, Ki=51.8, Kd=6.9, Gton=3.86, Gsc=5.56, Gphas=19.68, Kp_prop=0.287, K_gamma_dyn=41.8, K_gamma_stat=81.4
Eval CRASHED at 1.12Hz: Kp=80.5, Ki=50.5, Kd=0.8, Gton=0.51, Gsc=2.66, Gphas=16.60, Kp_prop=0.372, K_gamma_dyn=41.8, K_gamma_stat=92.4
Eval CRASHED at 1.12Hz: Kp=80.6, Ki=48.1, Kd=4.9, Gton=0.10, Gsc=3.68, Gphas=19.99, Kp_prop=0.230, K_gamma_dyn=44.0, K_gamma_stat=84.1
Eval CRASHED at 1.12Hz: Kp=85.5, Ki=52.5, Kd=10.8, Gton=2.61, Gsc=1.09, Gphas=19.46, Kp_prop=0.275, K_gamma_dyn=42.9, K_gamma_stat=90.9Eval CRASHED at 1.12Hz: Kp=80.5, Ki=51.6, Kd=2.7, Gton=4.93, Gsc=6.02, Gphas=10.93, Kp_prop=0.472, K_gamma_dyn=42.5, K_gamma_stat=84.7Eval CRASHED at 1.12Hz: Kp=77.8, Ki=48.8, Kd=2.3, Gton=2.54, Gsc=5.43, Gphas=14.26, Kp_prop=0.451, K_gamma_dyn=47.1, K_gamma_stat=84.1
Eval CRASHED at 1.12Hz: Kp=80.4, Ki=49.1, Kd=2.6, Gton=6.04, Gsc=3.58, Gphas=19.87, Kp_prop=0.204, K_gamma_dyn=46.9, K_gamma_stat=84.5

Eval CRASHED at 1.12Hz: Kp=78.0, Ki=50.2, Kd=0.2, Gton=1.84, Gsc=3.42, Gphas=15.53, Kp_prop=0.326, K_gamma_dyn=44.5, K_gamma_stat=88.8

Eval CRASHED at 1.12Hz: Kp=77.5, Ki=52.3, Kd=3.2, Gton=5.72, Gsc=1.67, Gphas=17.04, Kp_prop=0.090, K_gamma_dyn=41.1, K_gamma_stat=87.7Eval CRASHED at 1.12Hz: Kp=76.6, Ki=47.2, Kd=0.7, Gton=1.39, Gsc=6.22, Gphas=14.95, Kp_prop=0.417, K_gamma_dyn=44.7, K_gamma_stat=82.2

Eval CRASHED at 1.12Hz: Kp=77.3, Ki=51.4, Kd=0.0, Gton=3.78, Gsc=7.45, Gphas=13.73, Kp_prop=0.090, K_gamma_dyn=43.7, K_gamma_stat=88.2Eval CRASHED at 1.12Hz: Kp=79.0, Ki=50.6, Kd=0.2, Gton=4.33, Gsc=3.02, Gphas=17.83, Kp_prop=0.210, K_gamma_dyn=40.8, K_gamma_stat=87.0

Eval CRASHED at 1.12Hz: Kp=78.3, Ki=49.9, Kd=1.8, Gton=2.42, Gsc=3.57, Gphas=17.20, Kp_prop=0.775, K_gamma_dyn=43.9, K_gamma_stat=91.4Eval CRASHED at 1.12Hz: Kp=84.4, Ki=46.3, Kd=3.9, Gton=0.19, Gsc=0.29, Gphas=16.24, Kp_prop=0.406, K_gamma_dyn=45.9, K_gamma_stat=90.1


--- Generation 28 ---
Eval CRASHED at 1.12Hz: Kp=76.4, Ki=50.8, Kd=0.4, Gton=5.28, Gsc=5.00, Gphas=15.39, Kp_prop=0.180, K_gamma_dyn=42.9, K_gamma_stat=87.9
Eval CRASHED at 1.12Hz: Kp=78.6, Ki=52.3, Kd=2.6, Gton=3.58, Gsc=3.72, Gphas=18.21, Kp_prop=0.212, K_gamma_dyn=43.5, K_gamma_stat=89.3
Eval CRASHED at 1.12Hz: Kp=80.0, Ki=51.0, Kd=3.1, Gton=2.35, Gsc=2.69, Gphas=15.53, Kp_prop=0.196, K_gamma_dyn=42.7, K_gamma_stat=86.9Eval CRASHED at 1.12Hz: Kp=78.4, Ki=52.6, Kd=0.1, Gton=4.50, Gsc=6.23, Gphas=10.51, Kp_prop=0.289, K_gamma_dyn=43.7, K_gamma_stat=88.2

Eval CRASHED at 1.12Hz: Kp=76.7, Ki=50.2, Kd=8.0, Gton=0.10, Gsc=5.01, Gphas=14.58, Kp_prop=0.208, K_gamma_dyn=40.9, K_gamma_stat=91.0
Eval CRASHED at 1.12Hz: Kp=77.9, Ki=48.8, Kd=5.9, Gton=3.94, Gsc=3.72, Gphas=18.82, Kp_prop=0.187, K_gamma_dyn=41.0, K_gamma_stat=86.2
Eval CRASHED at 1.12Hz: Kp=77.9, Ki=52.0, Kd=0.2, Gton=7.32, Gsc=5.26, Gphas=14.81, Kp_prop=0.685, K_gamma_dyn=46.7, K_gamma_stat=86.8Eval CRASHED at 1.12Hz: Kp=83.1, Ki=47.6, Kd=5.3, Gton=2.24, Gsc=1.94, Gphas=16.05, Kp_prop=0.096, K_gamma_dyn=41.1, K_gamma_stat=88.9

Eval CRASHED at 1.12Hz: Kp=78.7, Ki=50.9, Kd=0.1, Gton=2.78, Gsc=4.08, Gphas=14.34, Kp_prop=0.187, K_gamma_dyn=41.0, K_gamma_stat=84.5
Eval CRASHED at 1.12Hz: Kp=77.9, Ki=50.1, Kd=0.0, Gton=6.20, Gsc=3.57, Gphas=15.61, Kp_prop=0.369, K_gamma_dyn=43.6, K_gamma_stat=88.6
Eval CRASHED at 1.12Hz: Kp=80.7, Ki=50.0, Kd=3.1, Gton=2.54, Gsc=1.88, Gphas=16.98, Kp_prop=0.324, K_gamma_dyn=43.0, K_gamma_stat=81.2
Eval CRASHED at 1.12Hz: Kp=79.8, Ki=53.1, Kd=5.3, Gton=6.57, Gsc=6.80, Gphas=16.05, Kp_prop=0.200, K_gamma_dyn=44.6, K_gamma_stat=88.2
Eval CRASHED at 1.12Hz: Kp=78.6, Ki=49.0, Kd=0.9, Gton=1.63, Gsc=0.53, Gphas=15.22, Kp_prop=0.405, K_gamma_dyn=44.8, K_gamma_stat=90.2
Eval CRASHED at 1.12Hz: Kp=78.8, Ki=45.9, Kd=3.2, Gton=2.14, Gsc=2.48, Gphas=15.38, Kp_prop=0.290, K_gamma_dyn=39.3, K_gamma_stat=89.8

--- Generation 29 ---
Eval CRASHED at 1.12Hz: Kp=75.8, Ki=52.0, Kd=5.2, Gton=3.65, Gsc=5.67, Gphas=14.42, Kp_prop=0.047, K_gamma_dyn=42.9, K_gamma_stat=88.1Eval CRASHED at 1.12Hz: Kp=75.6, Ki=51.0, Kd=2.2, Gton=0.47, Gsc=1.74, Gphas=15.44, Kp_prop=0.234, K_gamma_dyn=41.3, K_gamma_stat=91.1

Eval CRASHED at 1.12Hz: Kp=78.3, Ki=50.0, Kd=1.6, Gton=2.38, Gsc=6.15, Gphas=13.88, Kp_prop=0.206, K_gamma_dyn=40.3, K_gamma_stat=85.7
Eval CRASHED at 1.12Hz: Kp=77.6, Ki=52.2, Kd=1.7, Gton=1.23, Gsc=0.21, Gphas=17.39, Kp_prop=0.601, K_gamma_dyn=43.0, K_gamma_stat=94.4
Eval CRASHED at 1.12Hz: Kp=77.2, Ki=53.5, Kd=4.3, Gton=1.34, Gsc=1.06, Gphas=17.62, Kp_prop=0.485, K_gamma_dyn=43.0, K_gamma_stat=88.8
Eval CRASHED at 1.12Hz: Kp=75.1, Ki=50.4, Kd=1.0, Gton=2.32, Gsc=5.10, Gphas=15.07, Kp_prop=0.039, K_gamma_dyn=41.9, K_gamma_stat=89.6
Eval CRASHED at 1.12Hz: Kp=77.0, Ki=50.3, Kd=2.9, Gton=0.50, Gsc=3.47, Gphas=11.13, Kp_prop=0.136, K_gamma_dyn=48.5, K_gamma_stat=91.2Eval CRASHED at 1.12Hz: Kp=74.8, Ki=51.4, Kd=1.9, Gton=3.09, Gsc=0.48, Gphas=14.67, Kp_prop=0.121, K_gamma_dyn=46.3, K_gamma_stat=86.5

Eval CRASHED at 1.12Hz: Kp=77.2, Ki=50.9, Kd=5.7, Gton=5.36, Gsc=8.72, Gphas=16.16, Kp_prop=0.174, K_gamma_dyn=42.2, K_gamma_stat=90.7
Eval CRASHED at 1.12Hz: Kp=77.7, Ki=52.0, Kd=4.5, Gton=0.10, Gsc=1.72, Gphas=16.98, Kp_prop=0.193, K_gamma_dyn=47.3, K_gamma_stat=91.2
Eval CRASHED at 1.12Hz: Kp=78.7, Ki=50.5, Kd=3.9, Gton=0.33, Gsc=5.35, Gphas=15.33, Kp_prop=0.222, K_gamma_dyn=41.4, K_gamma_stat=86.9Eval CRASHED at 1.12Hz: Kp=79.9, Ki=50.3, Kd=1.1, Gton=3.98, Gsc=2.01, Gphas=15.11, Kp_prop=0.468, K_gamma_dyn=42.8, K_gamma_stat=95.0

Eval CRASHED at 1.12Hz: Kp=75.4, Ki=49.2, Kd=1.6, Gton=2.85, Gsc=3.53, Gphas=15.09, Kp_prop=0.000, K_gamma_dyn=42.5, K_gamma_stat=91.9
Eval CRASHED at 1.12Hz: Kp=78.5, Ki=50.3, Kd=0.9, Gton=0.77, Gsc=3.27, Gphas=18.32, Kp_prop=0.470, K_gamma_dyn=42.6, K_gamma_stat=85.1

--- Generation 30 ---
Eval CRASHED at 1.12Hz: Kp=74.9, Ki=51.4, Kd=2.7, Gton=2.84, Gsc=1.36, Gphas=12.86, Kp_prop=0.832, K_gamma_dyn=45.7, K_gamma_stat=97.5
Eval CRASHED at 1.12Hz: Kp=78.2, Ki=50.0, Kd=3.9, Gton=1.20, Gsc=2.07, Gphas=11.80, Kp_prop=0.052, K_gamma_dyn=43.8, K_gamma_stat=94.1
Eval CRASHED at 1.12Hz: Kp=78.8, Ki=52.1, Kd=0.3, Gton=0.81, Gsc=2.13, Gphas=13.07, Kp_prop=0.002, K_gamma_dyn=45.0, K_gamma_stat=88.7
Eval CRASHED at 1.12Hz: Kp=76.6, Ki=52.8, Kd=0.4, Gton=2.81, Gsc=6.03, Gphas=11.07, Kp_prop=0.080, K_gamma_dyn=43.6, K_gamma_stat=92.6
Eval CRASHED at 1.12Hz: Kp=75.2, Ki=51.6, Kd=4.3, Gton=3.57, Gsc=3.52, Gphas=15.18, Kp_prop=0.024, K_gamma_dyn=46.5, K_gamma_stat=90.2
Eval CRASHED at 1.12Hz: Kp=75.8, Ki=51.6, Kd=5.3, Gton=4.28, Gsc=3.55, Gphas=14.06, Kp_prop=0.197, K_gamma_dyn=47.7, K_gamma_stat=89.0
Eval CRASHED at 1.12Hz: Kp=71.7, Ki=50.1, Kd=0.4, Gton=5.21, Gsc=7.61, Gphas=12.05, Kp_prop=0.252, K_gamma_dyn=42.9, K_gamma_stat=87.4
Eval CRASHED at 1.12Hz: Kp=76.3, Ki=50.2, Kd=2.0, Gton=3.41, Gsc=2.82, Gphas=14.80, Kp_prop=0.325, K_gamma_dyn=44.8, K_gamma_stat=94.0Eval CRASHED at 1.12Hz: Kp=75.9, Ki=50.4, Kd=1.5, Gton=2.35, Gsc=0.11, Gphas=14.71, Kp_prop=0.612, K_gamma_dyn=47.7, K_gamma_stat=92.3
Eval CRASHED at 1.12Hz: Kp=73.8, Ki=51.9, Kd=1.0, Gton=3.68, Gsc=2.64, Gphas=14.47, Kp_prop=0.181, K_gamma_dyn=44.5, K_gamma_stat=92.2Eval CRASHED at 1.12Hz: Kp=78.7, Ki=48.4, Kd=2.0, Gton=1.43, Gsc=3.08, Gphas=12.95, Kp_prop=0.143, K_gamma_dyn=42.4, K_gamma_stat=88.4
Eval CRASHED at 1.12Hz: Kp=76.4, Ki=51.2, Kd=2.2, Gton=1.24, Gsc=1.17, Gphas=16.33, Kp_prop=0.000, K_gamma_dyn=42.9, K_gamma_stat=91.0


Eval CRASHED at 1.12Hz: Kp=74.1, Ki=52.8, Kd=2.4, Gton=4.00, Gsc=3.68, Gphas=17.64, Kp_prop=0.459, K_gamma_dyn=43.1, K_gamma_stat=97.1
Eval CRASHED at 1.12Hz: Kp=79.3, Ki=48.8, Kd=2.8, Gton=0.79, Gsc=2.46, Gphas=14.61, Kp_prop=0.371, K_gamma_dyn=45.2, K_gamma_stat=95.7

--- Generation 31 ---
Eval CRASHED at 1.12Hz: Kp=81.6, Ki=53.9, Kd=3.5, Gton=1.22, Gsc=0.68, Gphas=13.97, Kp_prop=0.470, K_gamma_dyn=48.3, K_gamma_stat=96.5
Eval CRASHED at 1.12Hz: Kp=71.0, Ki=43.8, Kd=3.3, Gton=1.12, Gsc=5.38, Gphas=7.53, Kp_prop=0.042, K_gamma_dyn=43.8, K_gamma_stat=92.5
Eval CRASHED at 1.12Hz: Kp=76.4, Ki=49.6, Kd=5.3, Gton=5.40, Gsc=9.11, Gphas=12.33, Kp_prop=0.043, K_gamma_dyn=46.2, K_gamma_stat=93.4Eval CRASHED at 1.12Hz: Kp=72.8, Ki=53.8, Kd=3.9, Gton=0.33, Gsc=1.66, Gphas=13.10, Kp_prop=0.031, K_gamma_dyn=44.3, K_gamma_stat=94.4

Eval CRASHED at 1.12Hz: Kp=74.6, Ki=51.4, Kd=0.2, Gton=6.02, Gsc=6.88, Gphas=10.49, Kp_prop=0.392, K_gamma_dyn=45.1, K_gamma_stat=89.2
Eval CRASHED at 1.12Hz: Kp=76.2, Ki=51.1, Kd=1.2, Gton=3.15, Gsc=1.79, Gphas=13.87, Kp_prop=0.063, K_gamma_dyn=44.4, K_gamma_stat=91.4
Eval CRASHED at 1.12Hz: Kp=77.1, Ki=52.5, Kd=0.3, Gton=4.41, Gsc=10.33, Gphas=7.15, Kp_prop=0.026, K_gamma_dyn=47.4, K_gamma_stat=97.4Eval CRASHED at 1.12Hz: Kp=76.8, Ki=52.0, Kd=6.1, Gton=0.68, Gsc=3.23, Gphas=15.26, Kp_prop=0.072, K_gamma_dyn=44.5, K_gamma_stat=91.8

Eval CRASHED at 1.12Hz: Kp=71.8, Ki=49.6, Kd=1.4, Gton=8.21, Gsc=9.83, Gphas=12.36, Kp_prop=0.117, K_gamma_dyn=45.5, K_gamma_stat=92.8
Eval CRASHED at 1.12Hz: Kp=74.4, Ki=48.9, Kd=8.1, Gton=1.57, Gsc=6.83, Gphas=13.06, Kp_prop=0.321, K_gamma_dyn=43.4, K_gamma_stat=83.6Eval CRASHED at 1.12Hz: Kp=74.6, Ki=51.8, Kd=3.6, Gton=0.33, Gsc=2.03, Gphas=11.61, Kp_prop=0.113, K_gamma_dyn=43.3, K_gamma_stat=94.2

Eval CRASHED at 1.12Hz: Kp=76.0, Ki=51.0, Kd=5.8, Gton=4.53, Gsc=5.34, Gphas=14.49, Kp_prop=0.309, K_gamma_dyn=43.6, K_gamma_stat=84.3
Eval CRASHED at 1.12Hz: Kp=76.8, Ki=46.9, Kd=2.0, Gton=3.72, Gsc=7.24, Gphas=13.20, Kp_prop=0.121, K_gamma_dyn=43.5, K_gamma_stat=92.1
Eval CRASHED at 1.12Hz: Kp=72.7, Ki=48.8, Kd=1.8, Gton=2.80, Gsc=9.08, Gphas=15.81, Kp_prop=0.057, K_gamma_dyn=45.4, K_gamma_stat=86.8

--- Generation 32 ---
Eval CRASHED at 1.12Hz: Kp=75.1, Ki=49.1, Kd=2.0, Gton=3.82, Gsc=8.13, Gphas=12.87, Kp_prop=0.062, K_gamma_dyn=43.3, K_gamma_stat=90.6
Eval CRASHED at 1.12Hz: Kp=76.0, Ki=49.7, Kd=0.2, Gton=1.21, Gsc=2.89, Gphas=17.22, Kp_prop=0.373, K_gamma_dyn=43.9, K_gamma_stat=87.7Eval CRASHED at 1.12Hz: Kp=75.8, Ki=51.1, Kd=2.5, Gton=1.44, Gsc=8.41, Gphas=13.67, Kp_prop=0.001, K_gamma_dyn=45.6, K_gamma_stat=86.9

Eval CRASHED at 1.12Hz: Kp=70.8, Ki=51.3, Kd=1.2, Gton=0.10, Gsc=5.75, Gphas=13.48, Kp_prop=0.467, K_gamma_dyn=46.2, K_gamma_stat=85.7
Eval CRASHED at 1.12Hz: Kp=71.8, Ki=47.6, Kd=1.8, Gton=1.90, Gsc=8.39, Gphas=13.11, Kp_prop=0.276, K_gamma_dyn=46.7, K_gamma_stat=92.9Eval CRASHED at 1.12Hz: Kp=71.5, Ki=44.3, Kd=10.8, Gton=0.27, Gsc=12.65, Gphas=16.40, Kp_prop=0.231, K_gamma_dyn=44.0, K_gamma_stat=77.8

Eval CRASHED at 1.12Hz: Kp=74.8, Ki=48.8, Kd=1.1, Gton=0.95, Gsc=8.56, Gphas=13.37, Kp_prop=0.030, K_gamma_dyn=46.1, K_gamma_stat=88.9
Eval CRASHED at 1.12Hz: Kp=75.7, Ki=48.4, Kd=6.2, Gton=2.52, Gsc=7.91, Gphas=9.14, Kp_prop=0.397, K_gamma_dyn=46.1, K_gamma_stat=92.1
Eval CRASHED at 1.12Hz: Kp=70.3, Ki=48.4, Kd=2.8, Gton=4.30, Gsc=12.88, Gphas=10.79, Kp_prop=0.045, K_gamma_dyn=42.3, K_gamma_stat=86.2Eval CRASHED at 1.12Hz: Kp=72.4, Ki=46.6, Kd=8.4, Gton=1.53, Gsc=11.26, Gphas=14.33, Kp_prop=0.474, K_gamma_dyn=45.2, K_gamma_stat=87.8
Eval CRASHED at 1.12Hz: Kp=70.9, Ki=49.1, Kd=9.2, Gton=4.56, Gsc=11.45, Gphas=12.82, Kp_prop=0.314, K_gamma_dyn=44.6, K_gamma_stat=93.3
Eval CRASHED at 1.12Hz: Kp=81.9, Ki=53.4, Kd=4.8, Gton=0.28, Gsc=7.04, Gphas=15.07, Kp_prop=0.053, K_gamma_dyn=44.6, K_gamma_stat=90.2

Eval CRASHED at 1.12Hz: Kp=80.2, Ki=51.4, Kd=3.4, Gton=1.92, Gsc=5.95, Gphas=12.57, Kp_prop=0.001, K_gamma_dyn=43.3, K_gamma_stat=91.5
Eval CRASHED at 1.12Hz: Kp=77.4, Ki=46.1, Kd=6.1, Gton=0.93, Gsc=6.65, Gphas=13.46, Kp_prop=0.216, K_gamma_dyn=44.6, K_gamma_stat=86.1

--- Generation 33 ---
Eval CRASHED at 1.12Hz: Kp=76.1, Ki=49.8, Kd=3.2, Gton=0.97, Gsc=6.55, Gphas=13.00, Kp_prop=0.321, K_gamma_dyn=47.2, K_gamma_stat=86.7
Eval CRASHED at 1.12Hz: Kp=73.8, Ki=44.9, Kd=0.4, Gton=2.15, Gsc=15.65, Gphas=12.77, Kp_prop=0.024, K_gamma_dyn=43.3, K_gamma_stat=87.4Eval CRASHED at 1.12Hz: Kp=72.4, Ki=47.6, Kd=6.3, Gton=0.24, Gsc=14.87, Gphas=11.10, Kp_prop=0.438, K_gamma_dyn=42.7, K_gamma_stat=84.3

Eval CRASHED at 1.12Hz: Kp=78.9, Ki=49.7, Kd=0.9, Gton=3.32, Gsc=5.62, Gphas=13.90, Kp_prop=0.029, K_gamma_dyn=42.8, K_gamma_stat=89.7
Eval CRASHED at 1.12Hz: Kp=73.1, Ki=53.1, Kd=5.2, Gton=2.24, Gsc=7.88, Gphas=12.99, Kp_prop=0.017, K_gamma_dyn=43.7, K_gamma_stat=86.7
Eval CRASHED at 1.12Hz: Kp=70.1, Ki=46.2, Kd=2.1, Gton=3.54, Gsc=12.42, Gphas=14.27, Kp_prop=0.035, K_gamma_dyn=45.7, K_gamma_stat=88.7
Eval CRASHED at 1.12Hz: Kp=73.4, Ki=49.6, Kd=0.2, Gton=2.06, Gsc=10.22, Gphas=9.39, Kp_prop=0.133, K_gamma_dyn=46.5, K_gamma_stat=91.9Eval CRASHED at 1.12Hz: Kp=72.6, Ki=53.0, Kd=3.0, Gton=6.69, Gsc=16.66, Gphas=9.11, Kp_prop=0.165, K_gamma_dyn=48.4, K_gamma_stat=88.1

Eval CRASHED at 1.12Hz: Kp=73.0, Ki=49.0, Kd=9.1, Gton=2.71, Gsc=6.26, Gphas=15.52, Kp_prop=0.262, K_gamma_dyn=41.5, K_gamma_stat=87.7Eval CRASHED at 1.12Hz: Kp=75.8, Ki=51.1, Kd=2.1, Gton=0.96, Gsc=6.98, Gphas=11.92, Kp_prop=0.400, K_gamma_dyn=46.8, K_gamma_stat=87.0

Eval CRASHED at 1.12Hz: Kp=73.9, Ki=46.1, Kd=4.9, Gton=4.54, Gsc=7.41, Gphas=16.51, Kp_prop=0.229, K_gamma_dyn=43.7, K_gamma_stat=86.5Eval CRASHED at 1.12Hz: Kp=68.9, Ki=45.9, Kd=4.8, Gton=1.37, Gsc=15.05, Gphas=12.84, Kp_prop=0.339, K_gamma_dyn=44.8, K_gamma_stat=82.4

Eval CRASHED at 1.12Hz: Kp=75.0, Ki=49.2, Kd=6.6, Gton=0.46, Gsc=8.38, Gphas=17.67, Kp_prop=0.038, K_gamma_dyn=42.1, K_gamma_stat=84.1Eval CRASHED at 1.12Hz: Kp=73.7, Ki=47.4, Kd=2.5, Gton=1.06, Gsc=11.37, Gphas=11.56, Kp_prop=0.374, K_gamma_dyn=44.4, K_gamma_stat=83.2


--- Generation 34 ---
Eval CRASHED at 1.12Hz: Kp=74.5, Ki=48.9, Kd=1.4, Gton=1.32, Gsc=11.22, Gphas=12.31, Kp_prop=0.027, K_gamma_dyn=48.2, K_gamma_stat=90.3
Eval CRASHED at 1.12Hz: Kp=72.3, Ki=46.7, Kd=4.0, Gton=1.98, Gsc=13.97, Gphas=10.99, Kp_prop=0.382, K_gamma_dyn=43.3, K_gamma_stat=83.4
Eval CRASHED at 1.12Hz: Kp=77.2, Ki=48.3, Kd=1.4, Gton=0.52, Gsc=7.82, Gphas=13.71, Kp_prop=0.020, K_gamma_dyn=45.0, K_gamma_stat=88.2
Eval CRASHED at 1.12Hz: Kp=74.7, Ki=51.6, Kd=3.6, Gton=2.40, Gsc=7.87, Gphas=12.85, Kp_prop=0.003, K_gamma_dyn=47.6, K_gamma_stat=85.1
Eval CRASHED at 1.12Hz: Kp=77.5, Ki=48.5, Kd=2.2, Gton=1.75, Gsc=2.52, Gphas=12.72, Kp_prop=0.389, K_gamma_dyn=45.0, K_gamma_stat=88.2Eval CRASHED at 1.12Hz: Kp=77.7, Ki=46.3, Kd=4.9, Gton=0.10, Gsc=5.46, Gphas=14.86, Kp_prop=0.243, K_gamma_dyn=45.2, K_gamma_stat=82.1

Eval CRASHED at 1.12Hz: Kp=78.0, Ki=52.3, Kd=1.6, Gton=2.18, Gsc=8.00, Gphas=11.41, Kp_prop=0.155, K_gamma_dyn=45.2, K_gamma_stat=92.1
Eval CRASHED at 1.12Hz: Kp=71.8, Ki=48.8, Kd=6.5, Gton=0.79, Gsc=12.51, Gphas=15.80, Kp_prop=0.216, K_gamma_dyn=46.8, K_gamma_stat=85.3
Eval CRASHED at 1.12Hz: Kp=77.2, Ki=50.2, Kd=4.9, Gton=1.34, Gsc=8.09, Gphas=13.42, Kp_prop=0.177, K_gamma_dyn=45.6, K_gamma_stat=92.8Eval CRASHED at 1.12Hz: Kp=74.9, Ki=48.7, Kd=0.8, Gton=1.36, Gsc=12.60, Gphas=14.21, Kp_prop=0.104, K_gamma_dyn=45.0, K_gamma_stat=87.4Eval CRASHED at 1.12Hz: Kp=76.4, Ki=48.3, Kd=0.3, Gton=0.24, Gsc=6.84, Gphas=13.08, Kp_prop=0.307, K_gamma_dyn=44.2, K_gamma_stat=87.1
Eval CRASHED at 1.12Hz: Kp=74.7, Ki=49.9, Kd=0.6, Gton=5.03, Gsc=13.78, Gphas=9.73, Kp_prop=0.726, K_gamma_dyn=43.1, K_gamma_stat=83.6
Eval CRASHED at 1.12Hz: Kp=75.2, Ki=50.1, Kd=2.5, Gton=1.80, Gsc=9.12, Gphas=12.67, Kp_prop=0.000, K_gamma_dyn=44.9, K_gamma_stat=93.6
Eval CRASHED at 1.12Hz: Kp=72.1, Ki=50.3, Kd=4.1, Gton=2.63, Gsc=13.31, Gphas=14.36, Kp_prop=0.322, K_gamma_dyn=46.0, K_gamma_stat=86.0



--- Generation 35 ---
Eval CRASHED at 1.12Hz: Kp=74.8, Ki=47.2, Kd=3.8, Gton=0.15, Gsc=11.41, Gphas=8.42, Kp_prop=0.308, K_gamma_dyn=44.8, K_gamma_stat=91.6
Eval CRASHED at 1.12Hz: Kp=73.5, Ki=49.9, Kd=1.1, Gton=5.36, Gsc=14.42, Gphas=11.52, Kp_prop=0.087, K_gamma_dyn=46.7, K_gamma_stat=92.3
Eval CRASHED at 1.12Hz: Kp=73.8, Ki=49.4, Kd=4.0, Gton=1.24, Gsc=9.44, Gphas=13.42, Kp_prop=0.198, K_gamma_dyn=47.4, K_gamma_stat=88.8
Eval CRASHED at 1.12Hz: Kp=79.9, Ki=50.4, Kd=1.3, Gton=0.36, Gsc=10.19, Gphas=9.38, Kp_prop=0.005, K_gamma_dyn=47.3, K_gamma_stat=96.3Eval CRASHED at 1.12Hz: Kp=73.5, Ki=47.3, Kd=1.4, Gton=0.43, Gsc=12.69, Gphas=11.28, Kp_prop=0.003, K_gamma_dyn=47.8, K_gamma_stat=90.2

Eval CRASHED at 1.12Hz: Kp=69.9, Ki=49.7, Kd=0.5, Gton=6.83, Gsc=14.49, Gphas=11.87, Kp_prop=0.165, K_gamma_dyn=43.5, K_gamma_stat=85.2
Eval CRASHED at 1.12Hz: Kp=74.6, Ki=48.5, Kd=1.1, Gton=1.28, Gsc=11.37, Gphas=10.87, Kp_prop=0.111, K_gamma_dyn=47.2, K_gamma_stat=92.9Eval CRASHED at 1.12Hz: Kp=74.6, Ki=48.3, Kd=3.1, Gton=1.40, Gsc=10.77, Gphas=12.93, Kp_prop=0.092, K_gamma_dyn=42.9, K_gamma_stat=90.8Eval CRASHED at 1.12Hz: Kp=78.5, Ki=50.0, Kd=0.3, Gton=0.81, Gsc=11.31, Gphas=11.94, Kp_prop=0.401, K_gamma_dyn=45.3, K_gamma_stat=89.1Eval CRASHED at 1.12Hz: Kp=77.9, Ki=51.5, Kd=1.6, Gton=1.46, Gsc=9.61, Gphas=12.59, Kp_prop=0.149, K_gamma_dyn=45.4, K_gamma_stat=95.4



Eval CRASHED at 1.12Hz: Kp=72.2, Ki=45.4, Kd=4.3, Gton=1.65, Gsc=12.34, Gphas=12.42, Kp_prop=0.294, K_gamma_dyn=45.4, K_gamma_stat=86.1Eval CRASHED at 1.12Hz: Kp=68.7, Ki=49.0, Kd=3.1, Gton=4.60, Gsc=19.51, Gphas=9.09, Kp_prop=0.204, K_gamma_dyn=48.5, K_gamma_stat=89.2Eval CRASHED at 1.12Hz: Kp=70.0, Ki=44.7, Kd=4.0, Gton=0.10, Gsc=17.66, Gphas=8.22, Kp_prop=0.324, K_gamma_dyn=46.9, K_gamma_stat=87.2Eval CRASHED at 1.12Hz: Kp=74.1, Ki=51.3, Kd=1.2, Gton=0.78, Gsc=12.85, Gphas=9.39, Kp_prop=0.644, K_gamma_dyn=46.2, K_gamma_stat=91.9




--- Generation 36 ---
Eval CRASHED at 1.12Hz: Kp=73.3, Ki=46.6, Kd=4.1, Gton=1.06, Gsc=11.23, Gphas=11.10, Kp_prop=0.136, K_gamma_dyn=45.3, K_gamma_stat=91.3
Eval CRASHED at 1.12Hz: Kp=71.9, Ki=50.9, Kd=2.0, Gton=3.50, Gsc=12.19, Gphas=9.47, Kp_prop=0.040, K_gamma_dyn=47.7, K_gamma_stat=89.8
Eval CRASHED at 1.12Hz: Kp=79.0, Ki=46.6, Kd=0.7, Gton=0.71, Gsc=5.06, Gphas=11.86, Kp_prop=0.030, K_gamma_dyn=48.5, K_gamma_stat=88.0Eval CRASHED at 1.12Hz: Kp=75.5, Ki=49.5, Kd=0.3, Gton=1.01, Gsc=10.99, Gphas=11.60, Kp_prop=0.004, K_gamma_dyn=47.5, K_gamma_stat=96.6

Eval CRASHED at 1.12Hz: Kp=72.7, Ki=48.5, Kd=0.3, Gton=1.04, Gsc=14.21, Gphas=10.10, Kp_prop=0.035, K_gamma_dyn=46.3, K_gamma_stat=86.4
Eval CRASHED at 1.12Hz: Kp=75.1, Ki=47.5, Kd=0.9, Gton=1.22, Gsc=9.68, Gphas=10.72, Kp_prop=0.000, K_gamma_dyn=41.1, K_gamma_stat=92.4Eval CRASHED at 1.12Hz: Kp=73.7, Ki=48.7, Kd=3.7, Gton=0.58, Gsc=8.90, Gphas=16.56, Kp_prop=0.532, K_gamma_dyn=46.3, K_gamma_stat=89.2Eval CRASHED at 1.12Hz: Kp=73.5, Ki=51.3, Kd=2.8, Gton=1.49, Gsc=12.35, Gphas=8.81, Kp_prop=0.163, K_gamma_dyn=46.3, K_gamma_stat=88.8


Eval CRASHED at 1.12Hz: Kp=75.6, Ki=51.5, Kd=3.9, Gton=0.70, Gsc=6.38, Gphas=11.79, Kp_prop=0.003, K_gamma_dyn=47.8, K_gamma_stat=95.1Eval CRASHED at 1.12Hz: Kp=75.3, Ki=48.9, Kd=0.1, Gton=4.62, Gsc=8.68, Gphas=10.03, Kp_prop=0.214, K_gamma_dyn=49.2, K_gamma_stat=93.8

Eval CRASHED at 1.12Hz: Kp=75.3, Ki=50.3, Kd=2.5, Gton=3.39, Gsc=8.53, Gphas=8.35, Kp_prop=0.009, K_gamma_dyn=45.6, K_gamma_stat=92.6
Eval CRASHED at 1.12Hz: Kp=78.2, Ki=51.0, Kd=2.5, Gton=4.46, Gsc=12.61, Gphas=9.73, Kp_prop=0.104, K_gamma_dyn=45.5, K_gamma_stat=88.0
Eval CRASHED at 1.12Hz: Kp=74.6, Ki=49.9, Kd=1.0, Gton=3.34, Gsc=9.57, Gphas=14.07, Kp_prop=0.000, K_gamma_dyn=46.1, K_gamma_stat=87.1
Eval CRASHED at 1.12Hz: Kp=76.5, Ki=48.9, Kd=1.3, Gton=0.10, Gsc=8.08, Gphas=11.90, Kp_prop=0.300, K_gamma_dyn=48.9, K_gamma_stat=91.4

--- Generation 37 ---
Eval CRASHED at 1.12Hz: Kp=76.9, Ki=47.7, Kd=2.6, Gton=0.42, Gsc=9.49, Gphas=13.91, Kp_prop=0.138, K_gamma_dyn=42.9, K_gamma_stat=94.1
Eval CRASHED at 1.12Hz: Kp=75.8, Ki=48.2, Kd=5.3, Gton=2.66, Gsc=8.32, Gphas=14.78, Kp_prop=1.056, K_gamma_dyn=48.3, K_gamma_stat=92.9
Eval CRASHED at 1.12Hz: Kp=77.1, Ki=48.9, Kd=2.4, Gton=0.40, Gsc=8.78, Gphas=14.41, Kp_prop=0.132, K_gamma_dyn=46.2, K_gamma_stat=85.2
Eval CRASHED at 1.12Hz: Kp=73.5, Ki=49.0, Kd=0.6, Gton=0.44, Gsc=10.75, Gphas=7.96, Kp_prop=0.232, K_gamma_dyn=47.9, K_gamma_stat=92.0
Eval CRASHED at 1.12Hz: Kp=74.5, Ki=49.0, Kd=3.4, Gton=1.38, Gsc=3.82, Gphas=14.88, Kp_prop=0.440, K_gamma_dyn=49.1, K_gamma_stat=92.8Eval CRASHED at 1.12Hz: Kp=74.5, Ki=46.7, Kd=3.6, Gton=0.74, Gsc=13.91, Gphas=12.89, Kp_prop=0.001, K_gamma_dyn=46.7, K_gamma_stat=93.2Eval CRASHED at 1.12Hz: Kp=78.2, Ki=48.2, Kd=0.9, Gton=4.63, Gsc=7.84, Gphas=13.09, Kp_prop=0.332, K_gamma_dyn=48.2, K_gamma_stat=89.0Eval CRASHED at 1.12Hz: Kp=80.5, Ki=49.0, Kd=1.3, Gton=2.16, Gsc=4.71, Gphas=9.89, Kp_prop=0.420, K_gamma_dyn=46.2, K_gamma_stat=96.2



Eval CRASHED at 1.12Hz: Kp=76.5, Ki=47.7, Kd=1.6, Gton=3.06, Gsc=12.88, Gphas=11.65, Kp_prop=0.023, K_gamma_dyn=43.4, K_gamma_stat=91.1
Eval CRASHED at 1.12Hz: Kp=74.4, Ki=48.6, Kd=1.9, Gton=3.47, Gsc=6.97, Gphas=14.60, Kp_prop=0.001, K_gamma_dyn=49.6, K_gamma_stat=85.3Eval CRASHED at 1.12Hz: Kp=76.0, Ki=47.5, Kd=3.6, Gton=2.15, Gsc=2.98, Gphas=16.35, Kp_prop=0.441, K_gamma_dyn=45.2, K_gamma_stat=90.2
Eval CRASHED at 1.12Hz: Kp=74.3, Ki=49.8, Kd=5.2, Gton=1.09, Gsc=12.09, Gphas=14.34, Kp_prop=0.173, K_gamma_dyn=47.1, K_gamma_stat=90.4

Eval CRASHED at 1.12Hz: Kp=79.0, Ki=48.2, Kd=1.0, Gton=3.16, Gsc=5.79, Gphas=14.68, Kp_prop=0.617, K_gamma_dyn=50.0, K_gamma_stat=84.7
Eval CRASHED at 1.12Hz: Kp=74.0, Ki=48.1, Kd=1.3, Gton=0.65, Gsc=7.26, Gphas=12.07, Kp_prop=0.105, K_gamma_dyn=45.5, K_gamma_stat=93.3

--- Generation 38 ---
Eval CRASHED at 1.12Hz: Kp=78.2, Ki=49.0, Kd=3.7, Gton=3.62, Gsc=8.19, Gphas=12.76, Kp_prop=0.522, K_gamma_dyn=42.9, K_gamma_stat=92.6
Eval CRASHED at 1.12Hz: Kp=75.0, Ki=47.4, Kd=5.3, Gton=1.12, Gsc=9.49, Gphas=11.71, Kp_prop=0.128, K_gamma_dyn=47.0, K_gamma_stat=90.9
Eval CRASHED at 1.12Hz: Kp=77.7, Ki=47.8, Kd=3.2, Gton=0.13, Gsc=9.56, Gphas=12.49, Kp_prop=0.064, K_gamma_dyn=44.9, K_gamma_stat=85.2
Eval CRASHED at 1.12Hz: Kp=75.0, Ki=47.2, Kd=3.5, Gton=1.02, Gsc=11.89, Gphas=10.02, Kp_prop=0.203, K_gamma_dyn=50.0, K_gamma_stat=88.1
Eval CRASHED at 1.12Hz: Kp=78.8, Ki=53.9, Kd=1.3, Gton=0.65, Gsc=5.19, Gphas=16.97, Kp_prop=0.873, K_gamma_dyn=47.9, K_gamma_stat=96.5
Eval CRASHED at 1.12Hz: Kp=74.4, Ki=49.1, Kd=5.6, Gton=1.19, Gsc=10.85, Gphas=16.35, Kp_prop=0.141, K_gamma_dyn=44.2, K_gamma_stat=91.5Eval CRASHED at 1.12Hz: Kp=72.9, Ki=47.6, Kd=2.0, Gton=1.86, Gsc=14.84, Gphas=11.44, Kp_prop=0.430, K_gamma_dyn=46.5, K_gamma_stat=93.2Eval CRASHED at 1.12Hz: Kp=76.6, Ki=45.5, Kd=4.1, Gton=4.24, Gsc=7.53, Gphas=14.50, Kp_prop=0.811, K_gamma_dyn=46.1, K_gamma_stat=91.3Eval CRASHED at 1.12Hz: Kp=78.2, Ki=48.4, Kd=3.8, Gton=1.26, Gsc=6.02, Gphas=13.36, Kp_prop=0.526, K_gamma_dyn=46.6, K_gamma_stat=90.9Eval CRASHED at 1.12Hz: Kp=74.7, Ki=50.2, Kd=3.7, Gton=1.42, Gsc=9.59, Gphas=14.59, Kp_prop=0.580, K_gamma_dyn=45.1, K_gamma_stat=88.3Eval CRASHED at 1.12Hz: Kp=78.4, Ki=47.0, Kd=4.9, Gton=1.88, Gsc=5.01, Gphas=12.28, Kp_prop=0.002, K_gamma_dyn=46.8, K_gamma_stat=90.7Eval CRASHED at 1.12Hz: Kp=72.7, Ki=46.3, Kd=5.6, Gton=1.09, Gsc=11.88, Gphas=12.65, Kp_prop=0.267, K_gamma_dyn=41.3, K_gamma_stat=92.1Eval CRASHED at 1.12Hz: Kp=76.1, Ki=49.7, Kd=4.0, Gton=3.28, Gsc=7.22, Gphas=9.30, Kp_prop=0.419, K_gamma_dyn=46.8, K_gamma_stat=95.3Eval CRASHED at 1.12Hz: Kp=75.6, Ki=49.8, Kd=1.8, Gton=3.40, Gsc=3.94, Gphas=11.09, Kp_prop=0.403, K_gamma_dyn=46.2, K_gamma_stat=91.6









--- Generation 39 ---
Eval CRASHED at 1.12Hz: Kp=76.0, Ki=47.8, Kd=3.2, Gton=2.03, Gsc=13.75, Gphas=11.77, Kp_prop=0.297, K_gamma_dyn=44.5, K_gamma_stat=98.7
Eval CRASHED at 1.12Hz: Kp=79.6, Ki=47.8, Kd=3.5, Gton=3.79, Gsc=7.60, Gphas=10.96, Kp_prop=0.502, K_gamma_dyn=45.9, K_gamma_stat=94.0
Eval CRASHED at 1.12Hz: Kp=80.8, Ki=50.1, Kd=1.0, Gton=2.57, Gsc=1.20, Gphas=11.31, Kp_prop=0.674, K_gamma_dyn=48.4, K_gamma_stat=97.1Eval CRASHED at 1.12Hz: Kp=73.7, Ki=49.2, Kd=2.4, Gton=0.71, Gsc=13.71, Gphas=10.56, Kp_prop=0.234, K_gamma_dyn=47.7, K_gamma_stat=89.3

Eval CRASHED at 1.12Hz: Kp=81.6, Ki=51.2, Kd=6.7, Gton=3.91, Gsc=6.54, Gphas=10.94, Kp_prop=0.184, K_gamma_dyn=47.8, K_gamma_stat=92.5
Eval CRASHED at 1.12Hz: Kp=76.3, Ki=51.0, Kd=8.3, Gton=0.24, Gsc=8.67, Gphas=11.05, Kp_prop=0.637, K_gamma_dyn=45.7, K_gamma_stat=95.3Eval CRASHED at 1.12Hz: Kp=75.7, Ki=44.5, Kd=1.8, Gton=1.67, Gsc=11.60, Gphas=10.72, Kp_prop=0.257, K_gamma_dyn=44.8, K_gamma_stat=91.0Eval CRASHED at 1.12Hz: Kp=77.1, Ki=50.3, Kd=1.8, Gton=0.46, Gsc=5.46, Gphas=13.64, Kp_prop=0.545, K_gamma_dyn=48.5, K_gamma_stat=89.7


Eval CRASHED at 1.12Hz: Kp=73.3, Ki=46.9, Kd=1.3, Gton=0.13, Gsc=13.93, Gphas=11.46, Kp_prop=0.400, K_gamma_dyn=45.8, K_gamma_stat=98.7Eval CRASHED at 1.12Hz: Kp=78.2, Ki=47.8, Kd=3.2, Gton=1.21, Gsc=4.99, Gphas=7.91, Kp_prop=0.111, K_gamma_dyn=47.1, K_gamma_stat=89.6Eval CRASHED at 1.12Hz: Kp=77.1, Ki=48.1, Kd=0.5, Gton=2.35, Gsc=3.85, Gphas=14.79, Kp_prop=0.195, K_gamma_dyn=45.8, K_gamma_stat=84.0

Eval CRASHED at 1.12Hz: Kp=77.8, Ki=51.4, Kd=6.6, Gton=1.97, Gsc=7.20, Gphas=10.81, Kp_prop=0.536, K_gamma_dyn=46.7, K_gamma_stat=91.1
Eval CRASHED at 1.12Hz: Kp=79.5, Ki=50.5, Kd=5.1, Gton=0.83, Gsc=6.37, Gphas=10.17, Kp_prop=0.452, K_gamma_dyn=46.1, K_gamma_stat=96.6
Eval CRASHED at 1.12Hz: Kp=77.6, Ki=45.1, Kd=0.8, Gton=4.20, Gsc=9.52, Gphas=13.17, Kp_prop=0.602, K_gamma_dyn=43.8, K_gamma_stat=97.1


--- Generation 40 ---
Eval CRASHED at 1.12Hz: Kp=77.9, Ki=45.8, Kd=1.7, Gton=2.24, Gsc=6.31, Gphas=11.15, Kp_prop=0.420, K_gamma_dyn=44.1, K_gamma_stat=92.6
Eval CRASHED at 1.12Hz: Kp=75.8, Ki=48.8, Kd=3.4, Gton=0.89, Gsc=9.33, Gphas=7.20, Kp_prop=0.067, K_gamma_dyn=40.6, K_gamma_stat=87.3
Eval CRASHED at 1.12Hz: Kp=77.1, Ki=50.2, Kd=2.4, Gton=0.98, Gsc=6.70, Gphas=7.05, Kp_prop=0.070, K_gamma_dyn=51.5, K_gamma_stat=90.3
Eval CRASHED at 1.12Hz: Kp=73.5, Ki=47.1, Kd=3.7, Gton=1.74, Gsc=9.94, Gphas=7.41, Kp_prop=0.452, K_gamma_dyn=48.2, K_gamma_stat=89.4
Eval CRASHED at 1.12Hz: Kp=78.9, Ki=48.6, Kd=5.1, Gton=0.72, Gsc=5.92, Gphas=7.82, Kp_prop=0.452, K_gamma_dyn=47.0, K_gamma_stat=92.5Eval CRASHED at 1.12Hz: Kp=77.2, Ki=48.7, Kd=2.6, Gton=2.35, Gsc=7.74, Gphas=9.61, Kp_prop=0.361, K_gamma_dyn=43.8, K_gamma_stat=94.5Eval CRASHED at 1.12Hz: Kp=77.2, Ki=49.0, Kd=1.2, Gton=0.64, Gsc=8.34, Gphas=10.36, Kp_prop=0.112, K_gamma_dyn=46.2, K_gamma_stat=90.5

Eval CRASHED at 1.12Hz: Kp=77.2, Ki=51.5, Kd=7.8, Gton=0.52, Gsc=4.82, Gphas=15.10, Kp_prop=0.729, K_gamma_dyn=45.0, K_gamma_stat=83.6

Eval CRASHED at 1.12Hz: Kp=78.0, Ki=49.1, Kd=6.1, Gton=0.34, Gsc=9.57, Gphas=12.51, Kp_prop=0.329, K_gamma_dyn=44.2, K_gamma_stat=91.2
Eval CRASHED at 1.12Hz: Kp=78.5, Ki=51.8, Kd=6.7, Gton=2.84, Gsc=7.32, Gphas=11.24, Kp_prop=0.333, K_gamma_dyn=46.3, K_gamma_stat=92.2Eval CRASHED at 1.12Hz: Kp=76.8, Ki=48.3, Kd=4.9, Gton=0.22, Gsc=8.23, Gphas=11.21, Kp_prop=0.909, K_gamma_dyn=45.7, K_gamma_stat=93.2Eval CRASHED at 1.12Hz: Kp=78.5, Ki=48.7, Kd=3.3, Gton=0.65, Gsc=6.07, Gphas=8.38, Kp_prop=0.272, K_gamma_dyn=51.1, K_gamma_stat=91.1


Eval CRASHED at 1.12Hz: Kp=75.7, Ki=46.5, Kd=1.9, Gton=1.51, Gsc=9.35, Gphas=8.94, Kp_prop=0.045, K_gamma_dyn=46.2, K_gamma_stat=87.8
Eval CRASHED at 1.12Hz: Kp=76.7, Ki=47.4, Kd=6.2, Gton=0.28, Gsc=11.52, Gphas=8.53, Kp_prop=0.049, K_gamma_dyn=44.2, K_gamma_stat=88.2

--- Generation 41 ---
Eval CRASHED at 1.12Hz: Kp=77.7, Ki=50.5, Kd=10.5, Gton=1.47, Gsc=8.19, Gphas=10.92, Kp_prop=0.706, K_gamma_dyn=47.6, K_gamma_stat=87.7
Eval CRASHED at 1.12Hz: Kp=81.6, Ki=49.4, Kd=4.6, Gton=2.04, Gsc=3.14, Gphas=12.11, Kp_prop=0.069, K_gamma_dyn=45.7, K_gamma_stat=89.9
Eval CRASHED at 1.12Hz: Kp=73.8, Ki=52.9, Kd=8.2, Gton=0.12, Gsc=11.73, Gphas=11.17, Kp_prop=0.115, K_gamma_dyn=45.5, K_gamma_stat=82.8
Eval CRASHED at 1.12Hz: Kp=73.1, Ki=46.9, Kd=2.5, Gton=0.26, Gsc=10.83, Gphas=11.38, Kp_prop=0.019, K_gamma_dyn=40.7, K_gamma_stat=85.8
Eval CRASHED at 1.12Hz: Kp=75.6, Ki=46.5, Kd=5.1, Gton=1.13, Gsc=9.24, Gphas=11.23, Kp_prop=0.528, K_gamma_dyn=47.6, K_gamma_stat=87.3Eval CRASHED at 1.12Hz: Kp=72.6, Ki=50.0, Kd=2.6, Gton=0.21, Gsc=7.57, Gphas=11.41, Kp_prop=0.047, K_gamma_dyn=42.6, K_gamma_stat=86.3

Eval CRASHED at 1.12Hz: Kp=76.2, Ki=53.2, Kd=7.3, Gton=3.47, Gsc=5.11, Gphas=13.16, Kp_prop=0.449, K_gamma_dyn=44.7, K_gamma_stat=84.5Eval CRASHED at 1.12Hz: Kp=73.5, Ki=50.5, Kd=5.3, Gton=0.33, Gsc=13.90, Gphas=6.27, Kp_prop=0.005, K_gamma_dyn=43.7, K_gamma_stat=86.0Eval CRASHED at 1.12Hz: Kp=76.6, Ki=48.9, Kd=6.0, Gton=0.91, Gsc=8.33, Gphas=11.66, Kp_prop=0.507, K_gamma_dyn=46.1, K_gamma_stat=90.8


Eval CRASHED at 1.12Hz: Kp=76.3, Ki=48.4, Kd=4.5, Gton=1.56, Gsc=3.84, Gphas=12.09, Kp_prop=0.663, K_gamma_dyn=45.8, K_gamma_stat=90.9
Eval CRASHED at 1.12Hz: Kp=78.7, Ki=49.5, Kd=4.1, Gton=1.10, Gsc=5.28, Gphas=13.56, Kp_prop=0.568, K_gamma_dyn=46.6, K_gamma_stat=89.3
Eval CRASHED at 1.12Hz: Kp=81.0, Ki=48.3, Kd=1.8, Gton=3.09, Gsc=2.37, Gphas=17.27, Kp_prop=0.782, K_gamma_dyn=46.0, K_gamma_stat=86.5
Eval CRASHED at 1.12Hz: Kp=77.0, Ki=49.7, Kd=6.6, Gton=0.49, Gsc=6.57, Gphas=11.81, Kp_prop=0.598, K_gamma_dyn=48.6, K_gamma_stat=88.0
Eval CRASHED at 1.12Hz: Kp=73.0, Ki=50.9, Kd=2.3, Gton=3.37, Gsc=12.25, Gphas=16.09, Kp_prop=0.440, K_gamma_dyn=38.1, K_gamma_stat=84.5

--- Generation 42 ---
Eval CRASHED at 1.12Hz: Kp=76.3, Ki=48.6, Kd=2.5, Gton=0.58, Gsc=4.70, Gphas=14.70, Kp_prop=0.533, K_gamma_dyn=46.8, K_gamma_stat=86.3
Eval CRASHED at 1.12Hz: Kp=80.2, Ki=53.4, Kd=4.9, Gton=1.62, Gsc=0.74, Gphas=19.08, Kp_prop=1.160, K_gamma_dyn=49.9, K_gamma_stat=81.0Eval CRASHED at 1.12Hz: Kp=78.1, Ki=51.9, Kd=2.6, Gton=3.18, Gsc=8.00, Gphas=15.44, Kp_prop=0.907, K_gamma_dyn=46.2, K_gamma_stat=89.7

Eval CRASHED at 1.12Hz: Kp=79.6, Ki=54.5, Kd=0.8, Gton=3.10, Gsc=1.11, Gphas=19.64, Kp_prop=0.974, K_gamma_dyn=43.6, K_gamma_stat=84.7
Eval CRASHED at 1.12Hz: Kp=77.5, Ki=50.9, Kd=6.2, Gton=4.50, Gsc=0.53, Gphas=12.82, Kp_prop=0.948, K_gamma_dyn=49.2, K_gamma_stat=89.9
Eval CRASHED at 1.12Hz: Kp=82.3, Ki=47.6, Kd=4.6, Gton=6.12, Gsc=6.88, Gphas=13.30, Kp_prop=0.803, K_gamma_dyn=45.0, K_gamma_stat=86.5
Eval CRASHED at 1.12Hz: Kp=82.6, Ki=51.6, Kd=0.2, Gton=0.69, Gsc=2.80, Gphas=16.88, Kp_prop=0.739, K_gamma_dyn=42.1, K_gamma_stat=86.0
Eval CRASHED at 1.12Hz: Kp=77.1, Ki=46.0, Kd=5.6, Gton=2.94, Gsc=4.36, Gphas=16.02, Kp_prop=0.376, K_gamma_dyn=43.9, K_gamma_stat=80.2
Eval CRASHED at 1.12Hz: Kp=78.1, Ki=49.5, Kd=2.1, Gton=3.25, Gsc=7.29, Gphas=13.20, Kp_prop=0.809, K_gamma_dyn=47.3, K_gamma_stat=87.3
Eval CRASHED at 1.12Hz: Kp=83.0, Ki=51.4, Kd=8.1, Gton=1.75, Gsc=2.80, Gphas=14.98, Kp_prop=0.867, K_gamma_dyn=43.8, K_gamma_stat=89.6
Eval CRASHED at 1.12Hz: Kp=75.4, Ki=49.8, Kd=3.7, Gton=0.11, Gsc=5.64, Gphas=16.38, Kp_prop=1.032, K_gamma_dyn=46.9, K_gamma_stat=86.7
Eval CRASHED at 1.12Hz: Kp=80.0, Ki=54.4, Kd=10.0, Gton=2.35, Gsc=5.99, Gphas=14.37, Kp_prop=0.765, K_gamma_dyn=47.4, K_gamma_stat=86.7
Eval CRASHED at 1.12Hz: Kp=79.1, Ki=47.7, Kd=0.7, Gton=4.33, Gsc=3.67, Gphas=14.75, Kp_prop=0.242, K_gamma_dyn=43.2, K_gamma_stat=87.7
Eval CRASHED at 1.12Hz: Kp=80.3, Ki=50.4, Kd=2.1, Gton=2.30, Gsc=7.31, Gphas=16.91, Kp_prop=0.340, K_gamma_dyn=44.2, K_gamma_stat=86.8

--- Generation 43 ---
Eval CRASHED at 1.12Hz: Kp=77.0, Ki=47.0, Kd=0.9, Gton=1.99, Gsc=4.87, Gphas=19.63, Kp_prop=0.327, K_gamma_dyn=43.6, K_gamma_stat=81.9
Eval CRASHED at 1.12Hz: Kp=81.2, Ki=52.8, Kd=5.0, Gton=0.65, Gsc=2.97, Gphas=14.00, Kp_prop=0.677, K_gamma_dyn=47.3, K_gamma_stat=86.3
Eval CRASHED at 1.12Hz: Kp=75.2, Ki=51.0, Kd=4.9, Gton=1.95, Gsc=9.03, Gphas=16.18, Kp_prop=1.427, K_gamma_dyn=47.2, K_gamma_stat=89.8
Eval CRASHED at 1.12Hz: Kp=76.0, Ki=50.1, Kd=3.9, Gton=1.72, Gsc=5.63, Gphas=12.43, Kp_prop=0.633, K_gamma_dyn=44.7, K_gamma_stat=91.5
Eval CRASHED at 1.12Hz: Kp=74.6, Ki=49.4, Kd=0.2, Gton=1.50, Gsc=14.47, Gphas=15.01, Kp_prop=0.686, K_gamma_dyn=42.6, K_gamma_stat=88.7Eval CRASHED at 1.12Hz: Kp=80.9, Ki=51.7, Kd=5.2, Gton=0.77, Gsc=5.99, Gphas=16.23, Kp_prop=0.550, K_gamma_dyn=44.6, K_gamma_stat=89.8

Eval CRASHED at 1.12Hz: Kp=81.3, Ki=52.7, Kd=8.9, Gton=0.10, Gsc=0.26, Gphas=14.61, Kp_prop=0.821, K_gamma_dyn=49.5, K_gamma_stat=91.5Eval CRASHED at 1.12Hz: Kp=81.4, Ki=51.7, Kd=1.3, Gton=0.10, Gsc=1.16, Gphas=18.08, Kp_prop=1.082, K_gamma_dyn=46.1, K_gamma_stat=89.0

Eval CRASHED at 1.12Hz: Kp=77.6, Ki=52.9, Kd=2.4, Gton=0.91, Gsc=1.51, Gphas=14.85, Kp_prop=0.021, K_gamma_dyn=44.1, K_gamma_stat=87.7Eval CRASHED at 1.12Hz: Kp=76.5, Ki=50.1, Kd=0.2, Gton=1.41, Gsc=7.05, Gphas=13.31, Kp_prop=0.348, K_gamma_dyn=41.4, K_gamma_stat=89.7

Eval CRASHED at 1.12Hz: Kp=78.8, Ki=46.7, Kd=2.7, Gton=0.28, Gsc=4.93, Gphas=18.27, Kp_prop=0.701, K_gamma_dyn=45.6, K_gamma_stat=87.7
Eval CRASHED at 1.12Hz: Kp=78.3, Ki=50.7, Kd=5.9, Gton=3.28, Gsc=2.14, Gphas=19.45, Kp_prop=1.064, K_gamma_dyn=43.1, K_gamma_stat=78.9
Eval CRASHED at 1.12Hz: Kp=76.4, Ki=49.3, Kd=1.3, Gton=0.35, Gsc=6.46, Gphas=19.23, Kp_prop=0.773, K_gamma_dyn=44.4, K_gamma_stat=85.6
Eval CRASHED at 1.12Hz: Kp=77.3, Ki=47.1, Kd=7.7, Gton=0.72, Gsc=4.82, Gphas=18.43, Kp_prop=0.893, K_gamma_dyn=44.9, K_gamma_stat=89.6

--- Generation 44 ---
Eval CRASHED at 1.12Hz: Kp=75.2, Ki=49.0, Kd=3.4, Gton=0.50, Gsc=3.64, Gphas=17.71, Kp_prop=0.393, K_gamma_dyn=41.1, K_gamma_stat=87.7
Eval CRASHED at 1.12Hz: Kp=75.5, Ki=50.9, Kd=1.4, Gton=0.28, Gsc=8.29, Gphas=15.25, Kp_prop=0.582, K_gamma_dyn=46.0, K_gamma_stat=95.5
Eval CRASHED at 1.12Hz: Kp=83.9, Ki=50.6, Kd=5.8, Gton=1.58, Gsc=0.30, Gphas=18.37, Kp_prop=0.664, K_gamma_dyn=47.0, K_gamma_stat=90.7
Eval CRASHED at 1.12Hz: Kp=77.2, Ki=50.7, Kd=3.4, Gton=2.31, Gsc=4.12, Gphas=16.61, Kp_prop=0.416, K_gamma_dyn=45.8, K_gamma_stat=90.7Eval CRASHED at 1.12Hz: Kp=75.8, Ki=47.8, Kd=2.9, Gton=0.46, Gsc=12.28, Gphas=10.98, Kp_prop=0.019, K_gamma_dyn=48.3, K_gamma_stat=90.9Eval CRASHED at 1.12Hz: Kp=81.7, Ki=51.5, Kd=5.0, Gton=0.91, Gsc=1.95, Gphas=11.75, Kp_prop=0.161, K_gamma_dyn=46.7, K_gamma_stat=90.6
Eval CRASHED at 1.12Hz: Kp=77.5, Ki=51.9, Kd=2.8, Gton=0.49, Gsc=3.13, Gphas=15.79, Kp_prop=0.450, K_gamma_dyn=47.2, K_gamma_stat=91.9


Eval CRASHED at 1.12Hz: Kp=83.1, Ki=51.3, Kd=5.5, Gton=2.70, Gsc=0.42, Gphas=16.14, Kp_prop=0.316, K_gamma_dyn=45.4, K_gamma_stat=90.5Eval CRASHED at 1.12Hz: Kp=78.8, Ki=52.0, Kd=6.6, Gton=0.11, Gsc=3.54, Gphas=19.57, Kp_prop=0.762, K_gamma_dyn=44.0, K_gamma_stat=91.0Eval CRASHED at 1.12Hz: Kp=75.5, Ki=53.8, Kd=3.8, Gton=3.80, Gsc=9.45, Gphas=14.39, Kp_prop=0.529, K_gamma_dyn=46.0, K_gamma_stat=91.9
Eval CRASHED at 1.12Hz: Kp=81.9, Ki=51.9, Kd=0.3, Gton=3.72, Gsc=0.83, Gphas=14.88, Kp_prop=0.559, K_gamma_dyn=50.5, K_gamma_stat=92.5Eval CRASHED at 1.12Hz: Kp=78.9, Ki=51.7, Kd=1.7, Gton=1.22, Gsc=5.10, Gphas=18.34, Kp_prop=0.723, K_gamma_dyn=43.1, K_gamma_stat=84.4

Eval CRASHED at 1.12Hz: Kp=79.1, Ki=49.4, Kd=1.0, Gton=0.25, Gsc=4.12, Gphas=16.50, Kp_prop=0.303, K_gamma_dyn=42.0, K_gamma_stat=90.9

Eval CRASHED at 1.12Hz: Kp=82.1, Ki=54.2, Kd=6.2, Gton=2.14, Gsc=1.86, Gphas=15.42, Kp_prop=0.902, K_gamma_dyn=50.7, K_gamma_stat=89.9


--- Generation 45 ---
Eval CRASHED at 1.12Hz: Kp=81.0, Ki=50.4, Kd=0.0, Gton=1.60, Gsc=1.53, Gphas=10.89, Kp_prop=0.019, K_gamma_dyn=47.1, K_gamma_stat=95.0
Eval CRASHED at 1.12Hz: Kp=80.6, Ki=52.4, Kd=2.3, Gton=1.85, Gsc=0.84, Gphas=19.05, Kp_prop=0.721, K_gamma_dyn=48.0, K_gamma_stat=88.6
Eval CRASHED at 1.12Hz: Kp=81.5, Ki=53.2, Kd=1.4, Gton=0.11, Gsc=0.72, Gphas=15.24, Kp_prop=0.516, K_gamma_dyn=45.6, K_gamma_stat=95.1
Eval CRASHED at 1.12Hz: Kp=80.1, Ki=51.4, Kd=0.9, Gton=2.08, Gsc=11.19, Gphas=10.67, Kp_prop=0.210, K_gamma_dyn=45.8, K_gamma_stat=95.4
Eval CRASHED at 1.12Hz: Kp=76.9, Ki=50.7, Kd=5.0, Gton=1.00, Gsc=6.81, Gphas=13.36, Kp_prop=0.242, K_gamma_dyn=48.4, K_gamma_stat=86.4
Eval CRASHED at 1.12Hz: Kp=77.7, Ki=51.4, Kd=2.2, Gton=1.74, Gsc=8.86, Gphas=16.45, Kp_prop=0.059, K_gamma_dyn=46.1, K_gamma_stat=85.4
Eval CRASHED at 1.12Hz: Kp=74.8, Ki=49.8, Kd=2.0, Gton=0.37, Gsc=8.22, Gphas=11.61, Kp_prop=0.414, K_gamma_dyn=47.6, K_gamma_stat=91.7Eval CRASHED at 1.12Hz: Kp=76.5, Ki=52.1, Kd=1.8, Gton=3.08, Gsc=9.11, Gphas=13.85, Kp_prop=0.200, K_gamma_dyn=44.4, K_gamma_stat=90.4Eval CRASHED at 1.12Hz: Kp=81.6, Ki=52.2, Kd=0.5, Gton=1.48, Gsc=3.60, Gphas=15.20, Kp_prop=0.325, K_gamma_dyn=47.9, K_gamma_stat=92.7
Eval CRASHED at 1.12Hz: Kp=75.8, Ki=50.6, Kd=0.1, Gton=1.80, Gsc=8.92, Gphas=16.66, Kp_prop=0.183, K_gamma_dyn=45.5, K_gamma_stat=86.7
Eval CRASHED at 1.12Hz: Kp=78.7, Ki=51.4, Kd=3.9, Gton=0.12, Gsc=4.02, Gphas=12.95, Kp_prop=0.154, K_gamma_dyn=48.9, K_gamma_stat=97.7
Eval CRASHED at 1.12Hz: Kp=79.8, Ki=50.0, Kd=1.7, Gton=1.44, Gsc=2.31, Gphas=13.64, Kp_prop=0.283, K_gamma_dyn=49.1, K_gamma_stat=92.1
Eval CRASHED at 1.12Hz: Kp=75.8, Ki=52.7, Kd=3.3, Gton=0.36, Gsc=1.87, Gphas=15.01, Kp_prop=0.106, K_gamma_dyn=48.2, K_gamma_stat=90.0


Eval CRASHED at 1.12Hz: Kp=77.9, Ki=54.7, Kd=6.5, Gton=3.15, Gsc=2.82, Gphas=15.81, Kp_prop=0.392, K_gamma_dyn=46.7, K_gamma_stat=87.8
   45    630 1.000087081071139e+05 4.2e+00 2.71e+00  3e-01  4e+00 0:03.2  

--- Generation 46 ---
Eval CRASHED at 1.12Hz: Kp=81.5, Ki=52.7, Kd=0.7, Gton=0.81, Gsc=2.10, Gphas=13.12, Kp_prop=0.516, K_gamma_dyn=50.3, K_gamma_stat=93.5
Eval CRASHED at 1.12Hz: Kp=76.4, Ki=50.1, Kd=2.4, Gton=3.68, Gsc=5.63, Gphas=14.19, Kp_prop=0.083, K_gamma_dyn=45.9, K_gamma_stat=91.6
Eval CRASHED at 1.12Hz: Kp=75.7, Ki=53.6, Kd=2.9, Gton=4.55, Gsc=8.20, Gphas=15.52, Kp_prop=0.730, K_gamma_dyn=46.6, K_gamma_stat=94.5
Eval CRASHED at 1.12Hz: Kp=78.7, Ki=49.9, Kd=0.6, Gton=1.03, Gsc=6.99, Gphas=9.38, Kp_prop=0.032, K_gamma_dyn=46.4, K_gamma_stat=99.9Eval CRASHED at 1.12Hz: Kp=78.0, Ki=52.5, Kd=3.5, Gton=1.23, Gsc=4.99, Gphas=16.14, Kp_prop=0.153, K_gamma_dyn=45.8, K_gamma_stat=86.1Eval CRASHED at 1.12Hz: Kp=78.6, Ki=51.4, Kd=5.9, Gton=1.69, Gsc=3.67, Gphas=18.86, Kp_prop=0.369, K_gamma_dyn=45.9, K_gamma_stat=93.9


Eval CRASHED at 1.12Hz: Kp=80.5, Ki=51.7, Kd=4.1, Gton=1.95, Gsc=4.31, Gphas=14.73, Kp_prop=0.345, K_gamma_dyn=49.2, K_gamma_stat=87.6
Eval CRASHED at 1.12Hz: Kp=82.1, Ki=54.2, Kd=0.4, Gton=1.90, Gsc=4.59, Gphas=14.03, Kp_prop=0.448, K_gamma_dyn=46.1, K_gamma_stat=97.2Eval CRASHED at 1.12Hz: Kp=79.4, Ki=50.9, Kd=0.6, Gton=0.16, Gsc=3.44, Gphas=14.64, Kp_prop=0.750, K_gamma_dyn=46.8, K_gamma_stat=94.7

Eval CRASHED at 1.12Hz: Kp=80.8, Ki=52.6, Kd=0.4, Gton=0.57, Gsc=4.35, Gphas=14.51, Kp_prop=0.000, K_gamma_dyn=48.0, K_gamma_stat=92.5
Eval CRASHED at 1.12Hz: Kp=81.2, Ki=54.6, Kd=1.5, Gton=1.32, Gsc=4.92, Gphas=13.37, Kp_prop=0.216, K_gamma_dyn=51.6, K_gamma_stat=95.8Eval CRASHED at 1.12Hz: Kp=76.5, Ki=52.6, Kd=2.3, Gton=2.51, Gsc=4.51, Gphas=16.47, Kp_prop=0.470, K_gamma_dyn=48.5, K_gamma_stat=89.4

Eval CRASHED at 1.12Hz: Kp=81.1, Ki=49.8, Kd=3.2, Gton=0.88, Gsc=5.88, Gphas=12.23, Kp_prop=0.170, K_gamma_dyn=49.7, K_gamma_stat=97.9
Eval CRASHED at 1.12Hz: Kp=78.4, Ki=48.5, Kd=2.4, Gton=2.15, Gsc=7.54, Gphas=10.85, Kp_prop=0.222, K_gamma_dyn=47.4, K_gamma_stat=97.0

--- Generation 47 ---
Eval CRASHED at 1.12Hz: Kp=79.9, Ki=51.5, Kd=2.6, Gton=1.01, Gsc=7.28, Gphas=15.61, Kp_prop=0.010, K_gamma_dyn=48.2, K_gamma_stat=94.8
Eval CRASHED at 1.12Hz: Kp=81.4, Ki=53.0, Kd=0.3, Gton=0.30, Gsc=3.01, Gphas=16.99, Kp_prop=0.510, K_gamma_dyn=47.6, K_gamma_stat=92.5Eval CRASHED at 1.12Hz: Kp=78.9, Ki=53.0, Kd=1.7, Gton=1.14, Gsc=3.81, Gphas=13.51, Kp_prop=0.000, K_gamma_dyn=50.1, K_gamma_stat=95.3

Eval CRASHED at 1.12Hz: Kp=78.3, Ki=52.0, Kd=1.0, Gton=2.60, Gsc=1.99, Gphas=16.09, Kp_prop=0.160, K_gamma_dyn=45.1, K_gamma_stat=92.2Eval CRASHED at 1.12Hz: Kp=77.6, Ki=51.9, Kd=2.5, Gton=0.52, Gsc=7.04, Gphas=17.92, Kp_prop=0.470, K_gamma_dyn=47.1, K_gamma_stat=89.1Eval CRASHED at 1.12Hz: Kp=79.4, Ki=54.0, Kd=4.2, Gton=1.39, Gsc=1.67, Gphas=10.73, Kp_prop=0.284, K_gamma_dyn=48.4, K_gamma_stat=94.7
Eval CRASHED at 1.12Hz: Kp=76.1, Ki=50.5, Kd=5.4, Gton=1.42, Gsc=10.69, Gphas=15.40, Kp_prop=0.041, K_gamma_dyn=46.9, K_gamma_stat=90.2


Eval CRASHED at 1.12Hz: Kp=78.2, Ki=54.9, Kd=0.5, Gton=2.69, Gsc=5.07, Gphas=14.80, Kp_prop=0.309, K_gamma_dyn=46.9, K_gamma_stat=95.4
Eval CRASHED at 1.12Hz: Kp=73.5, Ki=48.7, Kd=3.8, Gton=5.36, Gsc=14.09, Gphas=14.22, Kp_prop=0.070, K_gamma_dyn=45.6, K_gamma_stat=89.7
Eval CRASHED at 1.12Hz: Kp=79.3, Ki=51.6, Kd=6.4, Gton=1.70, Gsc=5.87, Gphas=12.30, Kp_prop=0.442, K_gamma_dyn=48.1, K_gamma_stat=92.3
Eval CRASHED at 1.12Hz: Kp=79.0, Ki=54.9, Kd=0.4, Gton=3.34, Gsc=5.47, Gphas=13.05, Kp_prop=0.099, K_gamma_dyn=49.6, K_gamma_stat=93.4
Eval CRASHED at 1.12Hz: Kp=81.2, Ki=54.0, Kd=2.2, Gton=2.16, Gsc=2.10, Gphas=16.51, Kp_prop=0.389, K_gamma_dyn=48.4, K_gamma_stat=93.7
Eval CRASHED at 1.12Hz: Kp=77.3, Ki=50.3, Kd=3.4, Gton=0.26, Gsc=9.87, Gphas=16.94, Kp_prop=0.145, K_gamma_dyn=46.9, K_gamma_stat=87.8
Eval CRASHED at 1.12Hz: Kp=74.8, Ki=50.5, Kd=5.6, Gton=1.98, Gsc=6.84, Gphas=12.19, Kp_prop=0.043, K_gamma_dyn=49.0, K_gamma_stat=101.9

--- Generation 48 ---
Eval CRASHED at 1.12Hz: Kp=77.1, Ki=49.5, Kd=4.5, Gton=1.22, Gsc=4.46, Gphas=17.24, Kp_prop=0.000, K_gamma_dyn=47.2, K_gamma_stat=85.5
Eval CRASHED at 1.12Hz: Kp=80.3, Ki=51.9, Kd=5.4, Gton=3.15, Gsc=5.80, Gphas=16.62, Kp_prop=0.272, K_gamma_dyn=46.4, K_gamma_stat=90.5Eval CRASHED at 1.12Hz: Kp=77.1, Ki=52.4, Kd=1.2, Gton=0.95, Gsc=7.79, Gphas=14.67, Kp_prop=0.287, K_gamma_dyn=47.0, K_gamma_stat=93.8Eval CRASHED at 1.12Hz: Kp=73.5, Ki=49.8, Kd=1.9, Gton=3.35, Gsc=14.05, Gphas=8.89, Kp_prop=0.579, K_gamma_dyn=48.5, K_gamma_stat=94.3
Eval CRASHED at 1.12Hz: Kp=80.6, Ki=51.9, Kd=2.9, Gton=0.35, Gsc=6.59, Gphas=12.64, Kp_prop=0.081, K_gamma_dyn=47.5, K_gamma_stat=91.7
Eval CRASHED at 1.12Hz: Kp=76.5, Ki=51.2, Kd=4.4, Gton=1.36, Gsc=6.51, Gphas=13.53, Kp_prop=0.380, K_gamma_dyn=47.0, K_gamma_stat=91.2


Eval CRASHED at 1.12Hz: Kp=76.8, Ki=49.9, Kd=1.3, Gton=1.06, Gsc=6.55, Gphas=14.50, Kp_prop=0.006, K_gamma_dyn=51.2, K_gamma_stat=85.6Eval CRASHED at 1.12Hz: Kp=80.8, Ki=49.8, Kd=1.5, Gton=1.94, Gsc=2.76, Gphas=15.97, Kp_prop=0.379, K_gamma_dyn=44.8, K_gamma_stat=90.1

Eval CRASHED at 1.12Hz: Kp=77.5, Ki=51.1, Kd=0.5, Gton=1.31, Gsc=7.37, Gphas=14.04, Kp_prop=0.316, K_gamma_dyn=48.6, K_gamma_stat=94.8Eval CRASHED at 1.12Hz: Kp=77.9, Ki=50.6, Kd=4.1, Gton=2.81, Gsc=1.24, Gphas=18.30, Kp_prop=0.412, K_gamma_dyn=45.7, K_gamma_stat=95.0

Eval CRASHED at 1.12Hz: Kp=76.6, Ki=51.5, Kd=0.7, Gton=2.91, Gsc=12.54, Gphas=14.02, Kp_prop=0.051, K_gamma_dyn=48.6, K_gamma_stat=92.2
Eval CRASHED at 1.12Hz: Kp=74.9, Ki=51.2, Kd=1.8, Gton=4.34, Gsc=6.30, Gphas=12.91, Kp_prop=0.119, K_gamma_dyn=49.0, K_gamma_stat=92.4
Eval CRASHED at 1.12Hz: Kp=77.8, Ki=49.8, Kd=2.8, Gton=0.24, Gsc=11.36, Gphas=10.75, Kp_prop=0.084, K_gamma_dyn=49.1, K_gamma_stat=93.5
Eval CRASHED at 1.12Hz: Kp=79.6, Ki=55.1, Kd=0.1, Gton=1.54, Gsc=5.23, Gphas=16.18, Kp_prop=0.411, K_gamma_dyn=46.2, K_gamma_stat=96.8

--- Generation 49 ---
Eval CRASHED at 1.12Hz: Kp=76.8, Ki=49.4, Kd=0.7, Gton=4.69, Gsc=9.78, Gphas=16.01, Kp_prop=0.083, K_gamma_dyn=42.1, K_gamma_stat=90.8
Eval CRASHED at 1.12Hz: Kp=78.4, Ki=52.3, Kd=4.9, Gton=1.96, Gsc=7.76, Gphas=15.70, Kp_prop=0.350, K_gamma_dyn=46.9, K_gamma_stat=89.3
Eval CRASHED at 1.12Hz: Kp=71.0, Ki=48.5, Kd=2.2, Gton=4.56, Gsc=12.86, Gphas=9.09, Kp_prop=0.377, K_gamma_dyn=48.4, K_gamma_stat=90.7Eval CRASHED at 1.12Hz: Kp=76.1, Ki=50.6, Kd=2.6, Gton=3.22, Gsc=11.62, Gphas=10.06, Kp_prop=0.396, K_gamma_dyn=46.9, K_gamma_stat=95.7

Eval CRASHED at 1.12Hz: Kp=77.9, Ki=50.9, Kd=3.1, Gton=4.14, Gsc=6.42, Gphas=11.29, Kp_prop=0.395, K_gamma_dyn=47.6, K_gamma_stat=96.3
Eval CRASHED at 1.12Hz: Kp=70.5, Ki=50.7, Kd=1.1, Gton=5.65, Gsc=15.69, Gphas=9.58, Kp_prop=0.254, K_gamma_dyn=46.6, K_gamma_stat=97.8
Eval CRASHED at 1.12Hz: Kp=80.7, Ki=49.7, Kd=0.3, Gton=3.88, Gsc=8.52, Gphas=13.01, Kp_prop=0.002, K_gamma_dyn=49.1, K_gamma_stat=94.3Eval CRASHED at 1.12Hz: Kp=76.4, Ki=51.4, Kd=2.1, Gton=1.96, Gsc=9.15, Gphas=8.48, Kp_prop=0.510, K_gamma_dyn=47.8, K_gamma_stat=98.5Eval CRASHED at 1.12Hz: Kp=76.6, Ki=50.1, Kd=1.3, Gton=2.61, Gsc=7.37, Gphas=13.77, Kp_prop=0.283, K_gamma_dyn=47.5, K_gamma_stat=90.2

Eval CRASHED at 1.12Hz: Kp=78.4, Ki=49.4, Kd=0.1, Gton=1.89, Gsc=2.45, Gphas=10.99, Kp_prop=0.483, K_gamma_dyn=45.0, K_gamma_stat=95.2

Eval CRASHED at 1.12Hz: Kp=77.4, Ki=50.6, Kd=6.4, Gton=2.44, Gsc=9.78, Gphas=10.94, Kp_prop=0.050, K_gamma_dyn=46.0, K_gamma_stat=94.3Eval CRASHED at 1.12Hz: Kp=74.7, Ki=47.9, Kd=2.8, Gton=5.44, Gsc=15.38, Gphas=11.60, Kp_prop=0.496, K_gamma_dyn=46.4, K_gamma_stat=94.7Eval CRASHED at 1.12Hz: Kp=77.1, Ki=52.2, Kd=0.2, Gton=5.51, Gsc=6.07, Gphas=15.36, Kp_prop=0.354, K_gamma_dyn=43.9, K_gamma_stat=96.5

Eval CRASHED at 1.12Hz: Kp=74.1, Ki=49.1, Kd=3.3, Gton=5.36, Gsc=12.59, Gphas=13.41, Kp_prop=0.000, K_gamma_dyn=47.2, K_gamma_stat=89.2


--- Generation 50 ---
Eval CRASHED at 1.12Hz: Kp=73.6, Ki=51.4, Kd=0.4, Gton=3.76, Gsc=12.22, Gphas=12.63, Kp_prop=0.002, K_gamma_dyn=46.0, K_gamma_stat=91.6
Eval CRASHED at 1.12Hz: Kp=77.5, Ki=52.0, Kd=0.2, Gton=1.53, Gsc=6.38, Gphas=13.38, Kp_prop=0.031, K_gamma_dyn=44.9, K_gamma_stat=94.4
Eval CRASHED at 1.12Hz: Kp=81.4, Ki=51.7, Kd=1.6, Gton=0.60, Gsc=4.28, Gphas=14.69, Kp_prop=0.214, K_gamma_dyn=48.7, K_gamma_stat=92.4
Eval CRASHED at 1.12Hz: Kp=76.1, Ki=51.6, Kd=2.7, Gton=0.94, Gsc=9.26, Gphas=14.93, Kp_prop=0.033, K_gamma_dyn=49.4, K_gamma_stat=94.6
Eval CRASHED at 1.12Hz: Kp=73.1, Ki=48.3, Kd=3.8, Gton=2.66, Gsc=13.73, Gphas=10.67, Kp_prop=0.798, K_gamma_dyn=46.8, K_gamma_stat=100.7
Eval CRASHED at 1.12Hz: Kp=74.6, Ki=49.5, Kd=3.2, Gton=1.77, Gsc=9.76, Gphas=14.00, Kp_prop=0.019, K_gamma_dyn=44.6, K_gamma_stat=88.9Eval CRASHED at 1.12Hz: Kp=79.9, Ki=50.8, Kd=2.7, Gton=2.24, Gsc=6.21, Gphas=13.50, Kp_prop=0.224, K_gamma_dyn=45.9, K_gamma_stat=102.0
Eval CRASHED at 1.12Hz: Kp=78.9, Ki=50.6, Kd=6.4, Gton=0.42, Gsc=7.87, Gphas=13.55, Kp_prop=0.294, K_gamma_dyn=45.7, K_gamma_stat=94.6
Eval CRASHED at 1.12Hz: Kp=76.3, Ki=47.2, Kd=4.0, Gton=3.98, Gsc=12.27, Gphas=9.39, Kp_prop=0.270, K_gamma_dyn=44.5, K_gamma_stat=94.5Eval CRASHED at 1.12Hz: Kp=77.5, Ki=50.9, Kd=2.9, Gton=1.11, Gsc=7.90, Gphas=11.09, Kp_prop=0.406, K_gamma_dyn=49.3, K_gamma_stat=100.8
Eval CRASHED at 1.12Hz: Kp=77.2, Ki=51.8, Kd=0.8, Gton=4.10, Gsc=6.69, Gphas=12.08, Kp_prop=0.199, K_gamma_dyn=45.2, K_gamma_stat=95.6Eval CRASHED at 1.12Hz: Kp=73.9, Ki=48.3, Kd=0.5, Gton=4.50, Gsc=18.00, Gphas=10.36, Kp_prop=0.658, K_gamma_dyn=47.1, K_gamma_stat=96.2Eval CRASHED at 1.12Hz: Kp=79.0, Ki=51.1, Kd=3.5, Gton=5.48, Gsc=6.06, Gphas=15.70, Kp_prop=0.017, K_gamma_dyn=41.3, K_gamma_stat=94.8
Eval CRASHED at 1.12Hz: Kp=76.1, Ki=50.0, Kd=1.5, Gton=5.36, Gsc=13.47, Gphas=11.45, Kp_prop=0.628, K_gamma_dyn=47.6, K_gamma_stat=89.5





===============================
Optimization Finished!
Best Kp: 75.84
Best Ki: 51.64
Best Kd: 5.27
Best Bode SSE: 100000.1
