=================================================================
ROUND 3: Step-Input PID Re-Optimization (with tuned reflexes)
Frozen Reflexes: G_ton=8.76, G_sc=4.33, G_phas=6.06
                 kp_prop=0.441, k_gamma_dyn=52.36, k_gamma_stat=92.37
Searching: Kp, Ki, Kd
=================================================================
(3_w,6)-aCMA-ES (mu_w=2.0,w_1=63%) in dimension 3 (seed=1017677, Thu Oct  1 22:09:35 2026)

--- Generation 1 ---
Found simbody-visualizer, setting SIMBODY_HOME env var to  C:\Users\User\miniforge3\envs\opensim_env\Lib\opensimFound simbody-visualizer, setting SIMBODY_HOME env var to  C:\Users\User\miniforge3\envs\opensim_env\Lib\opensim
Found simbody-visualizer, setting SIMBODY_HOME env var to  C:\Users\User\miniforge3\envs\opensim_env\Lib\opensimFound simbody-visualizer, setting SIMBODY_HOME env var to  C:\Users\User\miniforge3\envs\opensim_env\Lib\opensim
Found simbody-visualizer, setting SIMBODY_HOME env var to  C:\Users\User\miniforge3\envs\opensim_env\Lib\opensimFound simbody-visualizer, setting SIMBODY_HOME env var to  C:\Users\User\miniforge3\envs\opensim_env\Lib\opensim



[G01-W06] t=0.20s | Des_P:   0.0 | Des_R:   0.0 | Des_Y:   0.0 | Act_P:   -1.1 | Act_R:    1.1 | Act_Y:   -0.0
[G01-W03] t=0.20s | Des_P:   0.0 | Des_R:   0.0 | Des_Y:   0.0 | Act_P:   -1.0 | Act_R:    1.3 | Act_Y:    0.1
[G01-W04] t=0.20s | Des_P:   0.0 | Des_R:   0.0 | Des_Y:   0.0 | Act_P:   -0.8 | Act_R:    1.2 | Act_Y:    0.4
[G01-W05] t=0.20s | Des_P:   0.0 | Des_R:   0.0 | Des_Y:   0.0 | Act_P:   -0.4 | Act_R:    1.5 | Act_Y:    0.8
[G01-W01] t=0.20s | Des_P:   0.0 | Des_R:   0.0 | Des_Y:   0.0 | Act_P:   -0.3 | Act_R:    1.5 | Act_Y:    1.1
[G01-W02] t=0.20s | Des_P:   0.0 | Des_R:   0.0 | Des_Y:   0.0 | Act_P:   -0.4 | Act_R:    1.4 | Act_Y:    0.8
[G01-W06] t=0.40s | Des_P:   0.0 | Des_R:   0.0 | Des_Y:   0.0 | Act_P:   -2.1 | Act_R:    0.5 | Act_Y:   -0.2
[G01-W03] t=0.40s | Des_P:   0.0 | Des_R:   0.0 | Des_Y:   0.0 | Act_P:   -2.0 | Act_R:    0.7 | Act_Y:   -0.2
[G01-W04] t=0.40s | Des_P:   0.0 | Des_R:   0.0 | Des_Y:   0.0 | Act_P:   -1.9 | Act_R:    0.7 | Act_Y:   -0.1
[G01-W05] t=0.40s | Des_P:   0.0 | Des_R:   0.0 | Des_Y:   0.0 | Act_P:   -1.8 | Act_R:    1.0 | Act_Y:    0.1
[G01-W01] t=0.40s | Des_P:   0.0 | Des_R:   0.0 | Des_Y:   0.0 | Act_P:   -1.5 | Act_R:    1.2 | Act_Y:    0.4
[G01-W02] t=0.40s | Des_P:   0.0 | Des_R:   0.0 | Des_Y:   0.0 | Act_P:   -1.5 | Act_R:    0.9 | Act_Y:    0.2
[G01-W06] t=0.60s | Des_P:   0.0 | Des_R:   0.0 | Des_Y:   0.0 | Act_P:   -2.6 | Act_R:    0.5 | Act_Y:   -0.2
[G01-W03] t=0.60s | Des_P:   0.0 | Des_R:   0.0 | Des_Y:   0.0 | Act_P:   -2.6 | Act_R:    0.6 | Act_Y:   -0.2
[G01-W04] t=0.60s | Des_P:   0.0 | Des_R:   0.0 | Des_Y:   0.0 | Act_P:   -2.6 | Act_R:    0.6 | Act_Y:   -0.2
[G01-W05] t=0.60s | Des_P:   0.0 | Des_R:   0.0 | Des_Y:   0.0 | Act_P:   -2.8 | Act_R:    0.8 | Act_Y:   -0.1
[G01-W02] t=0.60s | Des_P:   0.0 | Des_R:   0.0 | Des_Y:   0.0 | Act_P:   -2.3 | Act_R:    0.7 | Act_Y:   -0.0
[G01-W01] t=0.60s | Des_P:   0.0 | Des_R:   0.0 | Des_Y:   0.0 | Act_P:   -2.5 | Act_R:    0.9 | Act_Y:    0.0
[G01-W06] t=0.80s | Des_P:   0.0 | Des_R:   0.0 | Des_Y:   0.0 | Act_P:   -2.8 | Act_R:    0.5 | Act_Y:   -0.3
[G01-W03] t=0.80s | Des_P:   0.0 | Des_R:   0.0 | Des_Y:   0.0 | Act_P:   -3.0 | Act_R:    0.4 | Act_Y:   -0.3
[G01-W04] t=0.80s | Des_P:   0.0 | Des_R:   0.0 | Des_Y:   0.0 | Act_P:   -3.1 | Act_R:    0.5 | Act_Y:   -0.3
[G01-W05] t=0.80s | Des_P:   0.0 | Des_R:   0.0 | Des_Y:   0.0 | Act_P:   -3.5 | Act_R:    0.6 | Act_Y:   -0.3
[G01-W02] t=0.80s | Des_P:   0.0 | Des_R:   0.0 | Des_Y:   0.0 | Act_P:   -3.1 | Act_R:    0.5 | Act_Y:   -0.3
[G01-W01] t=0.80s | Des_P:   0.0 | Des_R:   0.0 | Des_Y:   0.0 | Act_P:   -3.4 | Act_R:    0.6 | Act_Y:   -0.3
[G01-W06] t=1.00s | Des_P:   0.0 | Des_R:   0.0 | Des_Y:   0.0 | Act_P:   -2.2 | Act_R:    0.1 | Act_Y:   -0.5
[G01-W03] t=1.00s | Des_P:   0.0 | Des_R:   0.0 | Des_Y:   0.0 | Act_P:   -2.5 | Act_R:    0.1 | Act_Y:   -0.5
[G01-W04] t=1.00s | Des_P:   0.0 | Des_R:   0.0 | Des_Y:   0.0 | Act_P:   -2.9 | Act_R:    0.3 | Act_Y:   -0.5
[G01-W05] t=1.00s | Des_P:   0.0 | Des_R:   0.0 | Des_Y:   0.0 | Act_P:   -3.5 | Act_R:    0.3 | Act_Y:   -0.6
[G01-W02] t=1.00s | Des_P:   0.0 | Des_R:   0.0 | Des_Y:   0.0 | Act_P:   -3.2 | Act_R:    0.3 | Act_Y:   -0.5
[G01-W01] t=1.00s | Des_P:   0.0 | Des_R:   0.0 | Des_Y:   0.0 | Act_P:   -3.7 | Act_R:    0.4 | Act_Y:   -0.5
[G01-W06] t=1.20s | Des_P:   9.4 | Des_R:   0.0 | Des_Y:   0.0 | Act_P:   10.7 | Act_R:   -0.9 | Act_Y:   -1.0
[G01-W03] t=1.20s | Des_P:   9.4 | Des_R:   0.0 | Des_Y:   0.0 | Act_P:   10.3 | Act_R:   -0.9 | Act_Y:   -1.0
[G01-W04] t=1.20s | Des_P:   9.4 | Des_R:   0.0 | Des_Y:   0.0 | Act_P:    9.5 | Act_R:   -0.7 | Act_Y:   -1.2
[G01-W05] t=1.20s | Des_P:   9.4 | Des_R:   0.0 | Des_Y:   0.0 | Act_P:    8.8 | Act_R:   -0.8 | Act_Y:   -1.2
[G01-W06] t=1.40s | Des_P:  35.6 | Des_R:   0.0 | Des_Y:   0.0 | Act_P:   37.0 | Act_R:   -0.5 | Act_Y:   -0.7
[G01-W02] t=1.20s | Des_P:   9.4 | Des_R:   0.0 | Des_Y:   0.0 | Act_P:    8.8 | Act_R:   -0.6 | Act_Y:   -1.0
[G01-W01] t=1.20s | Des_P:   9.4 | Des_R:   0.0 | Des_Y:   0.0 | Act_P:    8.3 | Act_R:   -0.6 | Act_Y:   -1.2
[G01-W03] t=1.40s | Des_P:  35.6 | Des_R:   0.0 | Des_Y:   0.0 | Act_P:   36.8 | Act_R:   -0.6 | Act_Y:   -0.7
[G01-W04] t=1.40s | Des_P:  35.6 | Des_R:   0.0 | Des_Y:   0.0 | Act_P:   36.2 | Act_R:   -0.6 | Act_Y:   -0.8
[G01-W06] t=1.60s | Des_P:  45.0 | Des_R:   0.0 | Des_Y:   0.0 | Act_P:   44.0 | Act_R:    0.9 | Act_Y:    0.0
[G01-W05] t=1.40s | Des_P:  35.6 | Des_R:   0.0 | Des_Y:   0.0 | Act_P:   35.5 | Act_R:   -0.7 | Act_Y:   -0.9
[G01-W03] t=1.60s | Des_P:  45.0 | Des_R:   0.0 | Des_Y:   0.0 | Act_P:   44.1 | Act_R:    0.9 | Act_Y:    0.0
[G01-W02] t=1.40s | Des_P:  35.6 | Des_R:   0.0 | Des_Y:   0.0 | Act_P:   35.5 | Act_R:   -0.5 | Act_Y:   -0.7
[G01-W01] t=1.40s | Des_P:  35.6 | Des_R:   0.0 | Des_Y:   0.0 | Act_P:   34.9 | Act_R:   -0.6 | Act_Y:   -0.9
[G01-W04] t=1.60s | Des_P:  45.0 | Des_R:   0.0 | Des_Y:   0.0 | Act_P:   43.8 | Act_R:    0.8 | Act_Y:   -0.0
[G01-W06] t=1.80s | Des_P:  45.0 | Des_R:   0.0 | Des_Y:   0.0 | Act_P:   44.3 | Act_R:    0.9 | Act_Y:   -0.0
[G01-W05] t=1.60s | Des_P:  45.0 | Des_R:   0.0 | Des_Y:   0.0 | Act_P:   43.3 | Act_R:    0.8 | Act_Y:   -0.2
[G01-W03] t=1.80s | Des_P:  45.0 | Des_R:   0.0 | Des_Y:   0.0 | Act_P:   44.4 | Act_R:    0.8 | Act_Y:   -0.0
[G01-W02] t=1.60s | Des_P:  45.0 | Des_R:   0.0 | Des_Y:   0.0 | Act_P:   43.2 | Act_R:    0.9 | Act_Y:   -0.1
[G01-W01] t=1.60s | Des_P:  45.0 | Des_R:   0.0 | Des_Y:   0.0 | Act_P:   42.9 | Act_R:    0.8 | Act_Y:   -0.3
[G01-W04] t=1.80s | Des_P:  45.0 | Des_R:   0.0 | Des_Y:   0.0 | Act_P:   44.2 | Act_R:    0.8 | Act_Y:   -0.0
[G01-W06] t=2.00s | Des_P:  45.0 | Des_R:   0.0 | Des_Y:   0.0 | Act_P:   44.2 | Act_R:    0.7 | Act_Y:    0.1
[G01-W05] t=1.80s | Des_P:  45.0 | Des_R:   0.0 | Des_Y:   0.0 | Act_P:   43.5 | Act_R:    1.0 | Act_Y:   -0.1
[G01-W03] t=2.00s | Des_P:  45.0 | Des_R:   0.0 | Des_Y:   0.0 | Act_P:   44.5 | Act_R:    0.6 | Act_Y:    0.1
[G01-W02] t=1.80s | Des_P:  45.0 | Des_R:   0.0 | Des_Y:   0.0 | Act_P:   43.2 | Act_R:    1.0 | Act_Y:   -0.0
[G01-W01] t=1.80s | Des_P:  45.0 | Des_R:   0.0 | Des_Y:   0.0 | Act_P:   42.8 | Act_R:    1.1 | Act_Y:   -0.1
[G01-W04] t=2.00s | Des_P:  45.0 | Des_R:   0.0 | Des_Y:   0.0 | Act_P:   44.6 | Act_R:    0.6 | Act_Y:    0.1
[G01-W06] t=2.20s | Des_P:  45.0 | Des_R:   0.0 | Des_Y:   0.0 | Act_P:   43.0 | Act_R:    0.6 | Act_Y:    0.1
[G01-W03] t=2.20s | Des_P:  45.0 | Des_R:   0.0 | Des_Y:   0.0 | Act_P:   43.4 | Act_R:    0.4 | Act_Y:    0.2
[G01-W05] t=2.00s | Des_P:  45.0 | Des_R:   0.0 | Des_Y:   0.0 | Act_P:   44.0 | Act_R:    0.9 | Act_Y:    0.1
[G01-W02] t=2.00s | Des_P:  45.0 | Des_R:   0.0 | Des_Y:   0.0 | Act_P:   43.5 | Act_R:    0.9 | Act_Y:    0.1
[G01-W01] t=2.00s | Des_P:  45.0 | Des_R:   0.0 | Des_Y:   0.0 | Act_P:   43.2 | Act_R:    1.0 | Act_Y:    0.1
[G01-W04] t=2.20s | Des_P:  45.0 | Des_R:   0.0 | Des_Y:   0.0 | Act_P:   43.8 | Act_R:    0.4 | Act_Y:    0.2
[G01-W06] t=2.40s | Des_P:  45.0 | Des_R:   0.0 | Des_Y:   0.0 | Act_P:   41.6 | Act_R:    0.2 | Act_Y:    0.1
[G01-W03] t=2.40s | Des_P:  45.0 | Des_R:   0.0 | Des_Y:   0.0 | Act_P:   41.9 | Act_R:    0.2 | Act_Y:    0.1
[G01-W05] t=2.20s | Des_P:  45.0 | Des_R:   0.0 | Des_Y:   0.0 | Act_P:   43.5 | Act_R:    0.6 | Act_Y:    0.2
[G01-W02] t=2.20s | Des_P:  45.0 | Des_R:   0.0 | Des_Y:   0.0 | Act_P:   43.1 | Act_R:    0.6 | Act_Y:    0.2Eval ERROR G01-W02: [Errno 22] Invalid argument[G01-W01] t=2.20s | Des_P:  45.0 | Des_R:   0.0 | Des_Y:   0.0 | Act_P:   42.8 | Act_R:    0.7 | Act_Y:    0.2Eval ERROR G01-W01: [Errno 22] Invalid argument[G01-W04] t=2.40s | Des_P:  45.0 | Des_R:   0.0 | Des_Y:   0.0 | Act_P:   42.4 | Act_R:    0.1 | Act_Y:    0.1Eval ERROR G01-W04: [Errno 22] Invalid argument[G01-W06] t=2.60s | Des_P:  45.0 | Des_R:   0.0 | Des_Y:   0.0 | Act_P:   40.3 | Act_R:    0.0 | Act_Y:   -0.1Eval ERROR G01-W06: [Errno 22] Invalid argument[G01-W03] t=2.60s | Des_P:  45.0 | Des_R:   0.0 | Des_Y:   0.0 | Act_P:   40.7 | Act_R:   -0.0 | Act_Y:   -0.1Eval ERROR G01-W03: [Errno 22] Invalid argument[G01-W05] t=2.40s | Des_P:  45.0 | Des_R:   0.0 | Des_Y:   0.0 | Act_P:   42.3 | Act_R:    0.2 | Act_Y:    0.2Eval ERROR G01-W05: [Errno 22] Invalid argument