=================================================================
ROUND 3: Step-Input PID Re-Optimization (with tuned reflexes)
Frozen Reflexes: G_ton=8.76, G_sc=4.33, G_phas=6.06
                 kp_prop=0.441, k_gamma_dyn=52.36, k_gamma_stat=92.37
Searching: Kp, Ki, Kd
=================================================================
(3_w,6)-aCMA-ES (mu_w=2.0,w_1=63%) in dimension 3 (seed=931752, Thu Oct  1 21:01:10 2026)

--- Generation 1 ---
Found simbody-visualizer, setting SIMBODY_HOME env var to  C:\Users\User\miniforge3\envs\opensim_env\Lib\opensim
Found simbody-visualizer, setting SIMBODY_HOME env var to  C:\Users\User\miniforge3\envs\opensim_env\Lib\opensimFound simbody-visualizer, setting SIMBODY_HOME env var to  C:\Users\User\miniforge3\envs\opensim_env\Lib\opensimFound simbody-visualizer, setting SIMBODY_HOME env var to  C:\Users\User\miniforge3\envs\opensim_env\Lib\opensimFound simbody-visualizer, setting SIMBODY_HOME env var to  C:\Users\User\miniforge3\envs\opensim_env\Lib\opensim


Found simbody-visualizer, setting SIMBODY_HOME env var to  C:\Users\User\miniforge3\envs\opensim_env\Lib\opensim

Eval CRASHED: G01-W02 | Kp=124.45, Ki=10.45, Kd=20.53
[G01-W03] t=0.20s | Des_P:   0.0 | Des_R:   0.0 | Des_Y:   0.0 | Act_P:   -0.9 | Act_R:    2.6 | Act_Y:    0.7
[G01-W04] t=0.20s | Des_P:   0.0 | Des_R:   0.0 | Des_Y:   0.0 | Act_P:   -3.7 | Act_R:    4.1 | Act_Y:   -0.1
[G01-W06] t=0.20s | Des_P:   0.0 | Des_R:   0.0 | Des_Y:   0.0 | Act_P:   -3.0 | Act_R:    3.2 | Act_Y:   -0.1
[G01-W01] t=0.20s | Des_P:   0.0 | Des_R:   0.0 | Des_Y:   0.0 | Act_P:   -2.8 | Act_R:    3.4 | Act_Y:    0.1
[G01-W05] t=0.20s | Des_P:   0.0 | Des_R:   0.0 | Des_Y:   0.0 | Act_P:   -2.7 | Act_R:    3.0 | Act_Y:   -0.1
[G01-W04] t=0.40s | Des_P:   0.0 | Des_R:   0.0 | Des_Y:   0.0 | Act_P:   -4.8 | Act_R:    5.8 | Act_Y:   -1.1
[G01-W05] t=0.40s | Des_P:   0.0 | Des_R:   0.0 | Des_Y:   0.0 | Act_P:   -5.3 | Act_R:    4.8 | Act_Y:   -0.8
[G01-W03] t=0.40s | Des_P:   0.0 | Des_R:   0.0 | Des_Y:   0.0 | Act_P:   -4.7 | Act_R:    3.1 | Act_Y:   -0.5
[G01-W01] t=0.40s | Des_P:   0.0 | Des_R:   0.0 | Des_Y:   0.0 | Act_P:   -5.6 | Act_R:    5.7 | Act_Y:   -0.8
[G01-W06] t=0.40s | Des_P:   0.0 | Des_R:   0.0 | Des_Y:   0.0 | Act_P:   -5.3 | Act_R:    5.1 | Act_Y:   -0.9
[G01-W04] t=0.60s | Des_P:   0.0 | Des_R:   0.0 | Des_Y:   0.0 | Act_P:   -6.4 | Act_R:    6.8 | Act_Y:   -2.1
[G01-W05] t=0.60s | Des_P:   0.0 | Des_R:   0.0 | Des_Y:   0.0 | Act_P:   -7.6 | Act_R:    5.6 | Act_Y:   -1.5
[G01-W01] t=0.60s | Des_P:   0.0 | Des_R:   0.0 | Des_Y:   0.0 | Act_P:   -8.3 | Act_R:    7.4 | Act_Y:   -1.6
[G01-W06] t=0.60s | Des_P:   0.0 | Des_R:   0.0 | Des_Y:   0.0 | Act_P:   -7.3 | Act_R:    6.1 | Act_Y:   -1.6
[G01-W03] t=0.60s | Des_P:   0.0 | Des_R:   0.0 | Des_Y:   0.0 | Act_P:   -6.2 | Act_R:    4.1 | Act_Y:   -0.8
[G01-W04] t=0.80s | Des_P:   0.0 | Des_R:   0.0 | Des_Y:   0.0 | Act_P:   -4.4 | Act_R:    7.4 | Act_Y:   -1.9
[G01-W05] t=0.80s | Des_P:   0.0 | Des_R:   0.0 | Des_Y:   0.0 | Act_P:   -6.1 | Act_R:    6.0 | Act_Y:   -1.5
[G01-W06] t=0.80s | Des_P:   0.0 | Des_R:   0.0 | Des_Y:   0.0 | Act_P:   -5.7 | Act_R:    6.6 | Act_Y:   -1.6
[G01-W01] t=0.80s | Des_P:   0.0 | Des_R:   0.0 | Des_Y:   0.0 | Act_P:   -6.7 | Act_R:    8.2 | Act_Y:   -1.8
[G01-W03] t=0.80s | Des_P:   0.0 | Des_R:   0.0 | Des_Y:   0.0 | Act_P:   -6.6 | Act_R:    4.2 | Act_Y:   -1.1
[G01-W04] t=1.00s | Des_P:   0.0 | Des_R:   0.0 | Des_Y:   0.0 | Act_P:   -2.0 | Act_R:    7.3 | Act_Y:   -1.8
[G01-W01] t=1.00s | Des_P:   0.0 | Des_R:   0.0 | Des_Y:   0.0 | Act_P:   -3.6 | Act_R:    8.3 | Act_Y:   -1.9
[G01-W06] t=1.00s | Des_P:   0.0 | Des_R:   0.0 | Des_Y:   0.0 | Act_P:   -3.3 | Act_R:    6.5 | Act_Y:   -1.6
[G01-W05] t=1.00s | Des_P:   0.0 | Des_R:   0.0 | Des_Y:   0.0 | Act_P:   -3.6 | Act_R:    5.9 | Act_Y:   -1.5
[G01-W03] t=1.00s | Des_P:   0.0 | Des_R:   0.0 | Des_Y:   0.0 | Act_P:   -5.4 | Act_R:    4.0 | Act_Y:   -1.3
[G01-W04] t=1.20s | Des_P:   9.4 | Des_R:   0.0 | Des_Y:   0.0 | Act_P:   14.6 | Act_R:    5.7 | Act_Y:   -2.4
[G01-W01] t=1.20s | Des_P:   9.4 | Des_R:   0.0 | Des_Y:   0.0 | Act_P:   13.8 | Act_R:    6.9 | Act_Y:   -2.4
[G01-W05] t=1.20s | Des_P:   9.4 | Des_R:   0.0 | Des_Y:   0.0 | Act_P:   12.8 | Act_R:    4.7 | Act_Y:   -1.9
[G01-W06] t=1.20s | Des_P:   9.4 | Des_R:   0.0 | Des_Y:   0.0 | Act_P:   13.5 | Act_R:    5.3 | Act_Y:   -2.1
[G01-W03] t=1.20s | Des_P:   9.4 | Des_R:   0.0 | Des_Y:   0.0 | Act_P:   10.4 | Act_R:    2.7 | Act_Y:   -1.7
[G01-W04] t=1.40s | Des_P:  35.6 | Des_R:   0.0 | Des_Y:   0.0 | Act_P:   37.3 | Act_R:    5.9 | Act_Y:   -1.7
[G01-W01] t=1.40s | Des_P:  35.6 | Des_R:   0.0 | Des_Y:   0.0 | Act_P:   37.1 | Act_R:    7.0 | Act_Y:   -1.8
[G01-W05] t=1.40s | Des_P:  35.6 | Des_R:   0.0 | Des_Y:   0.0 | Act_P:   36.1 | Act_R:    4.8 | Act_Y:   -1.6
[G01-W06] t=1.40s | Des_P:  35.6 | Des_R:   0.0 | Des_Y:   0.0 | Act_P:   36.4 | Act_R:    5.4 | Act_Y:   -1.7
[G01-W04] t=1.60s | Des_P:  45.0 | Des_R:   0.0 | Des_Y:   0.0 | Act_P:   32.8 | Act_R:    9.1 | Act_Y:   -1.6
[G01-W03] t=1.40s | Des_P:  35.6 | Des_R:   0.0 | Des_Y:   0.0 | Act_P:   34.4 | Act_R:    1.8 | Act_Y:   -1.8
[G01-W01] t=1.60s | Des_P:  45.0 | Des_R:   0.0 | Des_Y:   0.0 | Act_P:   34.0 | Act_R:    9.7 | Act_Y:   -1.5
[G01-W05] t=1.60s | Des_P:  45.0 | Des_R:   0.0 | Des_Y:   0.0 | Act_P:   33.8 | Act_R:    7.2 | Act_Y:   -1.5
[G01-W06] t=1.60s | Des_P:  45.0 | Des_R:   0.0 | Des_Y:   0.0 | Act_P:   34.0 | Act_R:    8.1 | Act_Y:   -1.5
[G01-W04] t=1.80s | Des_P:  45.0 | Des_R:   0.0 | Des_Y:   0.0 | Act_P:   35.5 | Act_R:   10.8 | Act_Y:   -1.4
[G01-W03] t=1.60s | Des_P:  45.0 | Des_R:   0.0 | Des_Y:   0.0 | Act_P:   39.6 | Act_R:    3.4 | Act_Y:   -1.2
[G01-W01] t=1.80s | Des_P:  45.0 | Des_R:   0.0 | Des_Y:   0.0 | Act_P:   35.0 | Act_R:   11.0 | Act_Y:   -1.6
[G01-W06] t=1.80s | Des_P:  45.0 | Des_R:   0.0 | Des_Y:   0.0 | Act_P:   34.6 | Act_R:    9.8 | Act_Y:   -1.5
[G01-W05] t=1.80s | Des_P:  45.0 | Des_R:   0.0 | Des_Y:   0.0 | Act_P:   34.3 | Act_R:    8.8 | Act_Y:   -1.4
[G01-W03] t=1.80s | Des_P:  45.0 | Des_R:   0.0 | Des_Y:   0.0 | Act_P:   39.1 | Act_R:    4.4 | Act_Y:   -1.1
[G01-W04] t=2.00s | Des_P:  45.0 | Des_R:   0.0 | Des_Y:   0.0 | Act_P:   34.6 | Act_R:   13.1 | Act_Y:   -0.7
[G01-W03] t=2.00s | Des_P:  45.0 | Des_R:   0.0 | Des_Y:   0.0 | Act_P:   39.7 | Act_R:    4.8 | Act_Y:   -0.5
[G01-W01] t=2.00s | Des_P:  45.0 | Des_R:   0.0 | Des_Y:   0.0 | Act_P:   34.8 | Act_R:   13.0 | Act_Y:   -0.7
[G01-W05] t=2.00s | Des_P:  45.0 | Des_R:   0.0 | Des_Y:   0.0 | Act_P:   34.8 | Act_R:   10.2 | Act_Y:   -0.8
[G01-W06] t=2.00s | Des_P:  45.0 | Des_R:   0.0 | Des_Y:   0.0 | Act_P:   35.2 | Act_R:   11.5 | Act_Y:   -0.8
[G01-W04] t=2.20s | Des_P:  45.0 | Des_R:   0.0 | Des_Y:   0.0 | Act_P:   30.8 | Act_R:   14.0 | Act_Y:   -0.3Eval ERROR G01-W04: [Errno 22] Invalid argument[G01-W03] t=2.20s | Des_P:  45.0 | Des_R:   0.0 | Des_Y:   0.0 | Act_P:   37.0 | Act_R:    4.7 | Act_Y:   -0.2Eval ERROR G01-W03: [Errno 22] Invalid argument[G01-W01] t=2.20s | Des_P:  45.0 | Des_R:   0.0 | Des_Y:   0.0 | Act_P:   31.3 | Act_R:   13.5 | Act_Y:   -0.3Eval ERROR G01-W01: [Errno 22] Invalid argument[G01-W05] t=2.20s | Des_P:  45.0 | Des_R:   0.0 | Des_Y:   0.0 | Act_P:   32.1 | Act_R:   10.7 | Act_Y:   -0.4Eval ERROR G01-W05: [Errno 22] Invalid argument[G01-W06] t=2.20s | Des_P:  45.0 | Des_R:   0.0 | Des_Y:   0.0 | Act_P:   31.8 | Act_R:   12.2 | Act_Y:   -0.5Eval ERROR G01-W06: [Errno 22] Invalid argument