==========================================================================================
Alpha-Scaled CMA-ES: Bode Frequency Response Optimization (STRICT LITERATURE BOUNDS)
Base PID (Step Gen 15): Kp=786.01, Ki=128.66, Kd=15.68
Searching: ['alpha', 'G_ton', 'G_sc', 'G_phas', 'kp_prop', 'k_gamma_dyn', 'k_gamma_stat']
==========================================================================================
(6_w,12mirr2)-aCMA-ES (mu_w=3.7,w_1=40%) in dimension 7 (seed=1007217, Thu Oct  1 23:16:47 2026)

--- Generation 1 ---
Eval EARLY ABORT at 1.12Hz: a=4.55(Kp=38.0), Gsc=4.59 => Est Score: 181507.9
Eval EARLY ABORT at 1.12Hz: a=4.04(Kp=48.1), Gsc=4.67 => Est Score: 74204.7
Eval EARLY ABORT at 1.12Hz: a=4.87(Kp=33.2), Gsc=4.94 => Est Score: 30666.1
Eval EARLY ABORT at 1.12Hz: a=3.44(Kp=66.6), Gsc=3.66 => Est Score: 84460.6
Eval EARLY ABORT at 1.12Hz: a=4.84(Kp=33.5), Gsc=4.99 => Est Score: 47104.8
Eval EARLY ABORT at 1.12Hz: a=4.60(Kp=37.1), Gsc=5.00 => Est Score: 25394.5
Eval EARLY ABORT at 1.12Hz: a=4.82(Kp=33.9), Gsc=4.61 => Est Score: 47578.9
Eval EARLY ABORT at 1.12Hz: a=4.08(Kp=47.2), Gsc=3.74 => Est Score: 97082.7
Eval EARLY ABORT at 1.12Hz: a=3.35(Kp=70.0), Gsc=4.79 => Est Score: 41618.6
Eval EARLY ABORT at 1.12Hz: a=4.71(Kp=35.5), Gsc=3.35 => Est Score: 36050.7
Eval EARLY ABORT at 1.12Hz: a=4.62(Kp=36.8), Gsc=3.79 => Est Score: 27443.3
Eval EARLY ABORT at 1.12Hz: a=5.00(Kp=31.4), Gsc=4.96 => Est Score: 24908.3
Iterat #Fevals   function value  axis ratio  sigma  min&max std  t[m:s]
    1     12 2.490829348779245e+04 1.0e+00 1.28e+00  4e-01  6e+00 4:13.5  
Gen 1: Best Bode SSE = 24908.3 | alpha=5.00(Kp=31.4,Ki=1.0,Kd=3.1), G_ton=6.647, G_sc=4.961, G_phas=5.172, kp_prop=0.645, k_gamma_dyn=50.896, k_gamma_stat=94.919

--- Generation 2 ---
Eval EARLY ABORT at 1.12Hz: a=4.68(Kp=35.9), Gsc=2.97 => Est Score: 29725.6
Eval EARLY ABORT at 1.12Hz: a=4.72(Kp=35.3), Gsc=4.35 => Est Score: 30695.4
Eval EARLY ABORT at 1.12Hz: a=4.45(Kp=39.6), Gsc=4.99 => Est Score: 77377.2
Eval EARLY ABORT at 1.12Hz: a=4.84(Kp=33.5), Gsc=4.51 => Est Score: 44909.7
Eval EARLY ABORT at 1.12Hz: a=4.92(Kp=32.4), Gsc=4.95 => Est Score: 29173.2
Eval CRASHED at 1.12Hz: a=4.86(Kp=33.2,Ki=1.1,Kd=3.2), Gton=6.89, Gsc=4.41Eval ERROR at 1.12Hz: [Errno 22] Invalid argumentEval CRASHED at 1.12Hz: a=4.67(Kp=36.1,Ki=1.3,Kd=3.4), Gton=6.81, Gsc=4.50Eval ERROR at 1.12Hz: [Errno 22] Invalid argumentEval CRASHED at 1.12Hz: a=4.31(Kp=42.4,Ki=1.6,Kd=3.6), Gton=7.65, Gsc=4.78Eval ERROR at 1.12Hz: [Errno 22] Invalid argumentEval CRASHED at 0.82Hz: a=4.51(Kp=38.6,Ki=1.4,Kd=3.5), Gton=8.91, Gsc=5.00Eval ERROR at 0.82Hz: [Errno 22] Invalid argumentEval CRASHED at 1.12Hz: a=4.94(Kp=32.1,Ki=1.1,Kd=3.2), Gton=7.28, Gsc=3.41Eval ERROR at 1.12Hz: [Errno 22] Invalid argumentEval CRASHED at 1.12Hz: a=4.62(Kp=36.8,Ki=1.3,Kd=3.4), Gton=9.98, Gsc=5.00Eval ERROR at 1.12Hz: [Errno 22] Invalid argumentEval CRASHED at 1.12Hz: a=4.83(Kp=33.7,Ki=1.1,Kd=3.2), Gton=9.00, Gsc=4.88Eval ERROR at 1.12Hz: [Errno 22] Invalid argument