Found simbody-visualizer, setting SIMBODY_HOME env var to  C:\Users\User\miniforge3\envs\opensim_env\Lib\opensim
96.34638121576471
[Fixation Controller] Initialized 3-DOF Virtual Work tracking for Eyes.
: 31.8 | R: -2.6 | Y: -9.4
t=1.40s | P: 45.2 | R: -5.5 | Y:-12.1
t=1.60s | P: 51.0 | R: -6.9 | Y:-11.5
t=1.80s | P: 53.5 | R: -4.3 | Y: -9.1
t=2.00s | P: 54.5 | R: -0.8 | Y: -5.4
t=2.20s | P: 53.1 | R:  2.6 | Y:  0.5
t=2.40s | P: 52.8 | R:  5.8 | Y:  4.7
t=2.60s | P: 51.4 | R:  7.2 | Y:  5.5
t=2.80s | P: 49.1 | R:  6.7 | Y:  4.6
t=3.00s | P: 46.8 | R:  9.2 | Y:  2.6
t=3.20s | P: 42.9 | R: 26.2 | Y:  1.6
t=3.40s | P: 30.6 | R: 36.9 | Y: -2.2
t=3.60s | P: 17.4 | R: 37.7 | Y: -6.8
t=3.80s | P: 13.2 | R: 37.9 | Y: -9.9
t=4.00s | P: 14.6 | R: 36.3 | Y: -6.1
t=4.20s | P: 24.6 | R: 27.8 | Y: -0.5
t=4.40s | P: 32.7 | R: 22.4 | Y:  3.3
t=4.60s | P: 25.0 | R: 14.7 | Y:  2.5
t=4.80s | P:  1.5 | R:  0.9 | Y: -4.1
t=5.00s | P:-22.8 | R:-15.4 | Y:-11.3
t=5.20s | P:-21.1 | R:-20.3 | Y: 15.9
t=5.40s | P:-18.7 | R:-25.4 | Y: 10.3
t=5.60s | P:-18.9 | R:-28.7 | Y: 10.4
t=5.80s | P:-17.0 | R:-30.7 | Y: 20.4
t=6.00s | P: -9.2 | R:-21.0 | Y: 36.8
96.34638121576471
