==========================================================================================
Alpha-Scaled CMA-ES: Bode Frequency Response Optimization (STRICT LITERATURE BOUNDS)
Base PID (Step Gen 15): Kp=786.01, Ki=128.66, Kd=15.68
Searching: ['alpha', 'G_ton', 'G_sc', 'G_phas', 'kp_prop', 'k_gamma_dyn', 'k_gamma_stat']
==========================================================================================
(6_w,12mirr2)-aCMA-ES (mu_w=3.7,w_1=40%) in dimension 7 (seed=909751, Thu Oct  1 23:24:15 2026)

--- Generation 1 ---
Eval EARLY ABORT at 1.12Hz: a=3.95(Kp=50.5), Gsc=3.49 => Est Score: 106369.1
Eval EARLY ABORT at 1.12Hz: a=4.61(Kp=37.0), Gsc=1.18 => Est Score: 37220.6
Eval EARLY ABORT at 1.12Hz: a=4.96(Kp=31.9), Gsc=4.37 => Est Score: 29682.1
Eval EARLY ABORT at 1.12Hz: a=4.95(Kp=32.0), Gsc=4.86 => Est Score: 28284.4
Eval EARLY ABORT at 1.12Hz: a=4.93(Kp=32.3), Gsc=4.56 => Est Score: 24148.4
Eval EARLY ABORT at 1.12Hz: a=4.42(Kp=40.2), Gsc=3.38 => Est Score: 24380.4
Eval EARLY ABORT at 1.12Hz: a=4.40(Kp=40.6), Gsc=4.42 => Est Score: 30286.6
Eval EARLY ABORT at 1.12Hz: a=4.20(Kp=44.5), Gsc=4.93 => Est Score: 33705.0
Eval EARLY ABORT at 1.12Hz: a=4.90(Kp=32.7), Gsc=3.51 => Est Score: 35391.4
Eval EARLY ABORT at 1.12Hz: a=4.92(Kp=32.4), Gsc=2.87 => Est Score: 40683.8
Eval EARLY ABORT at 1.12Hz: a=4.88(Kp=32.9), Gsc=3.44 => Est Score: 67150.9
Eval EARLY ABORT at 1.12Hz: a=4.48(Kp=39.2), Gsc=4.12 => Est Score: 62805.3
Iterat #Fevals   function value  axis ratio  sigma  min&max std  t[m:s]
    1     12 2.414837984370604e+04 1.0e+00 1.56e+00  5e-01  8e+00 4:04.3  
Gen 1: Best Bode SSE = 24148.4 | alpha=4.93(Kp=32.3,Ki=1.1,Kd=3.2), G_ton=5.098, G_sc=4.556, G_phas=5.111, kp_prop=0.495, k_gamma_dyn=50.491, k_gamma_stat=85.271

--- Generation 2 ---
Eval EARLY ABORT at 1.12Hz: a=4.40(Kp=40.6), Gsc=3.95 => Est Score: 140869.5
Eval EARLY ABORT at 1.12Hz: a=4.15(Kp=45.7), Gsc=4.85 => Est Score: 101590.1
Eval EARLY ABORT at 1.12Hz: a=3.68(Kp=58.0), Gsc=3.43 => Est Score: 66138.4
Eval EARLY ABORT at 1.12Hz: a=4.90(Kp=32.7), Gsc=3.59 => Est Score: 55345.5
Eval EARLY ABORT at 1.12Hz: a=4.55(Kp=38.0), Gsc=1.81 => Est Score: 26010.1
Eval EARLY ABORT at 1.12Hz: a=4.82(Kp=33.8), Gsc=3.83 => Est Score: 28080.2
Eval CRASHED at 1.12Hz: a=3.45(Kp=66.0,Ki=3.1,Kd=4.5), Gton=6.85, Gsc=3.51
Eval CRASHED at 1.12Hz: a=4.22(Kp=44.1,Ki=1.7,Kd=3.7), Gton=13.32, Gsc=2.57
Eval CRASHED at 1.12Hz: a=3.90(Kp=51.7,Ki=2.2,Kd=4.0), Gton=7.77, Gsc=4.45
Eval CRASHED at 1.12Hz: a=4.63(Kp=36.7,Ki=1.3,Kd=3.4), Gton=12.33, Gsc=2.43
Eval CRASHED at 1.12Hz: a=5.00(Kp=31.5,Ki=1.0,Kd=3.1), Gton=10.14, Gsc=3.11
Eval CRASHED at 1.12Hz: a=4.11(Kp=46.5,Ki=1.9,Kd=3.8), Gton=6.02, Gsc=4.89
