Found simbody-visualizer, setting SIMBODY_HOME env var to  C:\Users\User\miniforge3\envs\opensim_env\Lib\opensim
99.88796047801877
[Fixation Controller] Initialized 3-DOF Virtual Work tracking for Eyes.
: 37.7 | R: -5.9 | Y: -9.6
t=1.40s | P: 48.1 | R: -8.2 | Y:-18.6
t=1.60s | P: 50.5 | R:-10.5 | Y:-13.3
t=1.80s | P: 53.2 | R: -3.4 | Y: -5.3
t=2.00s | P: 53.4 | R:  4.3 | Y: -5.8
t=2.20s | P: 49.5 | R:  6.7 | Y: -3.7
t=2.40s | P: 48.4 | R:  7.7 | Y:  2.9
t=2.60s | P: 46.9 | R: 11.6 | Y:  5.4
t=2.80s | P: 39.7 | R: 14.9 | Y: -0.8
t=3.00s | P:  8.5 | R: 12.7 | Y: -8.8
t=3.20s | P:-29.0 | R: 33.5 | Y:-10.7
t=3.40s | P: 10.6 | R: 28.4 | Y:-28.4
t=3.60s | P:-21.5 | R: 35.4 | Y: -3.6
t=3.80s | P: 18.6 | R: 35.6 | Y:-10.9
t=4.00s | P: 12.8 | R: 35.2 | Y: -2.7
t=4.20s | P: 18.2 | R: 19.3 | Y:  9.4
t=4.40s | P: 40.2 | R:  9.5 | Y: -1.0
t=4.60s | P: -1.2 | R: -0.8 | Y:  4.7
t=4.80s | P:-12.7 | R:  1.0 | Y:  0.7
t=5.00s | P: 19.2 | R: -5.6 | Y:-15.6
t=5.20s | P:-22.5 | R:-40.1 | Y:  0.6
t=5.40s | P:-31.0 | R:-36.4 | Y: 10.1
t=5.60s | P:-32.1 | R:-34.1 | Y: 10.3
t=5.80s | P:-30.2 | R:-34.4 | Y: 20.5
t=6.00s | P:-11.0 | R:-31.5 | Y: 36.8
99.88796047801877
