=================================================================
ROUND 3: Step-Input PID Re-Optimization (with tuned reflexes)
Frozen Reflexes: G_ton=8.76, G_sc=4.33, G_phas=6.06
                 kp_prop=0.441, k_gamma_dyn=52.36, k_gamma_stat=92.37
Searching: Kp, Ki, Kd
=================================================================
(3_w,6)-aCMA-ES (mu_w=2.0,w_1=63%) in dimension 3 (seed=998770, Thu Oct  1 21:13:58 2026)

--- Generation 1 ---
Found simbody-visualizer, setting SIMBODY_HOME env var to  C:\Users\User\miniforge3\envs\opensim_env\Lib\opensim
Found simbody-visualizer, setting SIMBODY_HOME env var to  C:\Users\User\miniforge3\envs\opensim_env\Lib\opensim
Found simbody-visualizer, setting SIMBODY_HOME env var to  C:\Users\User\miniforge3\envs\opensim_env\Lib\opensim
Found simbody-visualizer, setting SIMBODY_HOME env var to  C:\Users\User\miniforge3\envs\opensim_env\Lib\opensim
Found simbody-visualizer, setting SIMBODY_HOME env var to  C:\Users\User\miniforge3\envs\opensim_env\Lib\opensim
Found simbody-visualizer, setting SIMBODY_HOME env var to  C:\Users\User\miniforge3\envs\opensim_env\Lib\opensim
[G01-W04] t=0.20s | Des_P:   0.0 | Des_R:   0.0 | Des_Y:   0.0 | Act_P:   -2.2 | Act_R:   -0.1 | Act_Y:   -0.9
[G01-W06] t=0.20s | Des_P:   0.0 | Des_R:   0.0 | Des_Y:   0.0 | Act_P:   -0.7 | Act_R:    1.3 | Act_Y:    0.5
[G01-W03] t=0.20s | Des_P:   0.0 | Des_R:   0.0 | Des_Y:   0.0 | Act_P:   -0.4 | Act_R:    1.3 | Act_Y:    0.9
[G01-W02] t=0.20s | Des_P:   0.0 | Des_R:   0.0 | Des_Y:   0.0 | Act_P:   -0.1 | Act_R:    1.6 | Act_Y:    1.3
[G01-W05] t=0.20s | Des_P:   0.0 | Des_R:   0.0 | Des_Y:   0.0 | Act_P:   -0.5 | Act_R:    1.4 | Act_Y:    0.7
[G01-W01] t=0.20s | Des_P:   0.0 | Des_R:   0.0 | Des_Y:   0.0 | Act_P:   -0.1 | Act_R:    1.6 | Act_Y:    1.3
[G01-W04] t=0.40s | Des_P:   0.0 | Des_R:   0.0 | Des_Y:   0.0 | Act_P:   -1.8 | Act_R:   -0.1 | Act_Y:   -0.5
[G01-W06] t=0.40s | Des_P:   0.0 | Des_R:   0.0 | Des_Y:   0.0 | Act_P:   -1.9 | Act_R:    0.8 | Act_Y:   -0.0
[G01-W03] t=0.40s | Des_P:   0.0 | Des_R:   0.0 | Des_Y:   0.0 | Act_P:   -1.1 | Act_R:    1.1 | Act_Y:    0.4
[G01-W05] t=0.40s | Des_P:   0.0 | Des_R:   0.0 | Des_Y:   0.0 | Act_P:   -1.7 | Act_R:    1.0 | Act_Y:    0.1
[G01-W02] t=0.40s | Des_P:   0.0 | Des_R:   0.0 | Des_Y:   0.0 | Act_P:   -1.2 | Act_R:    1.4 | Act_Y:    0.6
[G01-W01] t=0.40s | Des_P:   0.0 | Des_R:   0.0 | Des_Y:   0.0 | Act_P:   -1.4 | Act_R:    1.3 | Act_Y:    0.5
[G01-W04] t=0.60s | Des_P:   0.0 | Des_R:   0.0 | Des_Y:   0.0 | Act_P:   -1.6 | Act_R:    0.5 | Act_Y:   -0.1
[G01-W06] t=0.60s | Des_P:   0.0 | Des_R:   0.0 | Des_Y:   0.0 | Act_P:   -2.6 | Act_R:    0.7 | Act_Y:   -0.2
[G01-W05] t=0.60s | Des_P:   0.0 | Des_R:   0.0 | Des_Y:   0.0 | Act_P:   -2.7 | Act_R:    0.7 | Act_Y:   -0.1
[G01-W03] t=0.60s | Des_P:   0.0 | Des_R:   0.0 | Des_Y:   0.0 | Act_P:   -2.2 | Act_R:    0.8 | Act_Y:    0.0
[G01-W04] t=0.80s | Des_P:   0.0 | Des_R:   0.0 | Des_Y:   0.0 | Act_P:   -1.7 | Act_R:    0.2 | Act_Y:   -0.2
[G01-W02] t=0.60s | Des_P:   0.0 | Des_R:   0.0 | Des_Y:   0.0 | Act_P:   -2.3 | Act_R:    1.1 | Act_Y:    0.2
[G01-W01] t=0.60s | Des_P:   0.0 | Des_R:   0.0 | Des_Y:   0.0 | Act_P:   -2.5 | Act_R:    1.0 | Act_Y:    0.1
[G01-W06] t=0.80s | Des_P:   0.0 | Des_R:   0.0 | Des_Y:   0.0 | Act_P:   -3.2 | Act_R:    0.5 | Act_Y:   -0.3
[G01-W04] t=1.00s | Des_P:   0.0 | Des_R:   0.0 | Des_Y:   0.0 | Act_P:   -1.1 | Act_R:   -0.1 | Act_Y:   -0.4
[G01-W05] t=0.80s | Des_P:   0.0 | Des_R:   0.0 | Des_Y:   0.0 | Act_P:   -3.4 | Act_R:    0.6 | Act_Y:   -0.3Eval ERROR G01-W05: [Errno 22] Invalid argument[G01-W03] t=0.80s | Des_P:   0.0 | Des_R:   0.0 | Des_Y:   0.0 | Act_P:   -3.0 | Act_R:    0.5 | Act_Y:   -0.2Eval ERROR G01-W03: [Errno 22] Invalid argument[G01-W02] t=0.80s | Des_P:   0.0 | Des_R:   0.0 | Des_Y:   0.0 | Act_P:   -3.3 | Act_R:    0.7 | Act_Y:   -0.2Eval ERROR G01-W02: [Errno 22] Invalid argument[G01-W01] t=0.80s | Des_P:   0.0 | Des_R:   0.0 | Des_Y:   0.0 | Act_P:   -3.4 | Act_R:    0.8 | Act_Y:   -0.2Eval ERROR G01-W01: [Errno 22] Invalid argument[G01-W04] t=1.20s | Des_P:   9.4 | Des_R:   0.0 | Des_Y:   0.0 | Act_P:   12.1 | Act_R:   -1.0 | Act_Y:   -0.8Eval ERROR G01-W04: [Errno 22] Invalid argument[G01-W06] t=1.00s | Des_P:   0.0 | Des_R:   0.0 | Des_Y:   0.0 | Act_P:   -3.1 | Act_R:    0.2 | Act_Y:   -0.5Eval ERROR G01-W06: [Errno 22] Invalid argument