=================================================================
ROUND 3: Step-Input PID Re-Optimization (with tuned reflexes)
Frozen Reflexes: G_ton=8.76, G_sc=4.33, G_phas=6.06
                 kp_prop=0.441, k_gamma_dyn=52.36, k_gamma_stat=92.37
Searching: Kp, Ki, Kd
=================================================================
(3_w,6)-aCMA-ES (mu_w=2.0,w_1=63%) in dimension 3 (seed=1006707, Thu Oct  1 20:38:58 2026)

--- Generation 1 ---
Found simbody-visualizer, setting SIMBODY_HOME env var to  C:\Users\User\miniforge3\envs\opensim_env\Lib\opensim
Found simbody-visualizer, setting SIMBODY_HOME env var to  C:\Users\User\miniforge3\envs\opensim_env\Lib\opensimFound simbody-visualizer, setting SIMBODY_HOME env var to  C:\Users\User\miniforge3\envs\opensim_env\Lib\opensimFound simbody-visualizer, setting SIMBODY_HOME env var to  C:\Users\User\miniforge3\envs\opensim_env\Lib\opensimFound simbody-visualizer, setting SIMBODY_HOME env var to  C:\Users\User\miniforge3\envs\opensim_env\Lib\opensimFound simbody-visualizer, setting SIMBODY_HOME env var to  C:\Users\User\miniforge3\envs\opensim_env\Lib\opensim




[G01-W03] t=0.20s | Des: 0.0 | Act: -4.8 | Des_V: 0/s | Act_V: -63/s | Des_A: 0/s2
[G01-W01] t=0.20s | Des: 0.0 | Act: -3.4 | Des_V: 0/s | Act_V: -46/s | Des_A: 0/s2
[G01-W02] t=0.20s | Des: 0.0 | Act: -4.5 | Des_V: 0/s | Act_V: -75/s | Des_A: 0/s2
[G01-W04] t=0.20s | Des: 0.0 | Act: -2.6 | Des_V: 0/s | Act_V: -9/s | Des_A: 0/s2
[G01-W06] t=0.20s | Des: 0.0 | Act: -1.8 | Des_V: 0/s | Act_V: 3/s | Des_A: 0/s2
[G01-W05] t=0.20s | Des: 0.0 | Act: -1.6 | Des_V: 0/s | Act_V: 7/s | Des_A: 0/s2
[G01-W03] t=0.40s | Des: 0.0 | Act: -3.1 | Des_V: 0/s | Act_V: -3/s | Des_A: 0/s2
[G01-W01] t=0.40s | Des: 0.0 | Act: -4.9 | Des_V: 0/s | Act_V: -11/s | Des_A: 0/s2
[G01-W02] t=0.40s | Des: 0.0 | Act: -4.3 | Des_V: 0/s | Act_V: -4/s | Des_A: 0/s2
[G01-W04] t=0.40s | Des: 0.0 | Act: -5.3 | Des_V: 0/s | Act_V: -5/s | Des_A: 0/s2
[G01-W05] t=0.40s | Des: 0.0 | Act: -5.1 | Des_V: 0/s | Act_V: -20/s | Des_A: 0/s2
[G01-W06] t=0.40s | Des: 0.0 | Act: -5.3 | Des_V: 0/s | Act_V: -16/s | Des_A: 0/s2
[G01-W03] t=0.60s | Des: 0.0 | Act: -5.2 | Des_V: 0/s | Act_V: 16/s | Des_A: 0/s2
[G01-W01] t=0.60s | Des: 0.0 | Act: -6.3 | Des_V: 0/s | Act_V: 2/s | Des_A: 0/s2
[G01-W02] t=0.60s | Des: 0.0 | Act: -6.9 | Des_V: 0/s | Act_V: -6/s | Des_A: 0/s2
[G01-W04] t=0.60s | Des: 0.0 | Act: -7.4 | Des_V: 0/s | Act_V: 5/s | Des_A: 0/s2
[G01-W06] t=0.60s | Des: 0.0 | Act: -7.7 | Des_V: 0/s | Act_V: -1/s | Des_A: 0/s2
[G01-W05] t=0.60s | Des: 0.0 | Act: -7.4 | Des_V: 0/s | Act_V: -10/s | Des_A: 0/s2
[G01-W03] t=0.80s | Des: 0.0 | Act: -3.5 | Des_V: 0/s | Act_V: -1/s | Des_A: 0/s2
[G01-W01] t=0.80s | Des: 0.0 | Act: -4.7 | Des_V: 0/s | Act_V: 13/s | Des_A: 0/s2
[G01-W02] t=0.80s | Des: 0.0 | Act: -4.5 | Des_V: 0/s | Act_V: 2/s | Des_A: 0/s2
[G01-W04] t=0.80s | Des: 0.0 | Act: -5.9 | Des_V: 0/s | Act_V: 5/s | Des_A: 0/s2
[G01-W06] t=0.80s | Des: 0.0 | Act: -6.9 | Des_V: 0/s | Act_V: 13/s | Des_A: 0/s2
[G01-W05] t=0.80s | Des: 0.0 | Act: -6.9 | Des_V: 0/s | Act_V: 1/s | Des_A: 0/s2
[G01-W03] t=1.00s | Des: 0.0 | Act: -1.6 | Des_V: 0/s | Act_V: 5/s | Des_A: 0/s2
[G01-W01] t=1.00s | Des: 0.0 | Act: -2.5 | Des_V: 0/s | Act_V: 18/s | Des_A: 0/s2
[G01-W02] t=1.00s | Des: 0.0 | Act: -2.7 | Des_V: 0/s | Act_V: 12/s | Des_A: 0/s2
[G01-W04] t=1.00s | Des: 0.0 | Act: -3.5 | Des_V: 0/s | Act_V: 6/s | Des_A: 0/s2
[G01-W06] t=1.00s | Des: 0.0 | Act: -4.5 | Des_V: 0/s | Act_V: 21/s | Des_A: 0/s2
[G01-W05] t=1.00s | Des: 0.0 | Act: -4.8 | Des_V: 0/s | Act_V: 7/s | Des_A: 0/s2
[G01-W03] t=1.20s | Des: 9.4 | Act: 14.2 | Des_V: 111/s | Act_V: 119/s | Des_A: 556/s2
[G01-W01] t=1.20s | Des: 9.4 | Act: 14.2 | Des_V: 111/s | Act_V: 122/s | Des_A: 556/s2
[G01-W02] t=1.20s | Des: 9.4 | Act: 15.1 | Des_V: 111/s | Act_V: 127/s | Des_A: 556/s2
[G01-W06] t=1.20s | Des: 9.4 | Act: 11.8 | Des_V: 111/s | Act_V: 138/s | Des_A: 556/s2
[G01-W04] t=1.20s | Des: 9.4 | Act: 12.8 | Des_V: 111/s | Act_V: 123/s | Des_A: 556/s2
[G01-W03] t=1.40s | Des: 35.6 | Act: 34.9 | Des_V: 111/s | Act_V: 47/s | Des_A: -556/s2
[G01-W05] t=1.20s | Des: 9.4 | Act: 11.1 | Des_V: 111/s | Act_V: 118/s | Des_A: 556/s2
[G01-W01] t=1.40s | Des: 35.6 | Act: 35.8 | Des_V: 111/s | Act_V: 43/s | Des_A: -556/s2
[G01-W02] t=1.40s | Des: 35.6 | Act: 34.3 | Des_V: 111/s | Act_V: 33/s | Des_A: -556/s2
[G01-W06] t=1.40s | Des: 35.6 | Act: 36.4 | Des_V: 111/s | Act_V: 67/s | Des_A: -556/s2
[G01-W04] t=1.40s | Des: 35.6 | Act: 36.1 | Des_V: 111/s | Act_V: 51/s | Des_A: -556/s2
[G01-W05] t=1.40s | Des: 35.6 | Act: 36.1 | Des_V: 111/s | Act_V: 76/s | Des_A: -556/s2
[G01-W03] t=1.60s | Des: 45.0 | Act: 32.5 | Des_V: 0/s | Act_V: 23/s | Des_A: 0/s2
[G01-W02] t=1.60s | Des: 45.0 | Act: 31.1 | Des_V: 0/s | Act_V: 18/s | Des_A: 0/s2
[G01-W01] t=1.60s | Des: 45.0 | Act: 33.2 | Des_V: 0/s | Act_V: -0/s | Des_A: 0/s2
[G01-W05] t=1.60s | Des: 45.0 | Act: 35.6 | Des_V: 0/s | Act_V: -21/s | Des_A: 0/s2
[G01-W03] t=1.80s | Des: 45.0 | Act: 35.2 | Des_V: 0/s | Act_V: 4/s | Des_A: 0/s2
[G01-W04] t=1.60s | Des: 45.0 | Act: 33.9 | Des_V: 0/s | Act_V: -14/s | Des_A: 0/s2
[G01-W06] t=1.60s | Des: 45.0 | Act: 35.3 | Des_V: 0/s | Act_V: -13/s | Des_A: 0/s2
[G01-W02] t=1.80s | Des: 45.0 | Act: 33.6 | Des_V: 0/s | Act_V: 0/s | Des_A: 0/s2
[G01-W01] t=1.80s | Des: 45.0 | Act: 33.6 | Des_V: 0/s | Act_V: 26/s | Des_A: 0/s2
[G01-W05] t=1.80s | Des: 45.0 | Act: 34.7 | Des_V: 0/s | Act_V: 8/s | Des_A: 0/s2
[G01-W04] t=1.80s | Des: 45.0 | Act: 34.6 | Des_V: 0/s | Act_V: 8/s | Des_A: 0/s2
[G01-W03] t=2.00s | Des: 45.0 | Act: 34.8 | Des_V: 0/s | Act_V: -10/s | Des_A: 0/s2
[G01-W06] t=1.80s | Des: 45.0 | Act: 34.9 | Des_V: 0/s | Act_V: 19/s | Des_A: 0/s2
[G01-W02] t=2.00s | Des: 45.0 | Act: 34.8 | Des_V: 0/s | Act_V: -9/s | Des_A: 0/s2
[G01-W05] t=2.00s | Des: 45.0 | Act: 36.4 | Des_V: 0/s | Act_V: -12/s | Des_A: 0/s2
[G01-W04] t=2.00s | Des: 45.0 | Act: 35.1 | Des_V: 0/s | Act_V: -14/s | Des_A: 0/s2
[G01-W01] t=2.00s | Des: 45.0 | Act: 34.5 | Des_V: 0/s | Act_V: -16/s | Des_A: 0/s2
[G01-W03] t=2.20s | Des: 45.0 | Act: 30.7 | Des_V: 0/s | Act_V: -19/s | Des_A: 0/s2
[G01-W06] t=2.00s | Des: 45.0 | Act: 35.0 | Des_V: 0/s | Act_V: -0/s | Des_A: 0/s2
[G01-W02] t=2.20s | Des: 45.0 | Act: 30.3 | Des_V: 0/s | Act_V: -20/s | Des_A: 0/s2
[G01-W05] t=2.20s | Des: 45.0 | Act: 33.6 | Des_V: 0/s | Act_V: -24/s | Des_A: 0/s2
[G01-W04] t=2.20s | Des: 45.0 | Act: 32.8 | Des_V: 0/s | Act_V: -19/s | Des_A: 0/s2
[G01-W03] t=2.40s | Des: 45.0 | Act: 28.4 | Des_V: 0/s | Act_V: -26/s | Des_A: 0/s2
[G01-W01] t=2.20s | Des: 45.0 | Act: 31.2 | Des_V: 0/s | Act_V: -22/s | Des_A: 0/s2
[G01-W06] t=2.20s | Des: 45.0 | Act: 32.3 | Des_V: 0/s | Act_V: -18/s | Des_A: 0/s2
[G01-W02] t=2.40s | Des: 45.0 | Act: 26.8 | Des_V: 0/s | Act_V: -32/s | Des_A: 0/s2
[G01-W04] t=2.40s | Des: 45.0 | Act: 29.0 | Des_V: 0/s | Act_V: -24/s | Des_A: 0/s2
[G01-W05] t=2.40s | Des: 45.0 | Act: 29.6 | Des_V: 0/s | Act_V: -21/s | Des_A: 0/s2
[G01-W01] t=2.40s | Des: 45.0 | Act: 27.2 | Des_V: 0/s | Act_V: -23/s | Des_A: 0/s2
[G01-W03] t=2.60s | Des: 45.0 | Act: 25.3 | Des_V: 0/s | Act_V: 0/s | Des_A: 0/s2
[G01-W06] t=2.40s | Des: 45.0 | Act: 28.8 | Des_V: 0/s | Act_V: -12/s | Des_A: 0/s2
[G01-W04] t=2.60s | Des: 45.0 | Act: 26.2 | Des_V: 0/s | Act_V: -20/s | Des_A: 0/s2
[G01-W02] t=2.60s | Des: 45.0 | Act: 24.7 | Des_V: 0/s | Act_V: -14/s | Des_A: 0/s2
[G01-W05] t=2.60s | Des: 45.0 | Act: 26.5 | Des_V: 0/s | Act_V: -16/s | Des_A: 0/s2
[G01-W03] t=2.80s | Des: 45.0 | Act: 23.1 | Des_V: 0/s | Act_V: -8/s | Des_A: 0/s2
[G01-W01] t=2.60s | Des: 45.0 | Act: 24.5 | Des_V: 0/s | Act_V: -18/s | Des_A: 0/s2
[G01-W06] t=2.60s | Des: 45.0 | Act: 25.2 | Des_V: 0/s | Act_V: -14/s | Des_A: 0/s2
[G01-W02] t=2.80s | Des: 45.0 | Act: 22.0 | Des_V: 0/s | Act_V: 12/s | Des_A: 0/s2
[G01-W04] t=2.80s | Des: 45.0 | Act: 25.1 | Des_V: 0/s | Act_V: 4/s | Des_A: 0/s2
[G01-W03] t=3.00s | Des: 45.0 | Act: 24.7 | Des_V: 0/s | Act_V: -8/s | Des_A: 0/s2
[G01-W05] t=2.80s | Des: 45.0 | Act: 25.0 | Des_V: 0/s | Act_V: -11/s | Des_A: 0/s2
[G01-W01] t=2.80s | Des: 45.0 | Act: 22.2 | Des_V: 0/s | Act_V: 19/s | Des_A: 0/s2
[G01-W06] t=2.80s | Des: 45.0 | Act: 23.7 | Des_V: 0/s | Act_V: -13/s | Des_A: 0/s2
[G01-W02] t=3.00s | Des: 45.0 | Act: 22.7 | Des_V: 0/s | Act_V: -18/s | Des_A: 0/s2
[G01-W04] t=3.00s | Des: 45.0 | Act: 23.6 | Des_V: 0/s | Act_V: 25/s | Des_A: 0/s2
[G01-W03] t=3.20s | Des: 45.0 | Act: 24.4 | Des_V: 0/s | Act_V: -2/s | Des_A: 0/s2
[G01-W05] t=3.00s | Des: 45.0 | Act: 24.0 | Des_V: 0/s | Act_V: -5/s | Des_A: 0/s2
[G01-W01] t=3.00s | Des: 45.0 | Act: 21.8 | Des_V: 0/s | Act_V: -11/s | Des_A: 0/s2
[G01-W06] t=3.00s | Des: 45.0 | Act: 23.2 | Des_V: 0/s | Act_V: 18/s | Des_A: 0/s2
[G01-W02] t=3.20s | Des: 45.0 | Act: 24.3 | Des_V: 0/s | Act_V: 2/s | Des_A: 0/s2
[G01-W04] t=3.20s | Des: 45.0 | Act: 24.6 | Des_V: 0/s | Act_V: -6/s | Des_A: 0/s2
[G01-W03] t=3.40s | Des: 45.0 | Act: 28.2 | Des_V: 0/s | Act_V: 15/s | Des_A: 0/s2
[G01-W05] t=3.20s | Des: 45.0 | Act: 24.2 | Des_V: 0/s | Act_V: 22/s | Des_A: 0/s2
[G01-W01] t=3.20s | Des: 45.0 | Act: 23.5 | Des_V: 0/s | Act_V: 5/s | Des_A: 0/s2
[G01-W02] t=3.40s | Des: 45.0 | Act: 28.5 | Des_V: 0/s | Act_V: 24/s | Des_A: 0/s2
[G01-W06] t=3.20s | Des: 45.0 | Act: 24.0 | Des_V: 0/s | Act_V: -0/s | Des_A: 0/s2
[G01-W04] t=3.40s | Des: 45.0 | Act: 28.2 | Des_V: 0/s | Act_V: 25/s | Des_A: 0/s2
[G01-W03] t=3.60s | Des: 45.0 | Act: 32.9 | Des_V: 0/s | Act_V: 18/s | Des_A: 0/s2
[G01-W01] t=3.40s | Des: 45.0 | Act: 27.3 | Des_V: 0/s | Act_V: 13/s | Des_A: 0/s2
[G01-W05] t=3.40s | Des: 45.0 | Act: 26.7 | Des_V: 0/s | Act_V: 15/s | Des_A: 0/s2
[G01-W02] t=3.60s | Des: 45.0 | Act: 34.2 | Des_V: 0/s | Act_V: 24/s | Des_A: 0/s2
[G01-W06] t=3.40s | Des: 45.0 | Act: 26.4 | Des_V: 0/s | Act_V: 17/s | Des_A: 0/s2
[G01-W04] t=3.60s | Des: 45.0 | Act: 33.3 | Des_V: 0/s | Act_V: 27/s | Des_A: 0/s2
[G01-W03] t=3.80s | Des: 45.0 | Act: 39.9 | Des_V: 0/s | Act_V: 35/s | Des_A: 0/s2
[G01-W01] t=3.60s | Des: 45.0 | Act: 30.8 | Des_V: 0/s | Act_V: 35/s | Des_A: 0/s2
[G01-W05] t=3.60s | Des: 45.0 | Act: 30.0 | Des_V: 0/s | Act_V: 21/s | Des_A: 0/s2
[G01-W02] t=3.80s | Des: 45.0 | Act: 41.0 | Des_V: 0/s | Act_V: 25/s | Des_A: 0/s2
[G01-W04] t=3.80s | Des: 45.0 | Act: 38.5 | Des_V: 0/s | Act_V: 43/s | Des_A: 0/s2
[G01-W06] t=3.60s | Des: 45.0 | Act: 30.0 | Des_V: 0/s | Act_V: 30/s | Des_A: 0/s2
[G01-W03] t=4.00s | Des: 45.0 | Act: 44.1 | Des_V: 0/s | Act_V: 28/s | Des_A: 0/s2
[G01-W01] t=3.80s | Des: 45.0 | Act: 39.7 | Des_V: 0/s | Act_V: 38/s | Des_A: 0/s2
[G01-W05] t=3.80s | Des: 45.0 | Act: 36.8 | Des_V: 0/s | Act_V: 44/s | Des_A: 0/s2
[G01-W04] t=4.00s | Des: 45.0 | Act: 43.9 | Des_V: 0/s | Act_V: 23/s | Des_A: 0/s2
[G01-W02] t=4.00s | Des: 45.0 | Act: 46.3 | Des_V: 0/s | Act_V: 25/s | Des_A: 0/s2
[G01-W06] t=3.80s | Des: 45.0 | Act: 37.8 | Des_V: 0/s | Act_V: 38/s | Des_A: 0/s2
[G01-W03] t=4.20s | Des: 45.0 | Act: 46.7 | Des_V: 0/s | Act_V: 6/s | Des_A: 0/s2
[G01-W01] t=4.00s | Des: 45.0 | Act: 44.2 | Des_V: 0/s | Act_V: 35/s | Des_A: 0/s2
[G01-W05] t=4.00s | Des: 45.0 | Act: 42.2 | Des_V: 0/s | Act_V: 21/s | Des_A: 0/s2
[G01-W06] t=4.00s | Des: 45.0 | Act: 42.9 | Des_V: 0/s | Act_V: 20/s | Des_A: 0/s2
[G01-W02] t=4.20s | Des: 45.0 | Act: 49.2 | Des_V: 0/s | Act_V: 9/s | Des_A: 0/s2
[G01-W04] t=4.20s | Des: 45.0 | Act: 47.6 | Des_V: 0/s | Act_V: 16/s | Des_A: 0/s2
[G01-W03] t=4.40s | Des: 45.0 | Act: 48.0 | Des_V: 0/s | Act_V: 5/s | Des_A: 0/s2
[Fixation Controller] Initialized 3-DOF Virtual Work tracking for Eyes.
Traceback (most recent call last):
  File "D:\Akademik\PhD_Thesis\OpenSim\HeadNeck_Control_w_Sensors_Opensim4_6\cmaes_step_worker.py", line 154, in <module>
    err = evaluate_params(Kp, Ki, Kd, G_ton, G_sc, G_phas, kp_prop, k_gamma_dyn, k_gamma_stat, worker_id)
          ^^^^^^^^^^^^^^^^^^^^^^^^^^^^^^^^^^^^^^^^^^^^^^^^^^^^^^^^^^^^^^^^^^^^^^^^^^^^^^^^^^^^^^^^^^^^^^^
  File "D:\Akademik\PhD_Thesis\OpenSim\HeadNeck_Control_w_Sensors_Opensim4_6\cmaes_step_worker.py", line 119, in evaluate_params
    state = manager.integrate(t)
            ^^^^^^^^^^^^^^^^^^^^
  File "C:\Users\User\miniforge3\envs\opensim_env\Lib\opensim\simulation.py", line 28704, in integrate
    return _simulation.Manager_integrate(self, finalTime)
           ^^^^^^^^^^^^^^^^^^^^^^^^^^^^^^^^^^^^^^^^^^^^^^
KeyboardInterrupt
Eval CRASHED: G01-W02 | Kp=107.33, Ki=20.53, Kd=16.82
[Fixation Controller] Initialized 3-DOF Virtual Work tracking for Eyes.
Traceback (most recent call last):
  File "D:\Akademik\PhD_Thesis\OpenSim\HeadNeck_Control_w_Sensors_Opensim4_6\cmaes_step_worker.py", line 154, in <module>
    err = evaluate_params(Kp, Ki, Kd, G_ton, G_sc, G_phas, kp_prop, k_gamma_dyn, k_gamma_stat, worker_id)
          ^^^^^^^^^^^^^^^^^^^^^^^^^^^^^^^^^^^^^^^^^^^^^^^^^^^^^^^^^^^^^^^^^^^^^^^^^^^^^^^^^^^^^^^^^^^^^^^
  File "D:\Akademik\PhD_Thesis\OpenSim\HeadNeck_Control_w_Sensors_Opensim4_6\cmaes_step_worker.py", line 119, in evaluate_params
    state = manager.integrate(t)
            ^^^^^^^^^^^^^^^^^^^^
  File "C:\Users\User\miniforge3\envs\opensim_env\Lib\opensim\simulation.py", line 28704, in integrate
    return _simulation.Manager_integrate(self, finalTime)
           ^^^^^^^^^^^^^^^^^^^^^^^^^^^^^^^^^^^^^^^^^^^^^^
KeyboardInterrupt
Eval CRASHED: G01-W01 | Kp=112.85, Ki=3.60, Kd=23.63
[Fixation Controller] Initialized 3-DOF Virtual Work tracking for Eyes.
Traceback (most recent call last):
  File "D:\Akademik\PhD_Thesis\OpenSim\HeadNeck_Control_w_Sensors_Opensim4_6\cmaes_step_worker.py", line 154, in <module>
    err = evaluate_params(Kp, Ki, Kd, G_ton, G_sc, G_phas, kp_prop, k_gamma_dyn, k_gamma_stat, worker_id)
          ^^^^^^^^^^^^^^^^^^^^^^^^^^^^^^^^^^^^^^^^^^^^^^^^^^^^^^^^^^^^^^^^^^^^^^^^^^^^^^^^^^^^^^^^^^^^^^^
  File "D:\Akademik\PhD_Thesis\OpenSim\HeadNeck_Control_w_Sensors_Opensim4_6\cmaes_step_worker.py", line 119, in evaluate_params
    state = manager.integrate(t)
            ^^^^^^^^^^^^^^^^^^^^
  File "C:\Users\User\miniforge3\envs\opensim_env\Lib\opensim\simulation.py", line 28704, in integrate
    return _simulation.Manager_integrate(self, finalTime)
           ^^^^^^^^^^^^^^^^^^^^^^^^^^^^^^^^^^^^^^^^^^^^^^
KeyboardInterrupt
Eval CRASHED: G01-W05 | Kp=118.09, Ki=1.45, Kd=35.80
[Fixation Controller] Initialized 3-DOF Virtual Work tracking for Eyes.
Traceback (most recent call last):
  File "D:\Akademik\PhD_Thesis\OpenSim\HeadNeck_Control_w_Sensors_Opensim4_6\cmaes_step_worker.py", line 154, in <module>
    err = evaluate_params(Kp, Ki, Kd, G_ton, G_sc, G_phas, kp_prop, k_gamma_dyn, k_gamma_stat, worker_id)
          ^^^^^^^^^^^^^^^^^^^^^^^^^^^^^^^^^^^^^^^^^^^^^^^^^^^^^^^^^^^^^^^^^^^^^^^^^^^^^^^^^^^^^^^^^^^^^^^
  File "D:\Akademik\PhD_Thesis\OpenSim\HeadNeck_Control_w_Sensors_Opensim4_6\cmaes_step_worker.py", line 119, in evaluate_params
    state = manager.integrate(t)
            ^^^^^^^^^^^^^^^^^^^^
  File "C:\Users\User\miniforge3\envs\opensim_env\Lib\opensim\simulation.py", line 28704, in integrate
    return _simulation.Manager_integrate(self, finalTime)
           ^^^^^^^^^^^^^^^^^^^^^^^^^^^^^^^^^^^^^^^^^^^^^^
KeyboardInterrupt
[Fixation Controller] Initialized 3-DOF Virtual Work tracking for Eyes.
Traceback (most recent call last):
  File "D:\Akademik\PhD_Thesis\OpenSim\HeadNeck_Control_w_Sensors_Opensim4_6\cmaes_step_worker.py", line 154, in <module>
    err = evaluate_params(Kp, Ki, Kd, G_ton, G_sc, G_phas, kp_prop, k_gamma_dyn, k_gamma_stat, worker_id)
          ^^^^^^^^^^^^^^^^^^^^^^^^^^^^^^^^^^^^^^^^^^^^^^^^^^^^^^^^^^^^^^^^^^^^^^^^^^^^^^^^^^^^^^^^^^^^^^^
  File "D:\Akademik\PhD_Thesis\OpenSim\HeadNeck_Control_w_Sensors_Opensim4_6\cmaes_step_worker.py", line 119, in evaluate_params
    state = manager.integrate(t)
            ^^^^^^^^^^^^^^^^^^^^
  File "C:\Users\User\miniforge3\envs\opensim_env\Lib\opensim\simulation.py", line 28704, in integrate
    return _simulation.Manager_integrate(self, finalTime)
           ^^^^^^^^^^^^^^^^^^^^^^^^^^^^^^^^^^^^^^^^^^^^^^
KeyboardInterrupt
Eval CRASHED: G01-W04 | Kp=119.75, Ki=16.58, Kd=28.02
Eval CRASHED: G01-W03 | Kp=135.70, Ki=4.23, Kd=17.25
[Fixation Controller] Initialized 3-DOF Virtual Work tracking for Eyes.
Traceback (most recent call last):
  File "D:\Akademik\PhD_Thesis\OpenSim\HeadNeck_Control_w_Sensors_Opensim4_6\cmaes_step_worker.py", line 154, in <module>
    err = evaluate_params(Kp, Ki, Kd, G_ton, G_sc, G_phas, kp_prop, k_gamma_dyn, k_gamma_stat, worker_id)
          ^^^^^^^^^^^^^^^^^^^^^^^^^^^^^^^^^^^^^^^^^^^^^^^^^^^^^^^^^^^^^^^^^^^^^^^^^^^^^^^^^^^^^^^^^^^^^^^
  File "D:\Akademik\PhD_Thesis\OpenSim\HeadNeck_Control_w_Sensors_Opensim4_6\cmaes_step_worker.py", line 119, in evaluate_params
    state = manager.integrate(t)
            ^^^^^^^^^^^^^^^^^^^^
  File "C:\Users\User\miniforge3\envs\opensim_env\Lib\opensim\simulation.py", line 28704, in integrate
    return _simulation.Manager_integrate(self, finalTime)
           ^^^^^^^^^^^^^^^^^^^^^^^^^^^^^^^^^^^^^^^^^^^^^^
KeyboardInterrupt
Eval CRASHED: G01-W06 | Kp=113.73, Ki=2.36, Kd=32.94
