==========================================================================================
CMA-ES: Decoupled Bode Frequency Response Optimization (9 Dimensions)
Searching: ['Kp', 'Ki', 'Kd', 'G_ton', 'G_sc', 'G_phas', 'kp_prop', 'k_gamma_dyn', 'k_gamma_stat']
==========================================================================================
(8_w,16mirr3)-aCMA-ES (mu_w=4.8,w_1=32%) in dimension 9 (seed=1056278, Fri Oct  2 23:12:16 2026)
Eval TIMEOUT at 1.12HzEval TIMEOUT at 1.12HzEval TIMEOUT at 1.12Hz


Eval TIMEOUT at 1.12Hz
Eval TIMEOUT at 1.12Hz
Eval TIMEOUT at 1.12Hz
Eval TIMEOUT at 1.12HzEval TIMEOUT at 1.12Hz

Eval TIMEOUT at 1.12HzEval TIMEOUT at 1.12HzEval TIMEOUT at 1.12HzEval TIMEOUT at 1.12Hz



Eval EARLY ABORT at 1.12Hz: Kp=149.7, Gsc=3.12 => Est Score: 35244.7
Eval TIMEOUT at 1.12HzEval TIMEOUT at 1.12Hz

Eval TIMEOUT at 1.12Hz
Iterat #Fevals   function value  axis ratio  sigma  min&max std  t[m:s]
    1     16 3.524467810310840e+04 1.0e+00 1.88e+00  6e-01  4e+01 15:00.3  
Gen 1: Best Bode SSE = 35244.7 | Kp=149.7, Ki=3.3, Kd=10.1, G_ton=14.169, G_sc=3.125, G_phas=2.329, kp_prop=0.199, k_gamma_dyn=50.366, k_gamma_stat=93.954

Eval CRASHED at 1.12Hz: Kp=132.6, Gton=5.06, Gsc=4.35
None
Eval CRASHED at 1.12Hz: Kp=149.0, Gton=16.07, Gsc=3.16
None
Eval CRASHED at 1.12Hz: Kp=147.7, Gton=12.85, Gsc=4.87
None
Eval CRASHED at 1.12Hz: Kp=96.3, Gton=7.61, Gsc=4.24
None
Eval CRASHED at 1.12Hz: Kp=89.3, Gton=9.73, Gsc=3.44
None
Eval CRASHED at 1.12Hz: Kp=125.0, Gton=18.89, Gsc=4.51
None
Eval CRASHED at 1.12Hz: Kp=129.2, Gton=10.83, Gsc=3.30
None
