=================================================================
ROUND 3: Step-Input PID Re-Optimization (with tuned reflexes)
Frozen Reflexes: G_ton=8.76, G_sc=4.33, G_phas=6.06
                 kp_prop=0.441, k_gamma_dyn=52.36, k_gamma_stat=92.37
Searching: Kp, Ki, Kd
=================================================================
(3_w,6)-aCMA-ES (mu_w=2.0,w_1=63%) in dimension 3 (seed=950581, Thu Oct  1 21:07:50 2026)

--- Generation 1 ---
Found simbody-visualizer, setting SIMBODY_HOME env var to  C:\Users\User\miniforge3\envs\opensim_env\Lib\opensim
Found simbody-visualizer, setting SIMBODY_HOME env var to  C:\Users\User\miniforge3\envs\opensim_env\Lib\opensimFound simbody-visualizer, setting SIMBODY_HOME env var to  C:\Users\User\miniforge3\envs\opensim_env\Lib\opensimFound simbody-visualizer, setting SIMBODY_HOME env var to  C:\Users\User\miniforge3\envs\opensim_env\Lib\opensimFound simbody-visualizer, setting SIMBODY_HOME env var to  C:\Users\User\miniforge3\envs\opensim_env\Lib\opensim

Found simbody-visualizer, setting SIMBODY_HOME env var to  C:\Users\User\miniforge3\envs\opensim_env\Lib\opensim


[G01-W02] t=0.20s | Des_P:   0.0 | Des_R:   0.0 | Des_Y:   0.0 | Act_P:   -2.5 | Act_R:   12.6 | Act_Y:    2.0
[G01-W04] t=0.20s | Des_P:   0.0 | Des_R:   0.0 | Des_Y:   0.0 | Act_P:   -3.4 | Act_R:    3.8 | Act_Y:   -0.1
[G01-W01] t=0.20s | Des_P:   0.0 | Des_R:   0.0 | Des_Y:   0.0 | Act_P:   -0.6 | Act_R:    2.6 | Act_Y:    0.9
[G01-W03] t=0.20s | Des_P:   0.0 | Des_R:   0.0 | Des_Y:   0.0 | Act_P:   -2.1 | Act_R:    2.9 | Act_Y:    0.2
[G01-W06] t=0.20s | Des_P:   0.0 | Des_R:   0.0 | Des_Y:   0.0 | Act_P:   -1.3 | Act_R:    3.1 | Act_Y:    0.7
[G01-W05] t=0.20s | Des_P:   0.0 | Des_R:   0.0 | Des_Y:   0.0 | Act_P:   -0.5 | Act_R:    2.7 | Act_Y:    1.1
[G01-W02] t=0.40s | Des_P:   0.0 | Des_R:   0.0 | Des_Y:   0.0 | Act_P:   -7.5 | Act_R:    5.9 | Act_Y:   -9.0
[G01-W01] t=0.40s | Des_P:   0.0 | Des_R:   0.0 | Des_Y:   0.0 | Act_P:   -4.6 | Act_R:    3.2 | Act_Y:   -0.3
[G01-W04] t=0.40s | Des_P:   0.0 | Des_R:   0.0 | Des_Y:   0.0 | Act_P:   -5.1 | Act_R:    5.8 | Act_Y:   -1.0
[G01-W03] t=0.40s | Des_P:   0.0 | Des_R:   0.0 | Des_Y:   0.0 | Act_P:   -5.3 | Act_R:    4.7 | Act_Y:   -0.7
[G01-W06] t=0.40s | Des_P:   0.0 | Des_R:   0.0 | Des_Y:   0.0 | Act_P:   -5.5 | Act_R:    4.9 | Act_Y:   -0.5
[G01-W05] t=0.40s | Des_P:   0.0 | Des_R:   0.0 | Des_Y:   0.0 | Act_P:   -4.0 | Act_R:    3.2 | Act_Y:    0.0
[G01-W02] t=0.60s | Des_P:   0.0 | Des_R:   0.0 | Des_Y:   0.0 | Act_P:   13.3 | Act_R:    4.0 | Act_Y:    4.0
[G01-W04] t=0.60s | Des_P:   0.0 | Des_R:   0.0 | Des_Y:   0.0 | Act_P:   -6.8 | Act_R:    7.0 | Act_Y:   -2.0
[G01-W03] t=0.60s | Des_P:   0.0 | Des_R:   0.0 | Des_Y:   0.0 | Act_P:   -7.8 | Act_R:    5.6 | Act_Y:   -1.3
[G01-W01] t=0.60s | Des_P:   0.0 | Des_R:   0.0 | Des_Y:   0.0 | Act_P:   -6.5 | Act_R:    4.3 | Act_Y:   -0.6
[G01-W06] t=0.60s | Des_P:   0.0 | Des_R:   0.0 | Des_Y:   0.0 | Act_P:   -8.4 | Act_R:    6.7 | Act_Y:   -1.0
[G01-W05] t=0.60s | Des_P:   0.0 | Des_R:   0.0 | Des_Y:   0.0 | Act_P:   -6.1 | Act_R:    3.9 | Act_Y:   -0.4
[G01-W02] t=0.80s | Des_P:   0.0 | Des_R:   0.0 | Des_Y:   0.0 | Act_P:   -6.8 | Act_R:    9.1 | Act_Y:   -0.5
[G01-W04] t=0.80s | Des_P:   0.0 | Des_R:   0.0 | Des_Y:   0.0 | Act_P:   -4.9 | Act_R:    8.0 | Act_Y:   -1.8
[G01-W03] t=0.80s | Des_P:   0.0 | Des_R:   0.0 | Des_Y:   0.0 | Act_P:   -6.7 | Act_R:    6.1 | Act_Y:   -1.5
[G01-W06] t=0.80s | Des_P:   0.0 | Des_R:   0.0 | Des_Y:   0.0 | Act_P:   -8.2 | Act_R:    7.8 | Act_Y:   -1.5
[G01-W01] t=0.80s | Des_P:   0.0 | Des_R:   0.0 | Des_Y:   0.0 | Act_P:   -7.2 | Act_R:    4.9 | Act_Y:   -0.9
[G01-W02] t=1.00s | Des_P:   0.0 | Des_R:   0.0 | Des_Y:   0.0 | Act_P:  -12.4 | Act_R:   -1.8 | Act_Y:   -4.4
[G01-W05] t=0.80s | Des_P:   0.0 | Des_R:   0.0 | Des_Y:   0.0 | Act_P:   -7.2 | Act_R:    4.4 | Act_Y:   -0.6
[G01-W03] t=1.00s | Des_P:   0.0 | Des_R:   0.0 | Des_Y:   0.0 | Act_P:   -4.3 | Act_R:    6.1 | Act_Y:   -1.6
[G01-W04] t=1.00s | Des_P:   0.0 | Des_R:   0.0 | Des_Y:   0.0 | Act_P:   -2.4 | Act_R:    8.2 | Act_Y:   -1.9
[G01-W02] t=1.20s | Des_P:   9.4 | Des_R:   0.0 | Des_Y:   0.0 | Act_P:   25.8 | Act_R:   -6.8 | Act_Y:   -0.3
[G01-W06] t=1.00s | Des_P:   0.0 | Des_R:   0.0 | Des_Y:   0.0 | Act_P:   -5.7 | Act_R:    8.7 | Act_Y:   -1.7
[G01-W01] t=1.00s | Des_P:   0.0 | Des_R:   0.0 | Des_Y:   0.0 | Act_P:   -6.2 | Act_R:    4.9 | Act_Y:   -1.2
[G01-W04] t=1.20s | Des_P:   9.4 | Des_R:   0.0 | Des_Y:   0.0 | Act_P:   14.8 | Act_R:    7.1 | Act_Y:   -2.5
[G01-W02] t=1.40s | Des_P:  35.6 | Des_R:   0.0 | Des_Y:   0.0 | Act_P:   23.1 | Act_R:    0.4 | Act_Y:   -3.8
[G01-W03] t=1.20s | Des_P:   9.4 | Des_R:   0.0 | Des_Y:   0.0 | Act_P:   12.4 | Act_R:    4.9 | Act_Y:   -1.9
[G01-W05] t=1.00s | Des_P:   0.0 | Des_R:   0.0 | Des_Y:   0.0 | Act_P:   -6.8 | Act_R:    3.9 | Act_Y:   -1.1
[G01-W01] t=1.20s | Des_P:   9.4 | Des_R:   0.0 | Des_Y:   0.0 | Act_P:    9.3 | Act_R:    4.0 | Act_Y:   -1.7
[G01-W06] t=1.20s | Des_P:   9.4 | Des_R:   0.0 | Des_Y:   0.0 | Act_P:   10.8 | Act_R:    7.8 | Act_Y:   -2.5
[G01-W04] t=1.40s | Des_P:  35.6 | Des_R:   0.0 | Des_Y:   0.0 | Act_P:   36.8 | Act_R:    8.0 | Act_Y:   -1.8
[G01-W02] t=1.60s | Des_P:  45.0 | Des_R:   0.0 | Des_Y:   0.0 | Act_P:   21.0 | Act_R:    6.7 | Act_Y:   -0.9
[G01-W03] t=1.40s | Des_P:  35.6 | Des_R:   0.0 | Des_Y:   0.0 | Act_P:   36.1 | Act_R:    4.8 | Act_Y:   -1.7
[G01-W06] t=1.40s | Des_P:  35.6 | Des_R:   0.0 | Des_Y:   0.0 | Act_P:   36.6 | Act_R:    8.3 | Act_Y:   -2.2
[G01-W01] t=1.40s | Des_P:  35.6 | Des_R:   0.0 | Des_Y:   0.0 | Act_P:   33.8 | Act_R:    3.3 | Act_Y:   -1.9
[G01-W02] t=1.80s | Des_P:  45.0 | Des_R:   0.0 | Des_Y:   0.0 | Act_P:   37.8 | Act_R:   12.5 | Act_Y:   -0.4
[G01-W05] t=1.20s | Des_P:   9.4 | Des_R:   0.0 | Des_Y:   0.0 | Act_P:    7.3 | Act_R:    1.8 | Act_Y:   -2.4
[G01-W04] t=1.60s | Des_P:  45.0 | Des_R:   0.0 | Des_Y:   0.0 | Act_P:   33.2 | Act_R:   11.5 | Act_Y:   -1.7
[G01-W03] t=1.60s | Des_P:  45.0 | Des_R:   0.0 | Des_Y:   0.0 | Act_P:   35.2 | Act_R:    7.0 | Act_Y:   -1.5
[G01-W06] t=1.60s | Des_P:  45.0 | Des_R:   0.0 | Des_Y:   0.0 | Act_P:   36.3 | Act_R:   11.1 | Act_Y:   -1.8
[G01-W02] t=2.00s | Des_P:  45.0 | Des_R:   0.0 | Des_Y:   0.0 | Act_P:   35.1 | Act_R:   18.1 | Act_Y:    0.6
[G01-W01] t=1.60s | Des_P:  45.0 | Des_R:   0.0 | Des_Y:   0.0 | Act_P:   39.1 | Act_R:    5.0 | Act_Y:   -1.4
[G01-W03] t=1.80s | Des_P:  45.0 | Des_R:   0.0 | Des_Y:   0.0 | Act_P:   35.2 | Act_R:    8.5 | Act_Y:   -1.4
[G01-W04] t=1.80s | Des_P:  45.0 | Des_R:   0.0 | Des_Y:   0.0 | Act_P:   35.1 | Act_R:   13.9 | Act_Y:   -1.6
[G01-W05] t=1.40s | Des_P:  35.6 | Des_R:   0.0 | Des_Y:   0.0 | Act_P:   34.1 | Act_R:    1.0 | Act_Y:   -2.6
[G01-W02] t=2.20s | Des_P:  45.0 | Des_R:   0.0 | Des_Y:   0.0 | Act_P:   25.7 | Act_R:   12.6 | Act_Y:    0.0
[G01-W06] t=1.80s | Des_P:  45.0 | Des_R:   0.0 | Des_Y:   0.0 | Act_P:   35.6 | Act_R:   13.4 | Act_Y:   -1.8
[G01-W01] t=1.80s | Des_P:  45.0 | Des_R:   0.0 | Des_Y:   0.0 | Act_P:   38.7 | Act_R:    6.3 | Act_Y:   -1.3
[G01-W03] t=2.00s | Des_P:  45.0 | Des_R:   0.0 | Des_Y:   0.0 | Act_P:   35.5 | Act_R:    9.7 | Act_Y:   -0.8
[G01-W02] t=2.40s | Des_P:  45.0 | Des_R:   0.0 | Des_Y:   0.0 | Act_P:   34.4 | Act_R:    9.0 | Act_Y:    0.8
[G01-W04] t=2.00s | Des_P:  45.0 | Des_R:   0.0 | Des_Y:   0.0 | Act_P:   35.0 | Act_R:   16.7 | Act_Y:   -1.1
[G01-W05] t=1.60s | Des_P:  45.0 | Des_R:   0.0 | Des_Y:   0.0 | Act_P:   41.7 | Act_R:    2.5 | Act_Y:   -1.4
[G01-W06] t=2.00s | Des_P:  45.0 | Des_R:   0.0 | Des_Y:   0.0 | Act_P:   35.6 | Act_R:   15.9 | Act_Y:   -1.2
[G01-W01] t=2.00s | Des_P:  45.0 | Des_R:   0.0 | Des_Y:   0.0 | Act_P:   38.3 | Act_R:    7.1 | Act_Y:   -0.7
[G01-W02] t=2.60s | Des_P:  45.0 | Des_R:   0.0 | Des_Y:   0.0 | Act_P:   23.6 | Act_R:    4.1 | Act_Y:   -0.7
[G01-W03] t=2.20s | Des_P:  45.0 | Des_R:   0.0 | Des_Y:   0.0 | Act_P:   32.8 | Act_R:   10.2 | Act_Y:   -0.5
[G01-W04] t=2.20s | Des_P:  45.0 | Des_R:   0.0 | Des_Y:   0.0 | Act_P:   31.6 | Act_R:   18.5 | Act_Y:   -0.4
[G01-W05] t=1.80s | Des_P:  45.0 | Des_R:   0.0 | Des_Y:   0.0 | Act_P:   41.3 | Act_R:    3.9 | Act_Y:   -1.1
[G01-W02] t=2.80s | Des_P:  45.0 | Des_R:   0.0 | Des_Y:   0.0 | Act_P:   24.7 | Act_R:   -5.1 | Act_Y:   -2.4
[G01-W06] t=2.20s | Des_P:  45.0 | Des_R:   0.0 | Des_Y:   0.0 | Act_P:   32.8 | Act_R:   17.7 | Act_Y:   -0.8
[G01-W01] t=2.20s | Des_P:  45.0 | Des_R:   0.0 | Des_Y:   0.0 | Act_P:   35.2 | Act_R:    7.6 | Act_Y:   -0.5
[G01-W03] t=2.40s | Des_P:  45.0 | Des_R:   0.0 | Des_Y:   0.0 | Act_P:   28.6 | Act_R:    9.9 | Act_Y:   -0.5
[G01-W04] t=2.40s | Des_P:  45.0 | Des_R:   0.0 | Des_Y:   0.0 | Act_P:   27.0 | Act_R:   19.4 | Act_Y:   -0.7
[G01-W02] t=3.00s | Des_P:  45.0 | Des_R:   0.0 | Des_Y:   0.0 | Act_P:   31.2 | Act_R:   -4.7 | Act_Y:    0.9
[G01-W05] t=2.00s | Des_P:  45.0 | Des_R:   0.0 | Des_Y:   0.0 | Act_P:   40.2 | Act_R:    4.8 | Act_Y:   -0.7
[G01-W06] t=2.40s | Des_P:  45.0 | Des_R:   0.0 | Des_Y:   0.0 | Act_P:   28.4 | Act_R:   18.8 | Act_Y:   -0.8
[G01-W03] t=2.60s | Des_P:  45.0 | Des_R:   0.0 | Des_Y:   0.0 | Act_P:   25.6 | Act_R:    9.5 | Act_Y:   -0.7
[G01-W04] t=2.60s | Des_P:  45.0 | Des_R:   0.0 | Des_Y:   0.0 | Act_P:   23.1 | Act_R:   20.0 | Act_Y:   -1.0
[G01-W01] t=2.40s | Des_P:  45.0 | Des_R:   0.0 | Des_Y:   0.0 | Act_P:   31.6 | Act_R:    7.4 | Act_Y:   -0.3
[G01-W02] t=3.20s | Des_P:  45.0 | Des_R:   7.3 | Des_Y:   0.0 | Act_P:   22.8 | Act_R:   13.2 | Act_Y:   -4.2
[G01-W03] t=2.80s | Des_P:  45.0 | Des_R:   0.0 | Des_Y:   0.0 | Act_P:   23.8 | Act_R:    9.0 | Act_Y:   -1.2
[G01-W06] t=2.60s | Des_P:  45.0 | Des_R:   0.0 | Des_Y:   0.0 | Act_P:   24.7 | Act_R:   19.5 | Act_Y:   -1.1
[G01-W02] t=3.40s | Des_P:  45.0 | Des_R:  27.7 | Des_Y:   0.0 | Act_P:   32.7 | Act_R:   42.3 | Act_Y:   -8.6
[G01-W04] t=2.80s | Des_P:  45.0 | Des_R:   0.0 | Des_Y:   0.0 | Act_P:   21.9 | Act_R:   20.8 | Act_Y:   -1.5
[G01-W05] t=2.20s | Des_P:  45.0 | Des_R:   0.0 | Des_Y:   0.0 | Act_P:   37.2 | Act_R:    5.4 | Act_Y:   -0.4
[G01-W01] t=2.60s | Des_P:  45.0 | Des_R:   0.0 | Des_Y:   0.0 | Act_P:   28.0 | Act_R:    6.7 | Act_Y:   -0.6
[G01-W06] t=2.80s | Des_P:  45.0 | Des_R:   0.0 | Des_Y:   0.0 | Act_P:   22.1 | Act_R:   20.4 | Act_Y:   -1.5
[G01-W03] t=3.00s | Des_P:  45.0 | Des_R:   0.0 | Des_Y:   0.0 | Act_P:   23.0 | Act_R:    9.3 | Act_Y:   -1.4
[G01-W04] t=3.00s | Des_P:  45.0 | Des_R:   0.0 | Des_Y:   0.0 | Act_P:   22.4 | Act_R:   21.3 | Act_Y:   -2.2
[G01-W02] t=3.60s | Des_P:  45.0 | Des_R:  35.0 | Des_Y:   0.0 | Act_P:   38.2 | Act_R:   47.3 | Act_Y:   -6.7
[G01-W05] t=2.40s | Des_P:  45.0 | Des_R:   0.0 | Des_Y:   0.0 | Act_P:   33.4 | Act_R:    5.4 | Act_Y:   -0.2
[G01-W01] t=2.80s | Des_P:  45.0 | Des_R:   0.0 | Des_Y:   0.0 | Act_P:   25.7 | Act_R:    6.1 | Act_Y:   -0.9
[G01-W06] t=3.00s | Des_P:  45.0 | Des_R:   0.0 | Des_Y:   0.0 | Act_P:   23.1 | Act_R:   21.3 | Act_Y:   -2.0
[G01-W03] t=3.20s | Des_P:  45.0 | Des_R:   7.3 | Des_Y:   0.0 | Act_P:   24.0 | Act_R:   21.3 | Act_Y:   -2.1
[G01-W04] t=3.20s | Des_P:  45.0 | Des_R:   7.3 | Des_Y:   0.0 | Act_P:   27.3 | Act_R:   34.0 | Act_Y:   -3.3
[G01-W02] t=3.80s | Des_P:  45.0 | Des_R:  35.0 | Des_Y:   0.0 | Act_P:   45.0 | Act_R:   46.4 | Act_Y:   -6.6
[G01-W01] t=3.00s | Des_P:  45.0 | Des_R:   0.0 | Des_Y:   0.0 | Act_P:   24.9 | Act_R:    5.9 | Act_Y:   -1.1
[G01-W04] t=3.40s | Des_P:  45.0 | Des_R:  27.7 | Des_Y:   0.0 | Act_P:   28.6 | Act_R:   47.6 | Act_Y:   -7.7
[G01-W05] t=2.60s | Des_P:  45.0 | Des_R:   0.0 | Des_Y:   0.0 | Act_P:   29.6 | Act_R:    5.0 | Act_Y:   -0.4
[G01-W03] t=3.40s | Des_P:  45.0 | Des_R:  27.7 | Des_Y:   0.0 | Act_P:   27.4 | Act_R:   43.9 | Act_Y:   -4.4
[G01-W06] t=3.20s | Des_P:  45.0 | Des_R:   7.3 | Des_Y:   0.0 | Act_P:   25.3 | Act_R:   34.0 | Act_Y:   -2.8
[G01-W02] t=4.00s | Des_P:  45.0 | Des_R:  35.0 | Des_Y:   0.0 | Act_P:   49.2 | Act_R:   43.1 | Act_Y:   -0.3
[G01-W03] t=3.60s | Des_P:  45.0 | Des_R:  35.0 | Des_Y:   0.0 | Act_P:   31.1 | Act_R:   48.2 | Act_Y:   -7.3
[G01-W04] t=3.60s | Des_P:  45.0 | Des_R:  35.0 | Des_Y:   0.0 | Act_P:   36.2 | Act_R:   48.1 | Act_Y:   -9.8
[G01-W01] t=3.20s | Des_P:  45.0 | Des_R:   7.3 | Des_Y:   0.0 | Act_P:   25.6 | Act_R:   17.1 | Act_Y:   -1.6
[G01-W06] t=3.40s | Des_P:  45.0 | Des_R:  27.7 | Des_Y:   0.0 | Act_P:   25.4 | Act_R:   47.8 | Act_Y:   -7.1
[G01-W02] t=4.20s | Des_P:  45.0 | Des_R:  35.0 | Des_Y:   0.0 | Act_P:   50.2 | Act_R:   43.0 | Act_Y:   -1.4
[G01-W05] t=2.80s | Des_P:  45.0 | Des_R:   0.0 | Des_Y:   0.0 | Act_P:   26.7 | Act_R:    4.5 | Act_Y:   -0.7
[G01-W03] t=3.80s | Des_P:  45.0 | Des_R:  35.0 | Des_Y:   0.0 | Act_P:   38.5 | Act_R:   47.8 | Act_Y:   -6.7
[G01-W04] t=3.80s | Des_P:  45.0 | Des_R:  35.0 | Des_Y:   0.0 | Act_P:   43.4 | Act_R:   47.0 | Act_Y:   -6.6
[G01-W01] t=3.40s | Des_P:  45.0 | Des_R:  27.7 | Des_Y:   0.0 | Act_P:   28.7 | Act_R:   39.9 | Act_Y:   -3.1
[G01-W06] t=3.60s | Des_P:  45.0 | Des_R:  35.0 | Des_Y:   0.0 | Act_P:   32.3 | Act_R:   48.2 | Act_Y:   -8.9
[G01-W02] t=4.40s | Des_P:  45.0 | Des_R:  35.0 | Des_Y:   0.0 | Act_P:   52.0 | Act_R:   41.3 | Act_Y:   -0.7
[G01-W05] t=3.00s | Des_P:  45.0 | Des_R:   0.0 | Des_Y:   0.0 | Act_P:   25.4 | Act_R:    4.6 | Act_Y:   -0.9
[G01-W03] t=4.00s | Des_P:  45.0 | Des_R:  35.0 | Des_Y:   0.0 | Act_P:   43.6 | Act_R:   46.5 | Act_Y:   -4.0
[G01-W01] t=3.60s | Des_P:  45.0 | Des_R:  35.0 | Des_Y:   0.0 | Act_P:   33.7 | Act_R:   46.6 | Act_Y:   -4.4
[G01-W06] t=3.80s | Des_P:  45.0 | Des_R:  35.0 | Des_Y:   0.0 | Act_P:   40.5 | Act_R:   47.4 | Act_Y:   -7.3
[G01-W02] t=4.60s | Des_P:  45.0 | Des_R:  35.0 | Des_Y:   0.0 | Act_P:   53.0 | Act_R:   39.2 | Act_Y:    0.2
[G01-W04] t=4.00s | Des_P:  45.0 | Des_R:  35.0 | Des_Y:   0.0 | Act_P:   47.4 | Act_R:   44.7 | Act_Y:   -3.9
[G01-W01] t=3.80s | Des_P:  45.0 | Des_R:  35.0 | Des_Y:   0.0 | Act_P:   38.1 | Act_R:   47.7 | Act_Y:   -5.0
[G01-W05] t=3.20s | Des_P:  45.0 | Des_R:   7.3 | Des_Y:   0.0 | Act_P:   25.6 | Act_R:   15.1 | Act_Y:   -1.5
[G01-W03] t=4.20s | Des_P:  45.0 | Des_R:  35.0 | Des_Y:   0.0 | Act_P:   46.8 | Act_R:   45.2 | Act_Y:   -1.4
[G01-W06] t=4.00s | Des_P:  45.0 | Des_R:  35.0 | Des_Y:   0.0 | Act_P:   44.7 | Act_R:   46.2 | Act_Y:   -5.1
[G01-W04] t=4.20s | Des_P:  45.0 | Des_R:  35.0 | Des_Y:   0.0 | Act_P:   48.8 | Act_R:   44.2 | Act_Y:   -2.2
[G01-W01] t=4.00s | Des_P:  45.0 | Des_R:  35.0 | Des_Y:   0.0 | Act_P:   42.6 | Act_R:   47.0 | Act_Y:   -4.1
[G01-W05] t=3.40s | Des_P:  45.0 | Des_R:  27.7 | Des_Y:   0.0 | Act_P:   29.4 | Act_R:   37.9 | Act_Y:   -2.6
[G01-W02] t=4.80s | Des_P:  45.0 | Des_R:  35.0 | Des_Y:   0.0 | Act_P:   54.6 | Act_R:   36.9 | Act_Y:   -4.2
[G01-W03] t=4.40s | Des_P:  45.0 | Des_R:  35.0 | Des_Y:   0.0 | Act_P:   48.4 | Act_R:   43.9 | Act_Y:   -0.5
[G01-W06] t=4.20s | Des_P:  45.0 | Des_R:  35.0 | Des_Y:   0.0 | Act_P:   47.4 | Act_R:   45.2 | Act_Y:   -2.4
[G01-W04] t=4.40s | Des_P:  45.0 | Des_R:  35.0 | Des_Y:   0.0 | Act_P:   49.9 | Act_R:   42.7 | Act_Y:   -1.0
[G01-W05] t=3.60s | Des_P:  45.0 | Des_R:  35.0 | Des_Y:   0.0 | Act_P:   35.0 | Act_R:   45.4 | Act_Y:   -3.3
[G01-W02] t=5.00s | Des_P:  45.0 | Des_R:  35.0 | Des_Y:   0.0 | Act_P:   56.1 | Act_R:   35.1 | Act_Y:   -9.7
[G01-W01] t=4.20s | Des_P:  45.0 | Des_R:  35.0 | Des_Y:   0.0 | Act_P:   46.5 | Act_R:   45.5 | Act_Y:   -1.8
[G01-W03] t=4.60s | Des_P:  45.0 | Des_R:  35.0 | Des_Y:   0.0 | Act_P:   50.4 | Act_R:   41.2 | Act_Y:   -1.6
[G01-W06] t=4.40s | Des_P:  45.0 | Des_R:  35.0 | Des_Y:   0.0 | Act_P:   48.6 | Act_R:   43.7 | Act_Y:   -0.6
[G01-W04] t=4.60s | Des_P:  45.0 | Des_R:  35.0 | Des_Y:   0.0 | Act_P:   51.9 | Act_R:   40.3 | Act_Y:   -1.7
[G01-W05] t=3.80s | Des_P:  45.0 | Des_R:  35.0 | Des_Y:   0.0 | Act_P:   39.5 | Act_R:   46.9 | Act_Y:   -3.5
[G01-W01] t=4.40s | Des_P:  45.0 | Des_R:  35.0 | Des_Y:   0.0 | Act_P:   48.5 | Act_R:   43.7 | Act_Y:   -0.4
[G01-W02] t=5.20s | Des_P:  45.0 | Des_R:  35.0 | Des_Y:  10.5 | Act_P:   53.9 | Act_R:   29.7 | Act_Y:    3.4
[G01-W06] t=4.60s | Des_P:  45.0 | Des_R:  35.0 | Des_Y:   0.0 | Act_P:   50.2 | Act_R:   40.9 | Act_Y:   -1.6
[G01-W05] t=4.00s | Des_P:  45.0 | Des_R:  35.0 | Des_Y:   0.0 | Act_P:   43.3 | Act_R:   46.4 | Act_Y:   -3.4
[G01-W03] t=4.80s | Des_P:  45.0 | Des_R:  35.0 | Des_Y:   0.0 | Act_P:   51.0 | Act_R:   39.3 | Act_Y:   -4.2
[G01-W04] t=4.80s | Des_P:  45.0 | Des_R:  35.0 | Des_Y:   0.0 | Act_P:   52.3 | Act_R:   37.8 | Act_Y:   -5.1
[G01-W02] t=5.40s | Des_P:  45.0 | Des_R:  35.0 | Des_Y:  39.5 | Act_P:   50.6 | Act_R:    9.3 | Act_Y:   10.0
[G01-W01] t=4.60s | Des_P:  45.0 | Des_R:  35.0 | Des_Y:   0.0 | Act_P:   50.5 | Act_R:   41.1 | Act_Y:   -1.7
[G01-W05] t=4.20s | Des_P:  45.0 | Des_R:  35.0 | Des_Y:   0.0 | Act_P:   46.9 | Act_R:   45.3 | Act_Y:   -1.8
[G01-W06] t=4.80s | Des_P:  45.0 | Des_R:  35.0 | Des_Y:   0.0 | Act_P:   51.0 | Act_R:   39.4 | Act_Y:   -4.6
[G01-W02] t=5.60s | Des_P:  45.0 | Des_R:  35.0 | Des_Y:  50.0 | Act_P:   51.9 | Act_R:   -4.4 | Act_Y:   10.2
[G01-W03] t=5.00s | Des_P:  45.0 | Des_R:  35.0 | Des_Y:   0.0 | Act_P:   51.6 | Act_R:   38.5 | Act_Y:   -5.1
[G01-W04] t=5.00s | Des_P:  45.0 | Des_R:  35.0 | Des_Y:   0.0 | Act_P:   52.6 | Act_R:   37.8 | Act_Y:   -6.3
[G01-W05] t=4.40s | Des_P:  45.0 | Des_R:  35.0 | Des_Y:   0.0 | Act_P:   49.1 | Act_R:   43.2 | Act_Y:   -0.7
[G01-W02] t=5.80s | Des_P:  45.0 | Des_R:  35.0 | Des_Y:  50.0 | Act_P:   49.8 | Act_R:   -3.1 | Act_Y:   19.9
[G01-W01] t=4.80s | Des_P:  45.0 | Des_R:  35.0 | Des_Y:   0.0 | Act_P:   51.3 | Act_R:   38.8 | Act_Y:   -3.8
[G01-W06] t=5.00s | Des_P:  45.0 | Des_R:  35.0 | Des_Y:   0.0 | Act_P:   51.8 | Act_R:   38.5 | Act_Y:   -5.8
[G01-W02] t=6.00s | Des_P:  45.0 | Des_R:  35.0 | Des_Y:  50.0 | Act_P:   47.1 | Act_R:   -8.3 | Act_Y:   31.9
[G01-W02] Kp=104.7, Gton=8.760 | Err=0.9027
0.9027000277173913
[Fixation Controller] Initialized 3-DOF Virtual Work tracking for Eyes.
Eval CRASHED: G01-W02 | Kp=104.67, Ki=21.78, Kd=3.84
[G01-W03] t=5.20s | Des_P:  45.0 | Des_R:  35.0 | Des_Y:  10.5 | Act_P:   50.3 | Act_R:   32.1 | Act_Y:    4.6
[G01-W05] t=4.60s | Des_P:  45.0 | Des_R:  35.0 | Des_Y:   0.0 | Act_P:   51.3 | Act_R:   40.8 | Act_Y:   -1.7
[G01-W04] t=5.20s | Des_P:  45.0 | Des_R:  35.0 | Des_Y:  10.5 | Act_P:   51.8 | Act_R:   33.6 | Act_Y:    3.1
[G01-W01] t=5.00s | Des_P:  45.0 | Des_R:  35.0 | Des_Y:   0.0 | Act_P:   52.5 | Act_R:   37.7 | Act_Y:   -4.6
[G01-W03] t=5.40s | Des_P:  45.0 | Des_R:  35.0 | Des_Y:  39.5 | Act_P:   48.8 | Act_R:   11.1 | Act_Y:   10.0
[G01-W06] t=5.20s | Des_P:  45.0 | Des_R:  35.0 | Des_Y:  10.5 | Act_P:   50.7 | Act_R:   33.0 | Act_Y:    3.8
[G01-W04] t=5.40s | Des_P:  45.0 | Des_R:  35.0 | Des_Y:  39.5 | Act_P:   49.2 | Act_R:   14.9 | Act_Y:   10.0
[G01-W05] t=4.80s | Des_P:  45.0 | Des_R:  35.0 | Des_Y:   0.0 | Act_P:   52.1 | Act_R:   38.0 | Act_Y:   -3.4
[G01-W03] t=5.60s | Des_P:  45.0 | Des_R:  35.0 | Des_Y:  50.0 | Act_P:   49.9 | Act_R:   -3.0 | Act_Y:   10.2
[G01-W04] t=5.60s | Des_P:  45.0 | Des_R:  35.0 | Des_Y:  50.0 | Act_P:   50.0 | Act_R:   -0.0 | Act_Y:   10.2
[G01-W01] t=5.20s | Des_P:  45.0 | Des_R:  35.0 | Des_Y:  10.5 | Act_P:   50.7 | Act_R:   27.8 | Act_Y:    5.2
[G01-W06] t=5.40s | Des_P:  45.0 | Des_R:  35.0 | Des_Y:  39.5 | Act_P:   49.1 | Act_R:   11.1 | Act_Y:   10.0
[G01-W03] t=5.80s | Des_P:  45.0 | Des_R:  35.0 | Des_Y:  50.0 | Act_P:   49.7 | Act_R:  -10.1 | Act_Y:   20.2
[G01-W06] t=5.60s | Des_P:  45.0 | Des_R:  35.0 | Des_Y:  50.0 | Act_P:   49.9 | Act_R:   -4.5 | Act_Y:   10.2
[G01-W04] t=5.80s | Des_P:  45.0 | Des_R:  35.0 | Des_Y:  50.0 | Act_P:   50.0 | Act_R:   -5.2 | Act_Y:   20.1
[G01-W01] t=5.40s | Des_P:  45.0 | Des_R:  35.0 | Des_Y:  39.5 | Act_P:   49.9 | Act_R:    3.9 | Act_Y:   10.1
[G01-W05] t=5.00s | Des_P:  45.0 | Des_R:  35.0 | Des_Y:   0.0 | Act_P:   53.1 | Act_R:   36.9 | Act_Y:   -4.1
[G01-W01] t=5.60s | Des_P:  45.0 | Des_R:  35.0 | Des_Y:  50.0 | Act_P:   50.8 | Act_R:   -7.7 | Act_Y:   10.2
[G01-W03] t=6.00s | Des_P:  45.0 | Des_R:  35.0 | Des_Y:  50.0 | Act_P:   48.2 | Act_R:   -1.8 | Act_Y:   32.8
[G01-W03] Kp=112.7, Gton=8.760 | Err=0.8604
0.8604188258513691
[Fixation Controller] Initialized 3-DOF Virtual Work tracking for Eyes.
Eval CRASHED: G01-W03 | Kp=112.72, Ki=3.94, Kd=30.76
[G01-W04] t=6.00s | Des_P:  45.0 | Des_R:  35.0 | Des_Y:  50.0 | Act_P:   48.1 | Act_R:    2.3 | Act_Y:   32.9
[G01-W04] Kp=93.3, Gton=8.760 | Err=0.9782
[G01-W06] t=5.80s | Des_P:  45.0 | Des_R:  35.0 | Des_Y:  50.0 | Act_P:   50.4 | Act_R:  -12.7 | Act_Y:   20.2
0.9781626383145826
[Fixation Controller] Initialized 3-DOF Virtual Work tracking for Eyes.
Eval CRASHED: G01-W04 | Kp=93.27, Ki=2.73, Kd=22.65
[G01-W05] t=5.20s | Des_P:  45.0 | Des_R:  35.0 | Des_Y:  10.5 | Act_P:   51.5 | Act_R:   25.7 | Act_Y:    5.5
[G01-W01] t=5.80s | Des_P:  45.0 | Des_R:  35.0 | Des_Y:  50.0 | Act_P:   50.5 | Act_R:  -13.3 | Act_Y:   20.2
[G01-W06] t=6.00s | Des_P:  45.0 | Des_R:  35.0 | Des_Y:  50.0 | Act_P:   48.0 | Act_R:   -4.4 | Act_Y:   28.9
[G01-W06] Kp=90.1, Gton=8.760 | Err=1.0579
1.0578797450464756
[Fixation Controller] Initialized 3-DOF Virtual Work tracking for Eyes.
Eval CRASHED: G01-W06 | Kp=90.13, Ki=0.56, Kd=35.41
[G01-W05] t=5.40s | Des_P:  45.0 | Des_R:  35.0 | Des_Y:  39.5 | Act_P:   50.9 | Act_R:    2.7 | Act_Y:   10.1
[G01-W01] t=6.00s | Des_P:  45.0 | Des_R:  35.0 | Des_Y:  50.0 | Act_P:   47.8 | Act_R:  -10.4 | Act_Y:   28.8
[G01-W01] Kp=119.1, Gton=8.760 | Err=0.8622
0.8622497809988964
[Fixation Controller] Initialized 3-DOF Virtual Work tracking for Eyes.
Eval CRASHED: G01-W01 | Kp=119.10, Ki=12.56, Kd=48.86
[G01-W05] t=5.60s | Des_P:  45.0 | Des_R:  35.0 | Des_Y:  50.0 | Act_P:   51.6 | Act_R:   -7.9 | Act_Y:   10.3
[G01-W05] t=5.80s | Des_P:  45.0 | Des_R:  35.0 | Des_Y:  50.0 | Act_P:   50.1 | Act_R:   -7.3 | Act_Y:   19.7
[Fixation Controller] Initialized 3-DOF Virtual Work tracking for Eyes.
Traceback (most recent call last):
  File "D:\Akademik\PhD_Thesis\OpenSim\HeadNeck_Control_w_Sensors_Opensim4_6\cmaes_step_worker.py", line 153, in <module>
    err = evaluate_params(Kp, Ki, Kd, G_ton, G_sc, G_phas, kp_prop, k_gamma_dyn, k_gamma_stat, worker_id)
          ^^^^^^^^^^^^^^^^^^^^^^^^^^^^^^^^^^^^^^^^^^^^^^^^^^^^^^^^^^^^^^^^^^^^^^^^^^^^^^^^^^^^^^^^^^^^^^^
  File "D:\Akademik\PhD_Thesis\OpenSim\HeadNeck_Control_w_Sensors_Opensim4_6\cmaes_step_worker.py", line 119, in evaluate_params
    state = manager.integrate(t)
            ^^^^^^^^^^^^^^^^^^^^
  File "C:\Users\User\miniforge3\envs\opensim_env\Lib\opensim\simulation.py", line 28704, in integrate
    return _simulation.Manager_integrate(self, finalTime)
           ^^^^^^^^^^^^^^^^^^^^^^^^^^^^^^^^^^^^^^^^^^^^^^
KeyboardInterrupt
Eval CRASHED: G01-W05 | Kp=124.97, Ki=22.33, Kd=59.63
