=================================================================
ROUND 3: Step-Input PID Re-Optimization (with tuned reflexes)
Frozen Reflexes: G_ton=8.76, G_sc=4.33, G_phas=6.06
                 kp_prop=0.441, k_gamma_dyn=52.36, k_gamma_stat=92.37
Searching: Kp, Ki, Kd
=================================================================
(3_w,6)-aCMA-ES (mu_w=2.0,w_1=63%) in dimension 3 (seed=923072, Thu Oct  1 20:48:22 2026)

--- Generation 1 ---
Found simbody-visualizer, setting SIMBODY_HOME env var to  C:\Users\User\miniforge3\envs\opensim_env\Lib\opensimFound simbody-visualizer, setting SIMBODY_HOME env var to  C:\Users\User\miniforge3\envs\opensim_env\Lib\opensim
Found simbody-visualizer, setting SIMBODY_HOME env var to  C:\Users\User\miniforge3\envs\opensim_env\Lib\opensimFound simbody-visualizer, setting SIMBODY_HOME env var to  C:\Users\User\miniforge3\envs\opensim_env\Lib\opensim
Found simbody-visualizer, setting SIMBODY_HOME env var to  C:\Users\User\miniforge3\envs\opensim_env\Lib\opensimFound simbody-visualizer, setting SIMBODY_HOME env var to  C:\Users\User\miniforge3\envs\opensim_env\Lib\opensim



[G01-W04] t=0.20s | Des(-):    0.0 | Act_P:   -4.7 | Act_R:    5.2 | Act_Y:   -0.2
[G01-W03] t=0.20s | Des(-):    0.0 | Act_P:   -3.8 | Act_R:    4.3 | Act_Y:   -0.2
[G01-W01] t=0.20s | Des(-):    0.0 | Act_P:   -3.7 | Act_R:    3.2 | Act_Y:   -0.5
[G01-W02] t=0.20s | Des(-):    0.0 | Act_P:   -3.8 | Act_R:    3.3 | Act_Y:   -0.5
[G01-W05] t=0.20s | Des(-):    0.0 | Act_P:   -2.3 | Act_R:    2.9 | Act_Y:    0.1
[G01-W06] t=0.20s | Des(-):    0.0 | Act_P:   -1.4 | Act_R:    2.9 | Act_Y:    0.5
[G01-W04] t=0.40s | Des(-):    0.0 | Act_P:   -4.0 | Act_R:    5.7 | Act_Y:   -1.3
[G01-W03] t=0.40s | Des(-):    0.0 | Act_P:   -4.7 | Act_R:    6.0 | Act_Y:   -1.1
[G01-W02] t=0.40s | Des(-):    0.0 | Act_P:   -4.1 | Act_R:    4.2 | Act_Y:   -0.9
[G01-W05] t=0.40s | Des(-):    0.0 | Act_P:   -5.3 | Act_R:    4.8 | Act_Y:   -0.7
[G01-W01] t=0.40s | Des(-):    0.0 | Act_P:   -4.3 | Act_R:    4.3 | Act_Y:   -0.9
[G01-W06] t=0.40s | Des(-):    0.0 | Act_P:   -5.2 | Act_R:    4.4 | Act_Y:   -0.5
[G01-W04] t=0.60s | Des(-):    0.0 | Act_P:   -6.6 | Act_R:    6.4 | Act_Y:   -2.0
[G01-W03] t=0.60s | Des(-):    0.0 | Act_P:   -6.9 | Act_R:    7.0 | Act_Y:   -2.2
[G01-W02] t=0.60s | Des(-):    0.0 | Act_P:   -5.3 | Act_R:    3.8 | Act_Y:   -1.6
[G01-W01] t=0.60s | Des(-):    0.0 | Act_P:   -5.5 | Act_R:    4.2 | Act_Y:   -1.6
[G01-W05] t=0.60s | Des(-):    0.0 | Act_P:   -7.7 | Act_R:    5.6 | Act_Y:   -1.4
[G01-W06] t=0.60s | Des(-):    0.0 | Act_P:   -7.8 | Act_R:    5.6 | Act_Y:   -1.0
[G01-W02] t=0.80s | Des(-):    0.0 | Act_P:   -3.8 | Act_R:    3.2 | Act_Y:   -1.4
[G01-W01] t=0.80s | Des(-):    0.0 | Act_P:   -4.1 | Act_R:    4.0 | Act_Y:   -1.4
[G01-W04] t=0.80s | Des(-):    0.0 | Act_P:   -4.5 | Act_R:    7.1 | Act_Y:   -1.3
[G01-W03] t=0.80s | Des(-):    0.0 | Act_P:   -4.0 | Act_R:    7.8 | Act_Y:   -1.7
[G01-W05] t=0.80s | Des(-):    0.0 | Act_P:   -6.6 | Act_R:    6.1 | Act_Y:   -1.5
[G01-W06] t=0.80s | Des(-):    0.0 | Act_P:   -7.4 | Act_R:    6.1 | Act_Y:   -1.4
[G01-W02] t=1.00s | Des(P):    0.0 | Act_P:   -2.0 | Act_R:    2.4 | Act_Y:   -1.2
[G01-W01] t=1.00s | Des(P):    0.0 | Act_P:   -2.4 | Act_R:    3.5 | Act_Y:   -1.3
[G01-W04] t=1.00s | Des(P):    0.0 | Act_P:   -3.4 | Act_R:    6.8 | Act_Y:   -1.6
[G01-W03] t=1.00s | Des(P):    0.0 | Act_P:   -1.8 | Act_R:    7.9 | Act_Y:   -1.8
[G01-W05] t=1.00s | Des(P):    0.0 | Act_P:   -4.1 | Act_R:    6.1 | Act_Y:   -1.6
[G01-W06] t=1.00s | Des(P):    0.0 | Act_P:   -5.1 | Act_R:    6.2 | Act_Y:   -1.6
[G01-W02] t=1.20s | Des(P):    9.4 | Act_P:   14.1 | Act_R:    0.8 | Act_Y:   -1.4
[G01-W04] t=1.20s | Des(P):    9.4 | Act_P:   13.3 | Act_R:    4.4 | Act_Y:   -2.6
[G01-W01] t=1.20s | Des(P):    9.4 | Act_P:   13.9 | Act_R:    2.2 | Act_Y:   -1.6
[G01-W03] t=1.20s | Des(P):    9.4 | Act_P:   14.8 | Act_R:    6.7 | Act_Y:   -2.4
[G01-W05] t=1.20s | Des(P):    9.4 | Act_P:   12.3 | Act_R:    4.9 | Act_Y:   -2.0
[G01-W06] t=1.20s | Des(P):    9.4 | Act_P:   11.2 | Act_R:    5.0 | Act_Y:   -2.0
[G01-W02] t=1.40s | Des(P):   35.6 | Act_P:   35.5 | Act_R:    0.6 | Act_Y:   -1.2
[G01-W01] t=1.40s | Des(P):   35.6 | Act_P:   35.3 | Act_R:    2.2 | Act_Y:   -1.4
[G01-W04] t=1.40s | Des(P):   35.6 | Act_P:   34.5 | Act_R:    4.9 | Act_Y:   -1.2
[G01-W03] t=1.40s | Des(P):   35.6 | Act_P:   37.1 | Act_R:    7.3 | Act_Y:   -1.8
[G01-W05] t=1.40s | Des(P):   35.6 | Act_P:   36.3 | Act_R:    4.9 | Act_Y:   -1.6
[G01-W06] t=1.40s | Des(P):   35.6 | Act_P:   36.3 | Act_R:    4.8 | Act_Y:   -1.8
[G01-W02] t=1.60s | Des(P):   45.0 | Act_P:   33.1 | Act_R:    3.3 | Act_Y:   -1.1
[G01-W01] t=1.60s | Des(P):   45.0 | Act_P:   33.4 | Act_R:    4.9 | Act_Y:   -1.3
[G01-W04] t=1.60s | Des(P):   45.0 | Act_P:   30.4 | Act_R:    8.4 | Act_Y:   -1.4
[G01-W03] t=1.60s | Des(P):   45.0 | Act_P:   33.0 | Act_R:   10.9 | Act_Y:   -1.8
[G01-W05] t=1.60s | Des(P):   45.0 | Act_P:   34.4 | Act_R:    7.3 | Act_Y:   -1.5
[G01-W06] t=1.60s | Des(P):   45.0 | Act_P:   35.9 | Act_R:    6.6 | Act_Y:   -1.6
[G01-W02] t=1.80s | Des(P):   45.0 | Act_P:   35.4 | Act_R:    4.3 | Act_Y:   -0.8
[G01-W01] t=1.80s | Des(P):   45.0 | Act_P:   34.8 | Act_R:    6.3 | Act_Y:   -1.2
[G01-W04] t=1.80s | Des(P):   45.0 | Act_P:   33.7 | Act_R:    9.8 | Act_Y:   -1.2
[G01-W03] t=1.80s | Des(P):   45.0 | Act_P:   35.3 | Act_R:   13.4 | Act_Y:   -1.6
[G01-W05] t=1.80s | Des(P):   45.0 | Act_P:   35.1 | Act_R:    9.0 | Act_Y:   -1.4
[G01-W02] t=2.00s | Des(P):   45.0 | Act_P:   35.4 | Act_R:    5.2 | Act_Y:   -0.3
[G01-W06] t=1.80s | Des(P):   45.0 | Act_P:   35.3 | Act_R:    8.0 | Act_Y:   -1.4
[G01-W01] t=2.00s | Des(P):   45.0 | Act_P:   35.1 | Act_R:    7.2 | Act_Y:   -0.5
[G01-W04] t=2.00s | Des(P):   45.0 | Act_P:   34.5 | Act_R:   11.5 | Act_Y:   -0.4
[G01-W03] t=2.00s | Des(P):   45.0 | Act_P:   35.9 | Act_R:   16.0 | Act_Y:   -0.8
[G01-W02] t=2.20s | Des(P):   45.0 | Act_P:   32.0 | Act_R:    4.9 | Act_Y:   -0.1
[G01-W06] t=2.00s | Des(P):   45.0 | Act_P:   35.4 | Act_R:    9.0 | Act_Y:   -0.9
[G01-W05] t=2.00s | Des(P):   45.0 | Act_P:   34.9 | Act_R:   10.5 | Act_Y:   -0.8
[G01-W01] t=2.20s | Des(P):   45.0 | Act_P:   32.2 | Act_R:    7.4 | Act_Y:   -0.4
[G01-W04] t=2.20s | Des(P):   45.0 | Act_P:   30.0 | Act_R:   11.9 | Act_Y:   -0.2
[G01-W03] t=2.20s | Des(P):   45.0 | Act_P:   31.6 | Act_R:   17.5 | Act_Y:   -0.5
[G01-W02] t=2.40s | Des(P):   45.0 | Act_P:   29.5 | Act_R:    4.3 | Act_Y:    0.2
[G01-W05] t=2.20s | Des(P):   45.0 | Act_P:   31.6 | Act_R:   11.1 | Act_Y:   -0.6
[G01-W06] t=2.20s | Des(P):   45.0 | Act_P:   32.9 | Act_R:    9.4 | Act_Y:   -0.4
[G01-W01] t=2.40s | Des(P):   45.0 | Act_P:   28.3 | Act_R:    7.0 | Act_Y:   -0.3
[G01-W04] t=2.40s | Des(P):   45.0 | Act_P:   26.3 | Act_R:   11.7 | Act_Y:    0.1
[G01-W03] t=2.40s | Des(P):   45.0 | Act_P:   27.2 | Act_R:   18.4 | Act_Y:   -0.6
[G01-W02] t=2.60s | Des(P):   45.0 | Act_P:   27.7 | Act_R:    3.0 | Act_Y:   -0.1
[G01-W05] t=2.40s | Des(P):   45.0 | Act_P:   28.0 | Act_R:   11.3 | Act_Y:   -0.4
[G01-W01] t=2.60s | Des(P):   45.0 | Act_P:   26.2 | Act_R:    6.5 | Act_Y:   -0.4
[G01-W06] t=2.40s | Des(P):   45.0 | Act_P:   29.4 | Act_R:    8.9 | Act_Y:   -0.4
[G01-W03] t=2.60s | Des(P):   45.0 | Act_P:   23.1 | Act_R:   18.8 | Act_Y:   -1.2
[G01-W04] t=2.60s | Des(P):   45.0 | Act_P:   23.6 | Act_R:   10.7 | Act_Y:   -0.6
[G01-W02] t=2.80s | Des(P):   45.0 | Act_P:   25.2 | Act_R:    2.1 | Act_Y:   -0.8
[G01-W06] t=2.60s | Des(P):   45.0 | Act_P:   26.0 | Act_R:    8.0 | Act_Y:   -0.6
[G01-W01] t=2.80s | Des(P):   45.0 | Act_P:   23.7 | Act_R:    5.8 | Act_Y:   -1.2
[G01-W05] t=2.60s | Des(P):   45.0 | Act_P:   25.1 | Act_R:   10.9 | Act_Y:   -0.8
[G01-W03] t=2.80s | Des(P):   45.0 | Act_P:   21.6 | Act_R:   20.0 | Act_Y:   -1.4
[G01-W02] t=3.00s | Des(R):    0.0 | Act_P:   26.0 | Act_R:    2.3 | Act_Y:   -0.7
[G01-W04] t=2.80s | Des(P):   45.0 | Act_P:   20.9 | Act_R:   10.0 | Act_Y:   -1.4
[G01-W01] t=3.00s | Des(R):    0.0 | Act_P:   23.4 | Act_R:    6.5 | Act_Y:   -1.1
[G01-W06] t=2.80s | Des(P):   45.0 | Act_P:   24.3 | Act_R:    7.3 | Act_Y:   -0.8
[G01-W05] t=2.80s | Des(P):   45.0 | Act_P:   22.4 | Act_R:   10.8 | Act_Y:   -1.2
[G01-W04] t=3.00s | Des(R):    0.0 | Act_P:   22.3 | Act_R:   10.2 | Act_Y:   -1.2
[G01-W03] t=3.00s | Des(R):    0.0 | Act_P:   23.1 | Act_R:   20.5 | Act_Y:   -2.1
[G01-W02] t=3.20s | Des(R):    7.3 | Act_P:   27.1 | Act_R:   14.8 | Act_Y:   -1.5
[G01-W05] t=3.00s | Des(R):    0.0 | Act_P:   22.6 | Act_R:   11.2 | Act_Y:   -1.4
[G01-W01] t=3.20s | Des(R):    7.3 | Act_P:   24.0 | Act_R:   19.0 | Act_Y:   -1.9
[G01-W06] t=3.00s | Des(R):    0.0 | Act_P:   23.9 | Act_R:    6.9 | Act_Y:   -1.1
[G01-W03] t=3.20s | Des(R):    7.3 | Act_P:   25.5 | Act_R:   34.6 | Act_Y:   -3.1
[G01-W04] t=3.20s | Des(R):    7.3 | Act_P:   24.1 | Act_R:   23.0 | Act_Y:   -2.4
[G01-W02] t=3.40s | Des(R):   27.7 | Act_P:   31.3 | Act_R:   40.3 | Act_Y:   -3.8
[G01-W01] t=3.40s | Des(R):   27.7 | Act_P:   28.0 | Act_R:   42.5 | Act_Y:   -4.6
[G01-W05] t=3.20s | Des(R):    7.3 | Act_P:   23.6 | Act_R:   23.3 | Act_Y:   -2.3
[G01-W06] t=3.20s | Des(R):    7.3 | Act_P:   24.4 | Act_R:   18.6 | Act_Y:   -1.6
[G01-W04] t=3.40s | Des(R):   27.7 | Act_P:   27.8 | Act_R:   45.4 | Act_Y:   -6.0
[G01-W03] t=3.40s | Des(R):   27.7 | Act_P:   26.2 | Act_R:   47.8 | Act_Y:   -8.1
[G01-W02] t=3.60s | Des(R):   35.0 | Act_P:   37.0 | Act_R:   46.6 | Act_Y:   -4.9
[G01-W01] t=3.60s | Des(R):   35.0 | Act_P:   32.3 | Act_R:   47.7 | Act_Y:   -6.3
[G01-W05] t=3.40s | Des(R):   27.7 | Act_P:   26.5 | Act_R:   45.0 | Act_Y:   -4.9
[G01-W04] t=3.60s | Des(R):   35.0 | Act_P:   31.9 | Act_R:   48.4 | Act_Y:   -9.3
[G01-W06] t=3.40s | Des(R):   27.7 | Act_P:   27.1 | Act_R:   41.5 | Act_Y:   -3.8
[G01-W02] t=3.80s | Des(R):   35.0 | Act_P:   41.6 | Act_R:   47.0 | Act_Y:   -5.1
[G01-W03] t=3.60s | Des(R):   35.0 | Act_P:   33.9 | Act_R:   48.2 | Act_Y:  -10.3
[G01-W01] t=3.80s | Des(R):   35.0 | Act_P:   38.8 | Act_R:   47.9 | Act_Y:   -5.9
[G01-W05] t=3.60s | Des(R):   35.0 | Act_P:   30.1 | Act_R:   48.3 | Act_Y:   -7.9
[G01-W06] t=3.60s | Des(R):   35.0 | Act_P:   31.9 | Act_R:   47.4 | Act_Y:   -5.9
[G01-W04] t=3.80s | Des(R):   35.0 | Act_P:   41.7 | Act_R:   47.5 | Act_Y:   -6.6
[G01-W03] t=3.80s | Des(R):   35.0 | Act_P:   42.4 | Act_R:   47.2 | Act_Y:   -6.6
[G01-W02] t=4.00s | Des(R):   35.0 | Act_P:   46.6 | Act_R:   44.9 | Act_Y:   -2.6
[G01-W01] t=4.00s | Des(R):   35.0 | Act_P:   43.7 | Act_R:   46.4 | Act_Y:   -3.1
[G01-W05] t=3.80s | Des(R):   35.0 | Act_P:   38.5 | Act_R:   47.5 | Act_Y:   -6.7
[G01-W06] t=3.80s | Des(R):   35.0 | Act_P:   37.5 | Act_R:   47.9 | Act_Y:   -6.3
[G01-W04] t=4.00s | Des(R):   35.0 | Act_P:   45.6 | Act_R:   45.4 | Act_Y:   -2.5
[G01-W03] t=4.00s | Des(R):   35.0 | Act_P:   45.8 | Act_R:   45.4 | Act_Y:   -3.8
[G01-W02] t=4.20s | Des(R):   35.0 | Act_P:   49.5 | Act_R:   43.7 | Act_Y:   -1.5
[G01-W01] t=4.20s | Des(R):   35.0 | Act_P:   46.6 | Act_R:   45.0 | Act_Y:   -0.7
[G01-W05] t=4.00s | Des(R):   35.0 | Act_P:   43.5 | Act_R:   46.5 | Act_Y:   -4.0
[G01-W06] t=4.00s | Des(R):   35.0 | Act_P:   43.4 | Act_R:   46.7 | Act_Y:   -4.3
[G01-W04] t=4.20s | Des(R):   35.0 | Act_P:   48.0 | Act_R:   44.3 | Act_Y:   -0.9
[G01-W03] t=4.20s | Des(R):   35.0 | Act_P:   47.8 | Act_R:   44.5 | Act_Y:   -1.4
[G01-W02] t=4.40s | Des(R):   35.0 | Act_P:   51.8 | Act_R:   41.6 | Act_Y:   -0.6
[G01-W01] t=4.40s | Des(R):   35.0 | Act_P:   48.0 | Act_R:   43.9 | Act_Y:   -0.5
[G01-W05] t=4.20s | Des(R):   35.0 | Act_P:   46.4 | Act_R:   45.4 | Act_Y:   -1.4
[G01-W04] t=4.40s | Des(R):   35.0 | Act_P:   49.7 | Act_R:   42.8 | Act_Y:   -1.0
[G01-W06] t=4.20s | Des(R):   35.0 | Act_P:   47.3 | Act_R:   45.0 | Act_Y:   -1.7
[G01-W03] t=4.40s | Des(R):   35.0 | Act_P:   48.7 | Act_R:   43.6 | Act_Y:   -0.9
[G01-W02] t=4.60s | Des(R):   35.0 | Act_P:   53.0 | Act_R:   39.3 | Act_Y:    0.1
[G01-W05] t=4.40s | Des(R):   35.0 | Act_P:   47.9 | Act_R:   44.2 | Act_Y:   -0.5
[G01-W01] t=4.60s | Des(R):   35.0 | Act_P:   50.4 | Act_R:   41.3 | Act_Y:   -1.6
[G01-W04] t=4.60s | Des(R):   35.0 | Act_P:   52.3 | Act_R:   39.9 | Act_Y:   -0.6
[G01-W06] t=4.40s | Des(R):   35.0 | Act_P:   49.4 | Act_R:   43.1 | Act_Y:   -0.7
[G01-W03] t=4.60s | Des(R):   35.0 | Act_P:   51.3 | Act_R:   40.7 | Act_Y:   -1.7
[Fixation Controller] Initialized 3-DOF Virtual Work tracking for Eyes.
Traceback (most recent call last):
  File "D:\Akademik\PhD_Thesis\OpenSim\HeadNeck_Control_w_Sensors_Opensim4_6\cmaes_step_worker.py", line 162, in <module>
    err = evaluate_params(Kp, Ki, Kd, G_ton, G_sc, G_phas, kp_prop, k_gamma_dyn, k_gamma_stat, worker_id)
          ^^^^^^^^^^^^^^^^^^^^^^^^^^^^^^^^^^^^^^^^^^^^^^^^^^^^^^^^^^^^^^^^^^^^^^^^^^^^^^^^^^^^^^^^^^^^^^^
  File "D:\Akademik\PhD_Thesis\OpenSim\HeadNeck_Control_w_Sensors_Opensim4_6\cmaes_step_worker.py", line 119, in evaluate_params
    state = manager.integrate(t)
            ^^^^^^^^^^^^^^^^^^^^
  File "C:\Users\User\miniforge3\envs\opensim_env\Lib\opensim\simulation.py", line 28704, in integrate
    return _simulation.Manager_integrate(self, finalTime)
           ^^^^^^^^^^^^^^^^^^^^^^^^^^^^^^^^^^^^^^^^^^^^^^
KeyboardInterrupt
[Fixation Controller] Initialized 3-DOF Virtual Work tracking for Eyes.
Traceback (most recent call last):
  File "D:\Akademik\PhD_Thesis\OpenSim\HeadNeck_Control_w_Sensors_Opensim4_6\cmaes_step_worker.py", line 162, in <module>
    err = evaluate_params(Kp, Ki, Kd, G_ton, G_sc, G_phas, kp_prop, k_gamma_dyn, k_gamma_stat, worker_id)
          ^^^^^^^^^^^^^^^^^^^^^^^^^^^^^^^^^^^^^^^^^^^^^^^^^^^^^^^^^^^^^^^^^^^^^^^^^^^^^^^^^^^^^^^^^^^^^^^
  File "D:\Akademik\PhD_Thesis\OpenSim\HeadNeck_Control_w_Sensors_Opensim4_6\cmaes_step_worker.py", line 119, in evaluate_params
    state = manager.integrate(t)
            ^^^^^^^^^^^^^^^^^^^^
  File "C:\Users\User\miniforge3\envs\opensim_env\Lib\opensim\simulation.py", line 28704, in integrate
    return _simulation.Manager_integrate(self, finalTime)
           ^^^^^^^^^^^^^^^^^^^^^^^^^^^^^^^^^^^^^^^^^^^^^^
KeyboardInterrupt
Eval CRASHED: G01-W01 | Kp=131.73, Ki=4.92, Kd=22.34
[Fixation Controller] Initialized 3-DOF Virtual Work tracking for Eyes.
Traceback (most recent call last):
  File "D:\Akademik\PhD_Thesis\OpenSim\HeadNeck_Control_w_Sensors_Opensim4_6\cmaes_step_worker.py", line 162, in <module>
    err = evaluate_params(Kp, Ki, Kd, G_ton, G_sc, G_phas, kp_prop, k_gamma_dyn, k_gamma_stat, worker_id)
          ^^^^^^^^^^^^^^^^^^^^^^^^^^^^^^^^^^^^^^^^^^^^^^^^^^^^^^^^^^^^^^^^^^^^^^^^^^^^^^^^^^^^^^^^^^^^^^^
  File "D:\Akademik\PhD_Thesis\OpenSim\HeadNeck_Control_w_Sensors_Opensim4_6\cmaes_step_worker.py", line 119, in evaluate_params
    state = manager.integrate(t)
            ^^^^^^^^^^^^^^^^^^^^
  File "C:\Users\User\miniforge3\envs\opensim_env\Lib\opensim\simulation.py", line 28704, in integrate
    return _simulation.Manager_integrate(self, finalTime)
           ^^^^^^^^^^^^^^^^^^^^^^^^^^^^^^^^^^^^^^^^^^^^^^
KeyboardInterrupt
Eval CRASHED: G01-W06 | Kp=104.80, Ki=15.15, Kd=36.18
Eval CRASHED: G01-W03 | Kp=97.18, Ki=0.45, Kd=19.90
[Fixation Controller] Initialized 3-DOF Virtual Work tracking for Eyes.
Traceback (most recent call last):
  File "D:\Akademik\PhD_Thesis\OpenSim\HeadNeck_Control_w_Sensors_Opensim4_6\cmaes_step_worker.py", line 162, in <module>
    err = evaluate_params(Kp, Ki, Kd, G_ton, G_sc, G_phas, kp_prop, k_gamma_dyn, k_gamma_stat, worker_id)
          ^^^^^^^^^^^^^^^^^^^^^^^^^^^^^^^^^^^^^^^^^^^^^^^^^^^^^^^^^^^^^^^^^^^^^^^^^^^^^^^^^^^^^^^^^^^^^^^
  File "D:\Akademik\PhD_Thesis\OpenSim\HeadNeck_Control_w_Sensors_Opensim4_6\cmaes_step_worker.py", line 119, in evaluate_params
    state = manager.integrate(t)
            ^^^^^^^^^^^^^^^^^^^^
  File "C:\Users\User\miniforge3\envs\opensim_env\Lib\opensim\simulation.py", line 28704, in integrate
    return _simulation.Manager_integrate(self, finalTime)
           ^^^^^^^^^^^^^^^^^^^^^^^^^^^^^^^^^^^^^^^^^^^^^^
KeyboardInterrupt
Eval CRASHED: G01-W02 | Kp=132.76, Ki=29.48, Kd=21.62
[Fixation Controller] Initialized 3-DOF Virtual Work tracking for Eyes.
Traceback (most recent call last):
  File "D:\Akademik\PhD_Thesis\OpenSim\HeadNeck_Control_w_Sensors_Opensim4_6\cmaes_step_worker.py", line 162, in <module>
    err = evaluate_params(Kp, Ki, Kd, G_ton, G_sc, G_phas, kp_prop, k_gamma_dyn, k_gamma_stat, worker_id)
          ^^^^^^^^^^^^^^^^^^^^^^^^^^^^^^^^^^^^^^^^^^^^^^^^^^^^^^^^^^^^^^^^^^^^^^^^^^^^^^^^^^^^^^^^^^^^^^^
  File "D:\Akademik\PhD_Thesis\OpenSim\HeadNeck_Control_w_Sensors_Opensim4_6\cmaes_step_worker.py", line 119, in evaluate_params
    state = manager.integrate(t)
            ^^^^^^^^^^^^^^^^^^^^
  File "C:\Users\User\miniforge3\envs\opensim_env\Lib\opensim\simulation.py", line 28704, in integrate
    return _simulation.Manager_integrate(self, finalTime)
           ^^^^^^^^^^^^^^^^^^^^^^^^^^^^^^^^^^^^^^^^^^^^^^
KeyboardInterrupt
Eval CRASHED: G01-W05 | Kp=113.10, Ki=1.05, Kd=29.53
[Fixation Controller] Initialized 3-DOF Virtual Work tracking for Eyes.
Traceback (most recent call last):
  File "D:\Akademik\PhD_Thesis\OpenSim\HeadNeck_Control_w_Sensors_Opensim4_6\cmaes_step_worker.py", line 162, in <module>
    err = evaluate_params(Kp, Ki, Kd, G_ton, G_sc, G_phas, kp_prop, k_gamma_dyn, k_gamma_stat, worker_id)
          ^^^^^^^^^^^^^^^^^^^^^^^^^^^^^^^^^^^^^^^^^^^^^^^^^^^^^^^^^^^^^^^^^^^^^^^^^^^^^^^^^^^^^^^^^^^^^^^
  File "D:\Akademik\PhD_Thesis\OpenSim\HeadNeck_Control_w_Sensors_Opensim4_6\cmaes_step_worker.py", line 119, in evaluate_params
    state = manager.integrate(t)
            ^^^^^^^^^^^^^^^^^^^^
  File "C:\Users\User\miniforge3\envs\opensim_env\Lib\opensim\simulation.py", line 28704, in integrate
    return _simulation.Manager_integrate(self, finalTime)
           ^^^^^^^^^^^^^^^^^^^^^^^^^^^^^^^^^^^^^^^^^^^^^^
KeyboardInterrupt
Eval CRASHED: G01-W04 | Kp=108.15, Ki=9.39, Kd=15.59
