Found simbody-visualizer, setting SIMBODY_HOME env var to  C:\Users\User\miniforge3\envs\opensim_env\Lib\opensim
80.0487316078274
[Fixation Controller] Initialized 3-DOF Virtual Work tracking for Eyes.
P: 33.1 | R: -2.4 | Y: -9.8
t=1.40s | P: 42.5 | R: -4.3 | Y:-11.0
t=1.60s | P: 49.8 | R: -5.1 | Y:-10.8
t=1.80s | P: 52.7 | R: -3.6 | Y: -9.6
t=2.00s | P: 53.7 | R: -0.7 | Y: -5.9
t=2.20s | P: 51.9 | R:  3.1 | Y: -0.4
t=2.40s | P: 51.3 | R:  6.2 | Y:  2.9
t=2.60s | P: 49.5 | R:  7.2 | Y:  3.2
t=2.80s | P: 46.5 | R:  6.5 | Y:  2.2
t=3.00s | P: 41.1 | R:  9.8 | Y:  0.2
t=3.20s | P: 25.8 | R: 24.9 | Y: -0.8
t=3.40s | P:  8.0 | R: 35.0 | Y: -5.4
t=3.60s | P:  4.8 | R: 34.9 | Y: -8.6
t=3.80s | P:  5.7 | R: 36.3 | Y: -6.6
t=4.00s | P:  8.3 | R: 34.6 | Y: -3.8
t=4.20s | P: 17.0 | R: 23.7 | Y: -1.2
t=4.40s | P: 17.7 | R: 15.5 | Y:  1.2
t=4.60s | P:  7.6 | R:  7.1 | Y:  0.5
t=4.80s | P: -6.2 | R: -2.9 | Y: -4.7
t=5.00s | P: -7.0 | R: -8.0 | Y: -4.0
t=5.20s | P:-15.3 | R:-12.9 | Y: 21.4
t=5.40s | P:-12.3 | R:-18.8 | Y: 10.2
t=5.60s | P:-19.7 | R:-30.1 | Y: 10.5
t=5.80s | P:-16.9 | R:-32.7 | Y: 20.4
t=6.00s | P:-10.4 | R:-22.6 | Y: 36.9
80.0487316078274
