==========================================================================================
Alpha-Scaled CMA-ES: Bode Frequency Response Optimization (STRICT LITERATURE BOUNDS)
Base PID (Step Gen 15): Kp=696.79, Ki=179.12, Kd=120.92
Searching: ['alpha', 'G_ton', 'G_sc', 'G_phas', 'kp_prop', 'k_gamma_dyn', 'k_gamma_stat']
==========================================================================================
(6_w,12mirr2)-aCMA-ES (mu_w=3.7,w_1=40%) in dimension 7 (seed=934381, Thu Oct  1 23:09:29 2026)

--- Generation 1 ---
Eval CRASHED at 1.12Hz: a=5.23(Kp=25.4,Ki=1.2,Kd=23.1), Gton=21.52, Gsc=3.73
Eval CRASHED at 1.12Hz: a=4.73(Kp=31.1,Ki=1.7,Kd=25.6), Gton=6.54, Gsc=3.56Eval CRASHED at 1.12Hz: a=4.53(Kp=34.0,Ki=1.9,Kd=26.7), Gton=6.63, Gsc=4.85Eval CRASHED at 1.12Hz: a=4.90(Kp=29.1,Ki=1.5,Kd=24.7), Gton=5.00, Gsc=4.84Eval CRASHED at 1.12Hz: a=4.00(Kp=43.6,Ki=2.8,Kd=30.3), Gton=9.28, Gsc=3.42Eval CRASHED at 1.12Hz: a=4.63(Kp=32.6,Ki=1.8,Kd=26.1), Gton=7.37, Gsc=4.50




Eval CRASHED at 1.12Hz: a=4.98(Kp=28.1,Ki=1.5,Kd=24.3), Gton=6.47, Gsc=2.70
Eval CRASHED at 1.12Hz: a=3.96(Kp=44.3,Ki=2.9,Kd=30.5), Gton=18.23, Gsc=4.66Eval CRASHED at 1.12Hz: a=4.73(Kp=31.2,Ki=1.7,Kd=25.6), Gton=8.93, Gsc=3.61Eval CRASHED at 1.12Hz: a=5.20(Kp=25.7,Ki=1.3,Kd=23.2), Gton=6.05, Gsc=4.57


Eval CRASHED at 1.12Hz: a=5.31(Kp=24.7,Ki=1.2,Kd=22.8), Gton=13.72, Gsc=3.79
Eval CRASHED at 1.12Hz: a=3.94(Kp=44.9,Ki=2.9,Kd=30.7), Gton=8.97, Gsc=3.27
Iterat #Fevals   function value  axis ratio  sigma  min&max std  t[m:s]
    1     12 1.000011166144975e+05 1.0e+00 1.49e+00  4e-01  8e+00 0:00.1  
Gen 1: Best Bode SSE = 100001.1 | alpha=4.73(Kp=31.2,Ki=1.7,Kd=25.6), G_ton=8.932, G_sc=3.607, G_phas=7.119, kp_prop=0.195, k_gamma_dyn=45.468, k_gamma_stat=75.404

--- Generation 2 ---
Eval CRASHED at 1.12Hz: a=4.50(Kp=34.3,Ki=2.0,Kd=26.8), Gton=9.54, Gsc=4.54
Eval CRASHED at 1.12Hz: a=4.20(Kp=39.6,Ki=2.4,Kd=28.8), Gton=11.43, Gsc=4.96
Eval CRASHED at 1.12Hz: a=4.54(Kp=33.8,Ki=1.9,Kd=26.6), Gton=16.97, Gsc=4.70
Eval CRASHED at 1.12Hz: a=3.96(Kp=44.5,Ki=2.9,Kd=30.6), Gton=12.62, Gsc=4.15
Eval CRASHED at 1.12Hz: a=5.44(Kp=23.6,Ki=1.1,Kd=22.2), Gton=12.48, Gsc=4.37
Eval CRASHED at 1.12Hz: a=4.06(Kp=42.2,Ki=2.7,Kd=29.8), Gton=5.66, Gsc=4.66
Eval CRASHED at 1.12Hz: a=2.60(Kp=102.7,Ki=10.1,Kd=46.4), Gton=16.25, Gsc=4.99
Eval CRASHED at 1.12Hz: a=5.15(Kp=26.3,Ki=1.3,Kd=23.5), Gton=16.11, Gsc=3.87
Eval CRASHED at 1.12Hz: a=4.79(Kp=30.3,Ki=1.6,Kd=25.2), Gton=14.86, Gsc=4.91
Eval CRASHED at 1.12Hz: a=4.58(Kp=33.2,Ki=1.9,Kd=26.4), Gton=11.24, Gsc=5.00
Eval CRASHED at 1.12Hz: a=5.46(Kp=23.3,Ki=1.1,Kd=22.1), Gton=5.71, Gsc=4.94
Eval CRASHED at 1.12Hz: a=4.43(Kp=35.5,Ki=2.1,Kd=27.3), Gton=6.48, Gsc=4.69
    2     24 1.000031526130544e+05 1.3e+00 1.43e+00  4e-01  7e+00 0:00.2  
Gen 2: Best Bode SSE = 100001.1 | alpha=4.73(Kp=31.2,Ki=1.7,Kd=25.6), G_ton=8.932, G_sc=3.607, G_phas=7.119, kp_prop=0.195, k_gamma_dyn=45.468, k_gamma_stat=75.404

--- Generation 3 ---
Eval CRASHED at 1.12Hz: a=5.32(Kp=24.7,Ki=1.2,Kd=22.7), Gton=10.86, Gsc=4.98
Eval CRASHED at 1.12Hz: a=4.31(Kp=37.5,Ki=2.2,Kd=28.0), Gton=11.86, Gsc=3.60
Eval CRASHED at 1.12Hz: a=5.45(Kp=23.5,Ki=1.1,Kd=22.2), Gton=12.66, Gsc=4.99
Eval CRASHED at 1.12Hz: a=6.06(Kp=19.0,Ki=0.8,Kd=20.0), Gton=19.05, Gsc=4.05
Eval CRASHED at 1.12Hz: a=5.98(Kp=19.5,Ki=0.8,Kd=20.2), Gton=5.05, Gsc=4.02
Eval CRASHED at 1.12Hz: a=4.18(Kp=39.9,Ki=2.5,Kd=28.9), Gton=10.22, Gsc=5.00
Eval CRASHED at 1.12Hz: a=4.96(Kp=28.3,Ki=1.5,Kd=24.4), Gton=8.97, Gsc=5.00Eval CRASHED at 1.12Hz: a=5.23(Kp=25.5,Ki=1.3,Kd=23.1), Gton=7.37, Gsc=4.92

Eval CRASHED at 1.12Hz: a=4.66(Kp=32.1,Ki=1.8,Kd=26.0), Gton=17.31, Gsc=4.65
Eval CRASHED at 1.12Hz: a=5.83(Kp=20.5,Ki=0.9,Kd=20.7), Gton=6.95, Gsc=4.47Eval CRASHED at 1.12Hz: a=3.91(Kp=45.7,Ki=3.0,Kd=31.0), Gton=17.72, Gsc=4.89

Eval CRASHED at 1.12Hz: a=5.78(Kp=20.9,Ki=0.9,Kd=20.9), Gton=5.64, Gsc=3.78
    3     36 1.000055458940016e+05 1.3e+00 1.35e+00  4e-01  7e+00 0:00.3  
Gen 3: Best Bode SSE = 100001.1 | alpha=4.73(Kp=31.2,Ki=1.7,Kd=25.6), G_ton=8.932, G_sc=3.607, G_phas=7.119, kp_prop=0.195, k_gamma_dyn=45.468, k_gamma_stat=75.404

--- Generation 4 ---
Eval CRASHED at 1.12Hz: a=5.68(Kp=21.6,Ki=1.0,Kd=21.3), Gton=7.45, Gsc=4.77
Eval CRASHED at 1.12Hz: a=3.85(Kp=47.0,Ki=3.1,Kd=31.4), Gton=8.11, Gsc=4.41
Eval CRASHED at 1.12Hz: a=4.28(Kp=38.1,Ki=2.3,Kd=28.3), Gton=15.81, Gsc=4.30
Eval CRASHED at 1.12Hz: a=5.11(Kp=26.7,Ki=1.3,Kd=23.7), Gton=8.82, Gsc=4.84
Eval CRASHED at 1.12Hz: a=4.70(Kp=31.6,Ki=1.7,Kd=25.7), Gton=11.99, Gsc=5.00
Eval CRASHED at 1.12Hz: a=5.40(Kp=23.9,Ki=1.1,Kd=22.4), Gton=5.37, Gsc=4.99
Eval CRASHED at 1.12Hz: a=5.56(Kp=22.5,Ki=1.0,Kd=21.7), Gton=22.05, Gsc=4.97
Eval CRASHED at 1.12Hz: a=6.32(Kp=17.4,Ki=0.7,Kd=19.1), Gton=13.45, Gsc=4.67
Eval CRASHED at 1.12Hz: a=5.71(Kp=21.4,Ki=1.0,Kd=21.2), Gton=15.57, Gsc=5.00
Eval CRASHED at 1.12Hz: a=5.45(Kp=23.5,Ki=1.1,Kd=22.2), Gton=12.88, Gsc=4.07
Eval CRASHED at 1.12Hz: a=4.02(Kp=43.1,Ki=2.8,Kd=30.1), Gton=18.77, Gsc=4.79
Eval CRASHED at 1.12Hz: a=4.25(Kp=38.5,Ki=2.3,Kd=28.4), Gton=12.62, Gsc=4.30
Gen 4: Best Bode SSE = 100001.1 | alpha=4.73(Kp=31.2,Ki=1.7,Kd=25.6), G_ton=8.932, G_sc=3.607, G_phas=7.119, kp_prop=0.195, k_gamma_dyn=45.468, k_gamma_stat=75.404

--- Generation 5 ---
Eval CRASHED at 1.12Hz: a=3.65(Kp=52.4,Ki=3.7,Kd=33.2), Gton=8.45, Gsc=4.25Eval CRASHED at 1.12Hz: a=3.96(Kp=44.4,Ki=2.9,Kd=30.5), Gton=20.27, Gsc=4.22

Eval CRASHED at 1.12Hz: a=4.53(Kp=34.0,Ki=1.9,Kd=26.7), Gton=18.03, Gsc=4.36
Eval CRASHED at 1.12Hz: a=3.23(Kp=66.9,Ki=5.3,Kd=37.5), Gton=18.02, Gsc=2.77
Eval CRASHED at 1.12Hz: a=4.52(Kp=34.1,Ki=1.9,Kd=26.7), Gton=19.71, Gsc=4.96
Eval CRASHED at 1.12Hz: a=5.17(Kp=26.1,Ki=1.3,Kd=23.4), Gton=13.84, Gsc=5.00
Eval CRASHED at 1.12Hz: a=4.59(Kp=33.1,Ki=1.9,Kd=26.4), Gton=14.78, Gsc=4.58
Eval CRASHED at 1.12Hz: a=4.17(Kp=40.1,Ki=2.5,Kd=29.0), Gton=18.87, Gsc=4.05
Eval CRASHED at 1.12Hz: a=5.37(Kp=24.2,Ki=1.2,Kd=22.5), Gton=13.16, Gsc=5.00
Eval CRASHED at 1.12Hz: a=4.90(Kp=29.0,Ki=1.5,Kd=24.7), Gton=16.44, Gsc=3.84
Eval CRASHED at 1.12Hz: a=4.56(Kp=33.5,Ki=1.9,Kd=26.5), Gton=16.72, Gsc=4.94
Eval CRASHED at 1.12Hz: a=4.75(Kp=30.9,Ki=1.7,Kd=25.5), Gton=11.26, Gsc=3.43
Gen 5: Best Bode SSE = 100001.1 | alpha=4.73(Kp=31.2,Ki=1.7,Kd=25.6), G_ton=8.932, G_sc=3.607, G_phas=7.119, kp_prop=0.195, k_gamma_dyn=45.468, k_gamma_stat=75.404

--- Generation 6 ---
Eval CRASHED at 1.12Hz: a=3.73(Kp=50.0,Ki=3.4,Kd=32.4), Gton=17.43, Gsc=4.06Eval CRASHED at 1.12Hz: a=4.13(Kp=40.9,Ki=2.5,Kd=29.3), Gton=20.83, Gsc=4.53

Eval CRASHED at 1.12Hz: a=5.05(Kp=27.3,Ki=1.4,Kd=23.9), Gton=20.94, Gsc=4.95Eval CRASHED at 1.12Hz: a=3.95(Kp=44.6,Ki=2.9,Kd=30.6), Gton=16.70, Gsc=4.20

Eval CRASHED at 1.12Hz: a=4.83(Kp=29.9,Ki=1.6,Kd=25.1), Gton=8.35, Gsc=4.60
Eval CRASHED at 1.12Hz: a=5.26(Kp=25.2,Ki=1.2,Kd=23.0), Gton=21.64, Gsc=4.35
Eval CRASHED at 1.12Hz: a=3.76(Kp=49.3,Ki=3.4,Kd=32.2), Gton=17.65, Gsc=3.87
Eval CRASHED at 1.12Hz: a=4.94(Kp=28.5,Ki=1.5,Kd=24.5), Gton=13.78, Gsc=3.65
Eval CRASHED at 1.12Hz: a=3.59(Kp=54.1,Ki=3.9,Kd=33.7), Gton=12.93, Gsc=4.43
Eval CRASHED at 1.12Hz: a=4.91(Kp=29.0,Ki=1.5,Kd=24.6), Gton=11.58, Gsc=4.47
Eval CRASHED at 1.12Hz: a=5.91(Kp=20.0,Ki=0.9,Kd=20.5), Gton=12.21, Gsc=4.92
Eval CRASHED at 1.12Hz: a=4.73(Kp=31.2,Ki=1.7,Kd=25.6), Gton=19.56, Gsc=4.81
Gen 6: Best Bode SSE = 100000.4 | alpha=5.05(Kp=27.3,Ki=1.4,Kd=23.9), G_ton=20.936, G_sc=4.954, G_phas=6.698, kp_prop=1.558, k_gamma_dyn=50.853, k_gamma_stat=89.710

--- Generation 7 ---
Eval CRASHED at 1.12Hz: a=4.76(Kp=30.7,Ki=1.7,Kd=25.4), Gton=19.30, Gsc=4.95
Eval CRASHED at 1.12Hz: a=5.23(Kp=25.5,Ki=1.3,Kd=23.1), Gton=11.08, Gsc=4.22
Eval CRASHED at 1.12Hz: a=5.45(Kp=23.5,Ki=1.1,Kd=22.2), Gton=17.67, Gsc=4.40
Eval CRASHED at 1.12Hz: a=5.02(Kp=27.6,Ki=1.4,Kd=24.1), Gton=20.76, Gsc=4.59
Eval CRASHED at 1.12Hz: a=4.60(Kp=32.9,Ki=1.8,Kd=26.3), Gton=20.42, Gsc=3.50
Eval CRASHED at 1.12Hz: a=4.87(Kp=29.4,Ki=1.6,Kd=24.8), Gton=12.06, Gsc=4.47
Eval CRASHED at 1.12Hz: a=4.91(Kp=28.9,Ki=1.5,Kd=24.6), Gton=24.98, Gsc=4.67
Eval CRASHED at 1.12Hz: a=4.68(Kp=31.8,Ki=1.7,Kd=25.8), Gton=20.93, Gsc=4.50
Eval CRASHED at 1.12Hz: a=4.52(Kp=34.1,Ki=1.9,Kd=26.8), Gton=16.66, Gsc=4.25
Eval CRASHED at 1.12Hz: a=5.75(Kp=21.1,Ki=0.9,Kd=21.0), Gton=16.39, Gsc=4.99
Eval CRASHED at 1.12Hz: a=5.23(Kp=25.5,Ki=1.3,Kd=23.1), Gton=20.49, Gsc=4.82
Eval CRASHED at 1.12Hz: a=4.63(Kp=32.5,Ki=1.8,Kd=26.1), Gton=6.57, Gsc=4.57
Gen 7: Best Bode SSE = 100000.0 | alpha=4.60(Kp=32.9,Ki=1.8,Kd=26.3), G_ton=20.415, G_sc=3.500, G_phas=6.804, kp_prop=0.622, k_gamma_dyn=56.670, k_gamma_stat=88.308

--- Generation 8 ---
Eval CRASHED at 1.12Hz: a=4.48(Kp=34.7,Ki=2.0,Kd=27.0), Gton=18.60, Gsc=3.66Eval CRASHED at 1.12Hz: a=3.98(Kp=44.1,Ki=2.8,Kd=30.4), Gton=15.93, Gsc=4.16

Eval CRASHED at 1.12Hz: a=4.96(Kp=28.3,Ki=1.5,Kd=24.4), Gton=20.71, Gsc=4.15
Eval CRASHED at 1.12Hz: a=4.43(Kp=35.5,Ki=2.1,Kd=27.3), Gton=23.53, Gsc=4.77
Eval CRASHED at 1.12Hz: a=4.70(Kp=31.5,Ki=1.7,Kd=25.7), Gton=24.78, Gsc=3.49
Eval CRASHED at 1.12Hz: a=5.43(Kp=23.7,Ki=1.1,Kd=22.3), Gton=21.91, Gsc=4.73
Eval CRASHED at 1.12Hz: a=3.82(Kp=47.7,Ki=3.2,Kd=31.6), Gton=24.95, Gsc=5.00
Eval CRASHED at 1.12Hz: a=4.46(Kp=35.0,Ki=2.0,Kd=27.1), Gton=16.61, Gsc=3.21
Eval CRASHED at 1.12Hz: a=5.88(Kp=20.1,Ki=0.9,Kd=20.5), Gton=17.19, Gsc=3.50
Eval CRASHED at 1.12Hz: a=5.41(Kp=23.8,Ki=1.1,Kd=22.4), Gton=22.22, Gsc=5.00
Eval CRASHED at 1.12Hz: a=5.32(Kp=24.6,Ki=1.2,Kd=22.7), Gton=19.48, Gsc=4.93
Eval CRASHED at 1.12Hz: a=4.50(Kp=34.4,Ki=2.0,Kd=26.9), Gton=22.42, Gsc=4.94
Gen 8: Best Bode SSE = 100000.0 | alpha=4.60(Kp=32.9,Ki=1.8,Kd=26.3), G_ton=20.415, G_sc=3.500, G_phas=6.804, kp_prop=0.622, k_gamma_dyn=56.670, k_gamma_stat=88.308

--- Generation 9 ---
Eval CRASHED at 1.12Hz: a=5.14(Kp=26.3,Ki=1.3,Kd=23.5), Gton=23.34, Gsc=4.36
Eval CRASHED at 1.12Hz: a=5.37(Kp=24.1,Ki=1.2,Kd=22.5), Gton=13.74, Gsc=4.39
Eval CRASHED at 1.12Hz: a=4.98(Kp=28.1,Ki=1.5,Kd=24.3), Gton=16.97, Gsc=4.72
Eval CRASHED at 1.12Hz: a=4.28(Kp=38.1,Ki=2.3,Kd=28.3), Gton=11.80, Gsc=3.23
Eval CRASHED at 1.12Hz: a=4.13(Kp=40.9,Ki=2.6,Kd=29.3), Gton=21.70, Gsc=4.99
Eval CRASHED at 1.12Hz: a=5.40(Kp=23.9,Ki=1.1,Kd=22.4), Gton=18.62, Gsc=4.22
Eval CRASHED at 1.12Hz: a=4.57(Kp=33.4,Ki=1.9,Kd=26.5), Gton=18.35, Gsc=4.97
Eval CRASHED at 1.12Hz: a=4.07(Kp=42.2,Ki=2.7,Kd=29.7), Gton=20.33, Gsc=4.52
Eval CRASHED at 1.12Hz: a=5.16(Kp=26.2,Ki=1.3,Kd=23.5), Gton=10.48, Gsc=4.27
Eval CRASHED at 1.12Hz: a=4.32(Kp=37.4,Ki=2.2,Kd=28.0), Gton=18.78, Gsc=3.83
Eval CRASHED at 1.12Hz: a=4.75(Kp=30.9,Ki=1.7,Kd=25.5), Gton=24.97, Gsc=3.93
Eval CRASHED at 1.12Hz: a=6.18(Kp=18.2,Ki=0.8,Kd=19.6), Gton=21.13, Gsc=4.70
Gen 9: Best Bode SSE = 100000.0 | alpha=4.60(Kp=32.9,Ki=1.8,Kd=26.3), G_ton=20.415, G_sc=3.500, G_phas=6.804, kp_prop=0.622, k_gamma_dyn=56.670, k_gamma_stat=88.308

--- Generation 10 ---
Eval CRASHED at 1.12Hz: a=4.57(Kp=33.4,Ki=1.9,Kd=26.5), Gton=12.15, Gsc=4.80
Eval CRASHED at 1.12Hz: a=4.14(Kp=40.7,Ki=2.5,Kd=29.2), Gton=14.94, Gsc=3.75Eval CRASHED at 1.12Hz: a=5.01(Kp=27.8,Ki=1.4,Kd=24.1), Gton=23.94, Gsc=4.53Eval CRASHED at 1.12Hz: a=4.93(Kp=28.7,Ki=1.5,Kd=24.5), Gton=20.97, Gsc=4.59


Eval CRASHED at 1.12Hz: a=5.67(Kp=21.7,Ki=1.0,Kd=21.3), Gton=17.66, Gsc=4.27Eval CRASHED at 1.12Hz: a=4.33(Kp=37.1,Ki=2.2,Kd=27.9), Gton=17.17, Gsc=4.83

Eval CRASHED at 1.12Hz: a=5.92(Kp=19.9,Ki=0.9,Kd=20.4), Gton=17.64, Gsc=4.65
Eval CRASHED at 1.12Hz: a=4.88(Kp=29.2,Ki=1.5,Kd=24.8), Gton=20.41, Gsc=4.44
Eval CRASHED at 1.12Hz: a=4.76(Kp=30.7,Ki=1.7,Kd=25.4), Gton=19.19, Gsc=3.76
Eval CRASHED at 1.12Hz: a=5.15(Kp=26.3,Ki=1.3,Kd=23.5), Gton=9.06, Gsc=4.50
Eval CRASHED at 1.12Hz: a=5.60(Kp=22.2,Ki=1.0,Kd=21.6), Gton=15.48, Gsc=4.49
Eval CRASHED at 1.12Hz: a=5.80(Kp=20.7,Ki=0.9,Kd=20.8), Gton=13.08, Gsc=3.90
Gen 10: Best Bode SSE = 100000.0 | alpha=4.60(Kp=32.9,Ki=1.8,Kd=26.3), G_ton=20.415, G_sc=3.500, G_phas=6.804, kp_prop=0.622, k_gamma_dyn=56.670, k_gamma_stat=88.308

--- Generation 11 ---
Eval CRASHED at 1.12Hz: a=4.77(Kp=30.6,Ki=1.6,Kd=25.3), Gton=19.38, Gsc=4.50
Eval CRASHED at 1.12Hz: a=5.11(Kp=26.7,Ki=1.3,Kd=23.7), Gton=21.10, Gsc=4.90
Eval CRASHED at 1.12Hz: a=4.26(Kp=38.4,Ki=2.3,Kd=28.4), Gton=15.70, Gsc=4.85Eval CRASHED at 1.12Hz: a=5.02(Kp=27.7,Ki=1.4,Kd=24.1), Gton=15.69, Gsc=4.34

Eval CRASHED at 1.12Hz: a=5.00(Kp=27.9,Ki=1.4,Kd=24.2), Gton=17.48, Gsc=4.25
Eval CRASHED at 1.12Hz: a=3.45(Kp=58.7,Ki=4.4,Kd=35.1), Gton=14.36, Gsc=4.42
Eval CRASHED at 1.12Hz: a=4.51(Kp=34.2,Ki=2.0,Kd=26.8), Gton=7.26, Gsc=3.59
Eval CRASHED at 1.12Hz: a=4.75(Kp=30.9,Ki=1.7,Kd=25.5), Gton=16.60, Gsc=3.65
Eval CRASHED at 1.12Hz: a=4.92(Kp=28.8,Ki=1.5,Kd=24.6), Gton=18.46, Gsc=4.58
Eval CRASHED at 1.12Hz: a=4.99(Kp=28.0,Ki=1.4,Kd=24.3), Gton=18.73, Gsc=4.29
Eval CRASHED at 1.12Hz: a=5.68(Kp=21.6,Ki=1.0,Kd=21.3), Gton=16.07, Gsc=4.49
Eval CRASHED at 1.12Hz: a=5.03(Kp=27.6,Ki=1.4,Kd=24.0), Gton=15.75, Gsc=4.12
Gen 11: Best Bode SSE = 100000.0 | alpha=4.60(Kp=32.9,Ki=1.8,Kd=26.3), G_ton=20.415, G_sc=3.500, G_phas=6.804, kp_prop=0.622, k_gamma_dyn=56.670, k_gamma_stat=88.308

--- Generation 12 ---
Eval CRASHED at 1.12Hz: a=4.86(Kp=29.5,Ki=1.6,Kd=24.9), Gton=20.22, Gsc=4.93
Eval CRASHED at 1.12Hz: a=5.12(Kp=26.5,Ki=1.3,Kd=23.6), Gton=13.58, Gsc=3.55
Eval CRASHED at 1.12Hz: a=4.53(Kp=33.9,Ki=1.9,Kd=26.7), Gton=21.30, Gsc=4.91
Eval CRASHED at 1.12Hz: a=5.27(Kp=25.1,Ki=1.2,Kd=23.0), Gton=13.95, Gsc=5.00
Eval CRASHED at 1.12Hz: a=4.76(Kp=30.8,Ki=1.7,Kd=25.4), Gton=18.28, Gsc=3.84Eval CRASHED at 1.12Hz: a=4.91(Kp=28.9,Ki=1.5,Kd=24.6), Gton=15.25, Gsc=4.81

Eval CRASHED at 1.12Hz: a=5.28(Kp=25.0,Ki=1.2,Kd=22.9), Gton=15.18, Gsc=3.74
Eval CRASHED at 1.12Hz: a=4.77(Kp=30.7,Ki=1.7,Kd=25.4), Gton=15.42, Gsc=5.00Eval CRASHED at 1.12Hz: a=4.81(Kp=30.2,Ki=1.6,Kd=25.2), Gton=11.39, Gsc=5.00

Eval CRASHED at 1.12Hz: a=4.42(Kp=35.7,Ki=2.1,Kd=27.4), Gton=19.40, Gsc=3.96
Eval CRASHED at 1.12Hz: a=4.93(Kp=28.7,Ki=1.5,Kd=24.5), Gton=15.44, Gsc=4.98
Eval CRASHED at 1.12Hz: a=4.62(Kp=32.7,Ki=1.8,Kd=26.2), Gton=17.84, Gsc=4.48
Gen 12: Best Bode SSE = 100000.0 | alpha=4.60(Kp=32.9,Ki=1.8,Kd=26.3), G_ton=20.415, G_sc=3.500, G_phas=6.804, kp_prop=0.622, k_gamma_dyn=56.670, k_gamma_stat=88.308

--- Generation 13 ---
Eval CRASHED at 1.12Hz: a=4.67(Kp=32.0,Ki=1.8,Kd=25.9), Gton=18.41, Gsc=3.74
Eval CRASHED at 1.12Hz: a=4.83(Kp=29.9,Ki=1.6,Kd=25.1), Gton=10.85, Gsc=4.23
Eval CRASHED at 1.12Hz: a=5.17(Kp=26.1,Ki=1.3,Kd=23.4), Gton=13.42, Gsc=3.86
Eval CRASHED at 1.12Hz: a=5.20(Kp=25.7,Ki=1.3,Kd=23.2), Gton=20.01, Gsc=4.86
Eval CRASHED at 1.12Hz: a=5.29(Kp=24.9,Ki=1.2,Kd=22.9), Gton=13.47, Gsc=4.82
Eval CRASHED at 1.12Hz: a=5.14(Kp=26.3,Ki=1.3,Kd=23.5), Gton=11.83, Gsc=3.40
Eval CRASHED at 1.12Hz: a=4.91(Kp=28.9,Ki=1.5,Kd=24.6), Gton=13.96, Gsc=3.25
Eval CRASHED at 1.12Hz: a=4.45(Kp=35.3,Ki=2.0,Kd=27.2), Gton=10.48, Gsc=4.86
Eval CRASHED at 1.12Hz: a=5.16(Kp=26.2,Ki=1.3,Kd=23.4), Gton=20.68, Gsc=4.42
Eval CRASHED at 1.12Hz: a=4.76(Kp=30.7,Ki=1.7,Kd=25.4), Gton=8.00, Gsc=4.81
Eval CRASHED at 1.12Hz: a=4.31(Kp=37.5,Ki=2.2,Kd=28.0), Gton=22.30, Gsc=5.00
Eval CRASHED at 1.12Hz: a=5.06(Kp=27.2,Ki=1.4,Kd=23.9), Gton=12.03, Gsc=4.88
Gen 13: Best Bode SSE = 100000.0 | alpha=4.60(Kp=32.9,Ki=1.8,Kd=26.3), G_ton=20.415, G_sc=3.500, G_phas=6.804, kp_prop=0.622, k_gamma_dyn=56.670, k_gamma_stat=88.308

--- Generation 14 ---
Eval CRASHED at 1.12Hz: a=4.58(Kp=33.3,Ki=1.9,Kd=26.4), Gton=19.34, Gsc=3.86Eval CRASHED at 1.12Hz: a=4.83(Kp=29.9,Ki=1.6,Kd=25.0), Gton=20.13, Gsc=4.43Eval CRASHED at 1.12Hz: a=4.75(Kp=30.9,Ki=1.7,Kd=25.5), Gton=17.68, Gsc=4.76

Eval CRASHED at 1.12Hz: a=4.39(Kp=36.1,Ki=2.1,Kd=27.5), Gton=24.17, Gsc=4.43Eval CRASHED at 1.12Hz: a=4.76(Kp=30.8,Ki=1.7,Kd=25.4), Gton=17.45, Gsc=3.46


Eval CRASHED at 1.12Hz: a=4.45(Kp=35.2,Ki=2.0,Kd=27.2), Gton=17.81, Gsc=4.97
Eval CRASHED at 1.12Hz: a=4.34(Kp=37.0,Ki=2.2,Kd=27.9), Gton=21.48, Gsc=4.05
Eval CRASHED at 1.12Hz: a=4.62(Kp=32.6,Ki=1.8,Kd=26.2), Gton=19.91, Gsc=4.07Eval CRASHED at 1.12Hz: a=5.05(Kp=27.4,Ki=1.4,Kd=24.0), Gton=12.67, Gsc=4.49Eval CRASHED at 1.12Hz: a=4.44(Kp=35.4,Ki=2.1,Kd=27.3), Gton=15.54, Gsc=4.53


Eval CRASHED at 1.12Hz: a=4.59(Kp=33.0,Ki=1.8,Kd=26.3), Gton=19.16, Gsc=4.70
Eval CRASHED at 1.12Hz: a=4.58(Kp=33.3,Ki=1.9,Kd=26.4), Gton=14.30, Gsc=4.04
Gen 14: Best Bode SSE = 100000.0 | alpha=4.60(Kp=32.9,Ki=1.8,Kd=26.3), G_ton=20.415, G_sc=3.500, G_phas=6.804, kp_prop=0.622, k_gamma_dyn=56.670, k_gamma_stat=88.308

--- Generation 15 ---
Eval CRASHED at 1.12Hz: a=4.38(Kp=36.3,Ki=2.1,Kd=27.6), Gton=21.02, Gsc=3.87
Eval CRASHED at 1.12Hz: a=4.54(Kp=33.9,Ki=1.9,Kd=26.7), Gton=17.18, Gsc=4.72
Eval CRASHED at 1.12Hz: a=4.51(Kp=34.3,Ki=2.0,Kd=26.8), Gton=18.11, Gsc=3.75
Eval CRASHED at 1.12Hz: a=4.27(Kp=38.3,Ki=2.3,Kd=28.3), Gton=23.48, Gsc=3.26
Eval CRASHED at 1.12Hz: a=4.08(Kp=41.8,Ki=2.6,Kd=29.6), Gton=24.99, Gsc=4.14
Eval CRASHED at 1.12Hz: a=4.50(Kp=34.4,Ki=2.0,Kd=26.9), Gton=24.98, Gsc=3.50
Eval CRASHED at 1.12Hz: a=4.75(Kp=30.9,Ki=1.7,Kd=25.5), Gton=22.47, Gsc=4.19
Eval CRASHED at 1.12Hz: a=4.06(Kp=42.2,Ki=2.7,Kd=29.8), Gton=23.58, Gsc=4.13
Eval CRASHED at 1.12Hz: a=4.26(Kp=38.4,Ki=2.3,Kd=28.4), Gton=24.86, Gsc=4.52Eval CRASHED at 1.12Hz: a=4.76(Kp=30.7,Ki=1.7,Kd=25.4), Gton=25.00, Gsc=3.61

Eval CRASHED at 1.12Hz: a=4.07(Kp=42.0,Ki=2.7,Kd=29.7), Gton=19.09, Gsc=4.01
Eval CRASHED at 1.12Hz: a=4.08(Kp=41.8,Ki=2.6,Kd=29.6), Gton=22.92, Gsc=3.94
Gen 15: Best Bode SSE = 100000.0 | alpha=4.60(Kp=32.9,Ki=1.8,Kd=26.3), G_ton=20.415, G_sc=3.500, G_phas=6.804, kp_prop=0.622, k_gamma_dyn=56.670, k_gamma_stat=88.308

--- Generation 16 ---
Eval CRASHED at 1.12Hz: a=4.84(Kp=29.7,Ki=1.6,Kd=25.0), Gton=17.06, Gsc=2.22
Eval CRASHED at 1.12Hz: a=4.79(Kp=30.4,Ki=1.6,Kd=25.2), Gton=18.98, Gsc=4.48
Eval CRASHED at 1.12Hz: a=3.76(Kp=49.3,Ki=3.4,Kd=32.1), Gton=21.01, Gsc=4.98
Eval CRASHED at 1.12Hz: a=3.43(Kp=59.2,Ki=4.4,Kd=35.2), Gton=22.83, Gsc=4.43
Eval CRASHED at 1.12Hz: a=4.75(Kp=30.9,Ki=1.7,Kd=25.4), Gton=20.10, Gsc=4.12
Eval CRASHED at 1.12Hz: a=4.61(Kp=32.8,Ki=1.8,Kd=26.2), Gton=13.36, Gsc=4.58
Eval CRASHED at 1.12Hz: a=4.05(Kp=42.4,Ki=2.7,Kd=29.8), Gton=22.86, Gsc=3.05
Eval CRASHED at 1.12Hz: a=4.62(Kp=32.6,Ki=1.8,Kd=26.1), Gton=11.54, Gsc=4.03
Eval CRASHED at 1.12Hz: a=4.15(Kp=40.6,Ki=2.5,Kd=29.2), Gton=24.42, Gsc=3.97
Eval CRASHED at 1.12Hz: a=3.60(Kp=53.8,Ki=3.8,Kd=33.6), Gton=21.79, Gsc=4.45
Eval CRASHED at 1.12Hz: a=4.75(Kp=30.8,Ki=1.7,Kd=25.4), Gton=14.61, Gsc=4.44
Eval CRASHED at 1.12Hz: a=4.50(Kp=34.4,Ki=2.0,Kd=26.9), Gton=16.90, Gsc=3.72
Gen 16: Best Bode SSE = 100000.0 | alpha=4.60(Kp=32.9,Ki=1.8,Kd=26.3), G_ton=20.415, G_sc=3.500, G_phas=6.804, kp_prop=0.622, k_gamma_dyn=56.670, k_gamma_stat=88.308

--- Generation 17 ---
Eval CRASHED at 1.12Hz: a=3.89(Kp=46.0,Ki=3.0,Kd=31.1), Gton=17.32, Gsc=4.69
Eval CRASHED at 1.12Hz: a=4.99(Kp=28.0,Ki=1.4,Kd=24.2), Gton=15.36, Gsc=4.67
Eval CRASHED at 1.12Hz: a=5.46(Kp=23.4,Ki=1.1,Kd=22.2), Gton=8.18, Gsc=3.86
Eval CRASHED at 1.12Hz: a=4.18(Kp=39.8,Ki=2.4,Kd=28.9), Gton=16.99, Gsc=4.85
Eval CRASHED at 1.12Hz: a=5.44(Kp=23.5,Ki=1.1,Kd=22.2), Gton=16.44, Gsc=3.26
Eval CRASHED at 1.12Hz: a=4.91(Kp=28.8,Ki=1.5,Kd=24.6), Gton=19.07, Gsc=3.24
Eval CRASHED at 1.12Hz: a=5.07(Kp=27.1,Ki=1.4,Kd=23.8), Gton=16.45, Gsc=3.98Eval CRASHED at 1.12Hz: a=4.90(Kp=29.0,Ki=1.5,Kd=24.7), Gton=16.38, Gsc=3.23

Eval CRASHED at 1.12Hz: a=4.25(Kp=38.6,Ki=2.3,Kd=28.5), Gton=23.09, Gsc=3.42
Eval CRASHED at 1.12Hz: a=5.11(Kp=26.7,Ki=1.3,Kd=23.7), Gton=10.24, Gsc=4.04
Eval CRASHED at 1.12Hz: a=4.89(Kp=29.1,Ki=1.5,Kd=24.7), Gton=15.18, Gsc=3.98
Eval CRASHED at 1.12Hz: a=4.98(Kp=28.0,Ki=1.4,Kd=24.3), Gton=15.93, Gsc=3.89
Gen 17: Best Bode SSE = 100000.0 | alpha=4.60(Kp=32.9,Ki=1.8,Kd=26.3), G_ton=20.415, G_sc=3.500, G_phas=6.804, kp_prop=0.622, k_gamma_dyn=56.670, k_gamma_stat=88.308

--- Generation 18 ---
Eval CRASHED at 1.12Hz: a=5.28(Kp=25.0,Ki=1.2,Kd=22.9), Gton=18.86, Gsc=4.74
Eval CRASHED at 1.12Hz: a=3.99(Kp=43.7,Ki=2.8,Kd=30.3), Gton=24.67, Gsc=3.78Eval CRASHED at 1.12Hz: a=4.81(Kp=30.1,Ki=1.6,Kd=25.1), Gton=15.17, Gsc=3.46

Eval CRASHED at 1.12Hz: a=4.21(Kp=39.3,Ki=2.4,Kd=28.7), Gton=18.52, Gsc=3.85Eval CRASHED at 1.12Hz: a=4.49(Kp=34.5,Ki=2.0,Kd=26.9), Gton=20.67, Gsc=4.34

Eval CRASHED at 1.12Hz: a=4.65(Kp=32.2,Ki=1.8,Kd=26.0), Gton=24.95, Gsc=3.74
Eval CRASHED at 1.12Hz: a=4.65(Kp=32.2,Ki=1.8,Kd=26.0), Gton=11.28, Gsc=4.35
Eval CRASHED at 1.12Hz: a=4.67(Kp=32.0,Ki=1.8,Kd=25.9), Gton=22.85, Gsc=3.84
Eval CRASHED at 1.12Hz: a=4.51(Kp=34.2,Ki=1.9,Kd=26.8), Gton=18.35, Gsc=3.91
Eval CRASHED at 1.12Hz: a=4.44(Kp=35.3,Ki=2.0,Kd=27.2), Gton=14.64, Gsc=3.08Eval CRASHED at 1.12Hz: a=4.95(Kp=28.5,Ki=1.5,Kd=24.4), Gton=16.38, Gsc=4.10

Eval CRASHED at 1.12Hz: a=4.16(Kp=40.3,Ki=2.5,Kd=29.1), Gton=16.44, Gsc=3.98
Gen 18: Best Bode SSE = 100000.0 | alpha=4.60(Kp=32.9,Ki=1.8,Kd=26.3), G_ton=20.415, G_sc=3.500, G_phas=6.804, kp_prop=0.622, k_gamma_dyn=56.670, k_gamma_stat=88.308

--- Generation 19 ---
Eval CRASHED at 1.12Hz: a=4.40(Kp=36.0,Ki=2.1,Kd=27.5), Gton=18.30, Gsc=3.80
Eval CRASHED at 1.12Hz: a=4.84(Kp=29.7,Ki=1.6,Kd=25.0), Gton=14.72, Gsc=3.79
Eval CRASHED at 1.12Hz: a=5.21(Kp=25.7,Ki=1.3,Kd=23.2), Gton=18.10, Gsc=4.08
Eval CRASHED at 1.12Hz: a=4.66(Kp=32.0,Ki=1.8,Kd=25.9), Gton=10.24, Gsc=4.16
Eval CRASHED at 1.12Hz: a=4.95(Kp=28.4,Ki=1.5,Kd=24.4), Gton=13.60, Gsc=4.74
Eval CRASHED at 1.12Hz: a=4.92(Kp=28.8,Ki=1.5,Kd=24.6), Gton=20.25, Gsc=4.86
Eval CRASHED at 1.12Hz: a=4.76(Kp=30.8,Ki=1.7,Kd=25.4), Gton=16.22, Gsc=3.24Eval CRASHED at 1.12Hz: a=4.49(Kp=34.5,Ki=2.0,Kd=26.9), Gton=21.66, Gsc=4.09

Eval CRASHED at 1.12Hz: a=4.82(Kp=29.9,Ki=1.6,Kd=25.1), Gton=13.75, Gsc=3.34
Eval CRASHED at 1.12Hz: a=4.57(Kp=33.4,Ki=1.9,Kd=26.5), Gton=19.83, Gsc=4.07Eval CRASHED at 1.12Hz: a=4.63(Kp=32.5,Ki=1.8,Kd=26.1), Gton=19.48, Gsc=3.33

Eval CRASHED at 1.12Hz: a=4.97(Kp=28.2,Ki=1.5,Kd=24.3), Gton=24.76, Gsc=3.42
Gen 19: Best Bode SSE = 100000.0 | alpha=4.60(Kp=32.9,Ki=1.8,Kd=26.3), G_ton=20.415, G_sc=3.500, G_phas=6.804, kp_prop=0.622, k_gamma_dyn=56.670, k_gamma_stat=88.308

--- Generation 20 ---
Eval CRASHED at 1.12Hz: a=4.84(Kp=29.7,Ki=1.6,Kd=25.0), Gton=22.52, Gsc=3.82
Eval CRASHED at 1.12Hz: a=4.58(Kp=33.2,Ki=1.9,Kd=26.4), Gton=9.24, Gsc=5.00Eval CRASHED at 1.12Hz: a=4.92(Kp=28.8,Ki=1.5,Kd=24.6), Gton=14.10, Gsc=4.96
Eval CRASHED at 1.12Hz: a=5.03(Kp=27.5,Ki=1.4,Kd=24.0), Gton=18.84, Gsc=4.03

Eval CRASHED at 1.12Hz: a=5.13(Kp=26.5,Ki=1.3,Kd=23.6), Gton=12.88, Gsc=4.76
Eval CRASHED at 1.12Hz: a=4.66(Kp=32.0,Ki=1.8,Kd=25.9), Gton=12.38, Gsc=4.35
Eval CRASHED at 1.12Hz: a=5.38(Kp=24.0,Ki=1.1,Kd=22.5), Gton=17.67, Gsc=4.30
Eval CRASHED at 1.12Hz: a=5.06(Kp=27.2,Ki=1.4,Kd=23.9), Gton=15.03, Gsc=4.86
Eval CRASHED at 1.12Hz: a=4.33(Kp=37.2,Ki=2.2,Kd=27.9), Gton=21.83, Gsc=4.46
Eval CRASHED at 1.12Hz: a=4.81(Kp=30.2,Ki=1.6,Kd=25.2), Gton=14.14, Gsc=4.72
Eval CRASHED at 1.12Hz: a=5.24(Kp=25.3,Ki=1.2,Kd=23.1), Gton=17.25, Gsc=4.40
Eval CRASHED at 1.12Hz: a=4.85(Kp=29.6,Ki=1.6,Kd=24.9), Gton=15.86, Gsc=4.58
Gen 20: Best Bode SSE = 100000.0 | alpha=4.60(Kp=32.9,Ki=1.8,Kd=26.3), G_ton=20.415, G_sc=3.500, G_phas=6.804, kp_prop=0.622, k_gamma_dyn=56.670, k_gamma_stat=88.308

--- Generation 21 ---
Eval CRASHED at 1.12Hz: a=5.38(Kp=24.1,Ki=1.2,Kd=22.5), Gton=16.13, Gsc=4.89Eval CRASHED at 1.12Hz: a=5.17(Kp=26.0,Ki=1.3,Kd=23.4), Gton=15.73, Gsc=3.75
Eval CRASHED at 1.12Hz: a=4.63(Kp=32.5,Ki=1.8,Kd=26.1), Gton=15.22, Gsc=4.56

Eval CRASHED at 1.12Hz: a=4.78(Kp=30.5,Ki=1.6,Kd=25.3), Gton=12.37, Gsc=4.15
Eval CRASHED at 1.12Hz: a=4.81(Kp=30.1,Ki=1.6,Kd=25.1), Gton=18.45, Gsc=4.28
Eval CRASHED at 1.12Hz: a=4.99(Kp=28.0,Ki=1.4,Kd=24.3), Gton=14.61, Gsc=4.99
Eval CRASHED at 1.12Hz: a=5.38(Kp=24.0,Ki=1.1,Kd=22.5), Gton=13.62, Gsc=4.85
Eval CRASHED at 1.12Hz: a=5.08(Kp=27.0,Ki=1.4,Kd=23.8), Gton=14.86, Gsc=4.79
Eval CRASHED at 1.12Hz: a=4.99(Kp=28.0,Ki=1.4,Kd=24.2), Gton=19.01, Gsc=4.54Eval CRASHED at 1.12Hz: a=4.96(Kp=28.4,Ki=1.5,Kd=24.4), Gton=23.42, Gsc=4.55

Eval CRASHED at 1.12Hz: a=4.69(Kp=31.7,Ki=1.7,Kd=25.8), Gton=14.91, Gsc=4.43
Eval CRASHED at 1.12Hz: a=4.42(Kp=35.7,Ki=2.1,Kd=27.4), Gton=19.39, Gsc=4.53
Gen 21: Best Bode SSE = 100000.0 | alpha=4.60(Kp=32.9,Ki=1.8,Kd=26.3), G_ton=20.415, G_sc=3.500, G_phas=6.804, kp_prop=0.622, k_gamma_dyn=56.670, k_gamma_stat=88.308

--- Generation 22 ---
Eval CRASHED at 1.12Hz: a=4.77(Kp=30.7,Ki=1.7,Kd=25.4), Gton=16.56, Gsc=4.87
Eval CRASHED at 1.12Hz: a=4.80(Kp=30.3,Ki=1.6,Kd=25.2), Gton=19.00, Gsc=4.42
Eval CRASHED at 1.12Hz: a=4.99(Kp=28.0,Ki=1.4,Kd=24.2), Gton=17.62, Gsc=4.73
Eval CRASHED at 1.12Hz: a=4.52(Kp=34.2,Ki=1.9,Kd=26.8), Gton=16.53, Gsc=4.14Eval CRASHED at 1.12Hz: a=4.68(Kp=31.9,Ki=1.8,Kd=25.9), Gton=16.83, Gsc=4.95Eval CRASHED at 1.12Hz: a=5.18(Kp=26.0,Ki=1.3,Kd=23.4), Gton=13.49, Gsc=4.62


Eval CRASHED at 1.12Hz: a=4.83(Kp=29.9,Ki=1.6,Kd=25.0), Gton=13.94, Gsc=4.37Eval CRASHED at 1.12Hz: a=4.80(Kp=30.3,Ki=1.6,Kd=25.2), Gton=13.18, Gsc=4.97

Eval CRASHED at 1.12Hz: a=4.85(Kp=29.6,Ki=1.6,Kd=24.9), Gton=18.28, Gsc=3.87
Eval CRASHED at 1.12Hz: a=4.86(Kp=29.5,Ki=1.6,Kd=24.9), Gton=18.85, Gsc=5.00
Eval CRASHED at 1.12Hz: a=5.19(Kp=25.8,Ki=1.3,Kd=23.3), Gton=17.43, Gsc=4.67
Eval CRASHED at 1.12Hz: a=4.91(Kp=28.9,Ki=1.5,Kd=24.6), Gton=18.82, Gsc=4.23
Gen 22: Best Bode SSE = 100000.0 | alpha=4.60(Kp=32.9,Ki=1.8,Kd=26.3), G_ton=20.415, G_sc=3.500, G_phas=6.804, kp_prop=0.622, k_gamma_dyn=56.670, k_gamma_stat=88.308

--- Generation 23 ---
Eval CRASHED at 1.12Hz: a=5.04(Kp=27.4,Ki=1.4,Kd=24.0), Gton=10.20, Gsc=4.72
Eval CRASHED at 1.12Hz: a=4.41(Kp=35.8,Ki=2.1,Kd=27.4), Gton=16.37, Gsc=4.50Eval CRASHED at 1.12Hz: a=4.65(Kp=32.2,Ki=1.8,Kd=26.0), Gton=12.37, Gsc=4.60

Eval CRASHED at 1.12Hz: a=5.07(Kp=27.2,Ki=1.4,Kd=23.9), Gton=17.59, Gsc=4.25
Eval CRASHED at 1.12Hz: a=4.57(Kp=33.4,Ki=1.9,Kd=26.5), Gton=13.26, Gsc=4.99
Eval CRASHED at 1.12Hz: a=4.74(Kp=31.0,Ki=1.7,Kd=25.5), Gton=15.07, Gsc=3.94
Eval CRASHED at 1.12Hz: a=4.67(Kp=32.0,Ki=1.8,Kd=25.9), Gton=20.81, Gsc=4.20Eval CRASHED at 1.12Hz: a=4.68(Kp=31.9,Ki=1.8,Kd=25.9), Gton=18.81, Gsc=4.58

Eval CRASHED at 1.12Hz: a=4.80(Kp=30.2,Ki=1.6,Kd=25.2), Gton=17.78, Gsc=4.24
Eval CRASHED at 1.12Hz: a=4.46(Kp=35.1,Ki=2.0,Kd=27.1), Gton=16.01, Gsc=4.76
Eval CRASHED at 1.12Hz: a=4.65(Kp=32.3,Ki=1.8,Kd=26.0), Gton=21.33, Gsc=4.74
Eval CRASHED at 1.12Hz: a=4.54(Kp=33.8,Ki=1.9,Kd=26.6), Gton=18.01, Gsc=4.32
Gen 23: Best Bode SSE = 100000.0 | alpha=4.60(Kp=32.9,Ki=1.8,Kd=26.3), G_ton=20.415, G_sc=3.500, G_phas=6.804, kp_prop=0.622, k_gamma_dyn=56.670, k_gamma_stat=88.308

--- Generation 24 ---
Eval CRASHED at 1.12Hz: a=4.66(Kp=32.1,Ki=1.8,Kd=26.0), Gton=14.04, Gsc=4.63
Eval CRASHED at 1.12Hz: a=4.66(Kp=32.1,Ki=1.8,Kd=26.0), Gton=13.08, Gsc=4.33
Eval CRASHED at 1.12Hz: a=4.38(Kp=36.2,Ki=2.1,Kd=27.6), Gton=15.37, Gsc=4.71
Eval CRASHED at 1.12Hz: a=4.51(Kp=34.2,Ki=1.9,Kd=26.8), Gton=20.18, Gsc=3.95
Eval CRASHED at 1.12Hz: a=4.56(Kp=33.5,Ki=1.9,Kd=26.5), Gton=16.34, Gsc=4.58
Eval CRASHED at 1.12Hz: a=4.92(Kp=28.8,Ki=1.5,Kd=24.6), Gton=15.24, Gsc=4.92
Eval CRASHED at 1.12Hz: a=4.61(Kp=32.8,Ki=1.8,Kd=26.2), Gton=14.90, Gsc=4.32
Eval CRASHED at 1.12Hz: a=4.84(Kp=29.7,Ki=1.6,Kd=25.0), Gton=18.43, Gsc=4.11
Eval CRASHED at 1.12Hz: a=4.78(Kp=30.5,Ki=1.6,Kd=25.3), Gton=16.73, Gsc=4.40
Eval CRASHED at 1.12Hz: a=4.58(Kp=33.2,Ki=1.9,Kd=26.4), Gton=16.69, Gsc=4.65
Eval CRASHED at 1.12Hz: a=4.44(Kp=35.4,Ki=2.0,Kd=27.2), Gton=17.17, Gsc=4.05
Eval CRASHED at 1.12Hz: a=4.96(Kp=28.3,Ki=1.5,Kd=24.4), Gton=14.00, Gsc=4.86
Gen 24: Best Bode SSE = 100000.0 | alpha=4.60(Kp=32.9,Ki=1.8,Kd=26.3), G_ton=20.415, G_sc=3.500, G_phas=6.804, kp_prop=0.622, k_gamma_dyn=56.670, k_gamma_stat=88.308

--- Generation 25 ---
Eval CRASHED at 1.12Hz: a=4.38(Kp=36.4,Ki=2.1,Kd=27.6), Gton=20.16, Gsc=4.26
Eval CRASHED at 1.12Hz: a=4.33(Kp=37.2,Ki=2.2,Kd=28.0), Gton=14.58, Gsc=4.32
Eval CRASHED at 1.12Hz: a=4.43(Kp=35.5,Ki=2.1,Kd=27.3), Gton=18.41, Gsc=4.92
Eval CRASHED at 1.12Hz: a=4.67(Kp=31.9,Ki=1.8,Kd=25.9), Gton=20.92, Gsc=4.11Eval CRASHED at 1.12Hz: a=4.60(Kp=32.9,Ki=1.8,Kd=26.3), Gton=16.37, Gsc=4.26

Eval CRASHED at 1.12Hz: a=4.66(Kp=32.1,Ki=1.8,Kd=25.9), Gton=15.73, Gsc=4.71
Eval CRASHED at 1.12Hz: a=4.44(Kp=35.4,Ki=2.1,Kd=27.3), Gton=20.92, Gsc=4.76Eval CRASHED at 1.12Hz: a=4.69(Kp=31.7,Ki=1.7,Kd=25.8), Gton=18.37, Gsc=4.60

Eval CRASHED at 1.12Hz: a=4.35(Kp=36.9,Ki=2.2,Kd=27.8), Gton=15.39, Gsc=3.45
Eval CRASHED at 1.12Hz: a=4.49(Kp=34.6,Ki=2.0,Kd=26.9), Gton=19.07, Gsc=3.75
Eval CRASHED at 1.12Hz: a=4.59(Kp=33.0,Ki=1.8,Kd=26.3), Gton=14.59, Gsc=3.97Eval CRASHED at 1.12Hz: a=4.60(Kp=32.9,Ki=1.8,Kd=26.3), Gton=22.95, Gsc=4.81

Gen 25: Best Bode SSE = 100000.0 | alpha=4.60(Kp=32.9,Ki=1.8,Kd=26.3), G_ton=20.415, G_sc=3.500, G_phas=6.804, kp_prop=0.622, k_gamma_dyn=56.670, k_gamma_stat=88.308

--- Generation 26 ---
Eval CRASHED at 1.12Hz: a=4.35(Kp=36.9,Ki=2.2,Kd=27.8), Gton=20.39, Gsc=3.79
Eval CRASHED at 1.12Hz: a=4.50(Kp=34.4,Ki=2.0,Kd=26.9), Gton=19.90, Gsc=4.39
Eval CRASHED at 1.12Hz: a=4.64(Kp=32.4,Ki=1.8,Kd=26.1), Gton=15.54, Gsc=4.73
Eval CRASHED at 1.12Hz: a=4.48(Kp=34.7,Ki=2.0,Kd=27.0), Gton=17.10, Gsc=4.06
Eval CRASHED at 1.12Hz: a=4.53(Kp=33.9,Ki=1.9,Kd=26.7), Gton=17.39, Gsc=4.62
Eval CRASHED at 1.12Hz: a=4.48(Kp=34.7,Ki=2.0,Kd=27.0), Gton=21.17, Gsc=4.83
Eval CRASHED at 1.12Hz: a=4.49(Kp=34.6,Ki=2.0,Kd=26.9), Gton=22.02, Gsc=4.07
Eval CRASHED at 1.12Hz: a=4.49(Kp=34.6,Ki=2.0,Kd=26.9), Gton=17.95, Gsc=4.69Eval CRASHED at 1.12Hz: a=4.34(Kp=37.0,Ki=2.2,Kd=27.9), Gton=20.01, Gsc=4.37Eval CRASHED at 1.12Hz: a=4.47(Kp=34.8,Ki=2.0,Kd=27.0), Gton=24.28, Gsc=4.32


Eval CRASHED at 1.12Hz: a=4.55(Kp=33.7,Ki=1.9,Kd=26.6), Gton=21.94, Gsc=4.59
Eval CRASHED at 1.12Hz: a=4.10(Kp=41.4,Ki=2.6,Kd=29.5), Gton=22.53, Gsc=4.91
Gen 26: Best Bode SSE = 100000.0 | alpha=4.60(Kp=32.9,Ki=1.8,Kd=26.3), G_ton=20.415, G_sc=3.500, G_phas=6.804, kp_prop=0.622, k_gamma_dyn=56.670, k_gamma_stat=88.308

--- Generation 27 ---
Eval CRASHED at 1.12Hz: a=4.71(Kp=31.4,Ki=1.7,Kd=25.7), Gton=18.76, Gsc=4.30
Eval CRASHED at 1.12Hz: a=4.59(Kp=33.1,Ki=1.9,Kd=26.4), Gton=17.89, Gsc=4.98Eval CRASHED at 1.12Hz: a=4.73(Kp=31.2,Ki=1.7,Kd=25.6), Gton=20.13, Gsc=3.96

Eval CRASHED at 1.12Hz: a=4.40(Kp=36.0,Ki=2.1,Kd=27.5), Gton=18.59, Gsc=4.25Eval CRASHED at 1.12Hz: a=4.68(Kp=31.8,Ki=1.7,Kd=25.8), Gton=17.25, Gsc=4.18

Eval CRASHED at 1.12Hz: a=4.44(Kp=35.3,Ki=2.0,Kd=27.2), Gton=19.11, Gsc=4.49
Eval CRASHED at 1.12Hz: a=4.55(Kp=33.6,Ki=1.9,Kd=26.6), Gton=19.85, Gsc=4.39
Eval CRASHED at 1.12Hz: a=4.22(Kp=39.2,Ki=2.4,Kd=28.7), Gton=18.43, Gsc=4.62
Eval CRASHED at 1.12Hz: a=4.29(Kp=37.9,Ki=2.3,Kd=28.2), Gton=22.07, Gsc=4.23
Eval CRASHED at 1.12Hz: a=4.41(Kp=35.8,Ki=2.1,Kd=27.4), Gton=21.22, Gsc=3.97Eval CRASHED at 1.12Hz: a=4.41(Kp=35.8,Ki=2.1,Kd=27.4), Gton=19.99, Gsc=4.39

Eval CRASHED at 1.12Hz: a=4.74(Kp=31.0,Ki=1.7,Kd=25.5), Gton=16.19, Gsc=4.61
Gen 27: Best Bode SSE = 100000.0 | alpha=4.60(Kp=32.9,Ki=1.8,Kd=26.3), G_ton=20.415, G_sc=3.500, G_phas=6.804, kp_prop=0.622, k_gamma_dyn=56.670, k_gamma_stat=88.308

--- Generation 28 ---
Eval CRASHED at 1.12Hz: a=4.42(Kp=35.7,Ki=2.1,Kd=27.4), Gton=20.84, Gsc=4.27Eval CRASHED at 1.12Hz: a=4.49(Kp=34.6,Ki=2.0,Kd=26.9), Gton=19.26, Gsc=4.35Eval CRASHED at 1.12Hz: a=4.41(Kp=35.7,Ki=2.1,Kd=27.4), Gton=21.62, Gsc=4.25


Eval CRASHED at 1.12Hz: a=4.82(Kp=30.0,Ki=1.6,Kd=25.1), Gton=20.67, Gsc=4.10
Eval CRASHED at 1.12Hz: a=4.34(Kp=37.0,Ki=2.2,Kd=27.9), Gton=23.00, Gsc=3.82
Eval CRASHED at 1.12Hz: a=4.58(Kp=33.2,Ki=1.9,Kd=26.4), Gton=19.97, Gsc=4.23
Eval CRASHED at 1.12Hz: a=4.54(Kp=33.8,Ki=1.9,Kd=26.6), Gton=20.15, Gsc=4.08
Eval CRASHED at 1.12Hz: a=4.68(Kp=31.8,Ki=1.8,Kd=25.9), Gton=18.41, Gsc=4.54
Eval CRASHED at 1.12Hz: a=4.76(Kp=30.7,Ki=1.7,Kd=25.4), Gton=19.56, Gsc=4.17
Eval CRASHED at 1.12Hz: a=4.56(Kp=33.6,Ki=1.9,Kd=26.5), Gton=17.70, Gsc=3.91
Eval CRASHED at 1.12Hz: a=4.52(Kp=34.1,Ki=1.9,Kd=26.8), Gton=17.51, Gsc=4.09
Eval CRASHED at 1.12Hz: a=4.66(Kp=32.1,Ki=1.8,Kd=26.0), Gton=19.62, Gsc=4.37
Gen 28: Best Bode SSE = 100000.0 | alpha=4.60(Kp=32.9,Ki=1.8,Kd=26.3), G_ton=20.415, G_sc=3.500, G_phas=6.804, kp_prop=0.622, k_gamma_dyn=56.670, k_gamma_stat=88.308

--- Generation 29 ---
Eval CRASHED at 1.12Hz: a=4.46(Kp=35.1,Ki=2.0,Kd=27.1), Gton=19.93, Gsc=4.33
Eval CRASHED at 1.12Hz: a=4.59(Kp=33.1,Ki=1.9,Kd=26.3), Gton=16.76, Gsc=3.79
Eval CRASHED at 1.12Hz: a=4.59(Kp=33.1,Ki=1.9,Kd=26.3), Gton=20.29, Gsc=4.38
Eval CRASHED at 1.12Hz: a=4.41(Kp=35.8,Ki=2.1,Kd=27.4), Gton=18.62, Gsc=4.30
Eval CRASHED at 1.12Hz: a=4.62(Kp=32.6,Ki=1.8,Kd=26.2), Gton=21.82, Gsc=4.14
Eval CRASHED at 1.12Hz: a=4.52(Kp=34.2,Ki=1.9,Kd=26.8), Gton=20.71, Gsc=4.13
Eval CRASHED at 1.12Hz: a=4.61(Kp=32.7,Ki=1.8,Kd=26.2), Gton=19.09, Gsc=4.04
Eval CRASHED at 1.12Hz: a=4.41(Kp=35.8,Ki=2.1,Kd=27.4), Gton=19.72, Gsc=4.38
Eval CRASHED at 1.12Hz: a=4.50(Kp=34.4,Ki=2.0,Kd=26.9), Gton=21.14, Gsc=4.09
Eval CRASHED at 1.12Hz: a=4.74(Kp=31.0,Ki=1.7,Kd=25.5), Gton=20.14, Gsc=4.08
Eval CRASHED at 1.12Hz: a=4.64(Kp=32.3,Ki=1.8,Kd=26.0), Gton=21.00, Gsc=4.11
Eval CRASHED at 1.12Hz: a=4.79(Kp=30.3,Ki=1.6,Kd=25.2), Gton=19.85, Gsc=4.30
Gen 29: Best Bode SSE = 100000.0 | alpha=4.60(Kp=32.9,Ki=1.8,Kd=26.3), G_ton=20.415, G_sc=3.500, G_phas=6.804, kp_prop=0.622, k_gamma_dyn=56.670, k_gamma_stat=88.308

--- Generation 30 ---
Eval CRASHED at 1.12Hz: a=4.39(Kp=36.2,Ki=2.1,Kd=27.5), Gton=20.48, Gsc=4.30Eval CRASHED at 1.12Hz: a=4.79(Kp=30.3,Ki=1.6,Kd=25.2), Gton=18.97, Gsc=3.89

Eval CRASHED at 1.12Hz: a=4.51(Kp=34.2,Ki=2.0,Kd=26.8), Gton=18.57, Gsc=4.13
Eval CRASHED at 1.12Hz: a=4.55(Kp=33.7,Ki=1.9,Kd=26.6), Gton=24.64, Gsc=3.89
Eval CRASHED at 1.12Hz: a=4.62(Kp=32.6,Ki=1.8,Kd=26.2), Gton=22.71, Gsc=4.26
Eval CRASHED at 1.12Hz: a=4.55(Kp=33.7,Ki=1.9,Kd=26.6), Gton=21.43, Gsc=4.32
Eval CRASHED at 1.12Hz: a=4.41(Kp=35.8,Ki=2.1,Kd=27.4), Gton=21.22, Gsc=4.40
Eval CRASHED at 1.12Hz: a=4.58(Kp=33.2,Ki=1.9,Kd=26.4), Gton=18.72, Gsc=4.33
Eval CRASHED at 1.12Hz: a=4.56(Kp=33.4,Ki=1.9,Kd=26.5), Gton=20.41, Gsc=3.85
Eval CRASHED at 1.12Hz: a=4.49(Kp=34.6,Ki=2.0,Kd=27.0), Gton=21.20, Gsc=4.05
Eval CRASHED at 1.12Hz: a=4.53(Kp=34.0,Ki=1.9,Kd=26.7), Gton=18.56, Gsc=4.38
Eval CRASHED at 1.12Hz: a=4.40(Kp=35.9,Ki=2.1,Kd=27.5), Gton=23.58, Gsc=4.55
Gen 30: Best Bode SSE = 100000.0 | alpha=4.60(Kp=32.9,Ki=1.8,Kd=26.3), G_ton=20.415, G_sc=3.500, G_phas=6.804, kp_prop=0.622, k_gamma_dyn=56.670, k_gamma_stat=88.308

--- Generation 31 ---
Eval CRASHED at 1.12Hz: a=4.55(Kp=33.6,Ki=1.9,Kd=26.6), Gton=21.57, Gsc=4.52
Eval CRASHED at 1.12Hz: a=4.62(Kp=32.6,Ki=1.8,Kd=26.2), Gton=20.36, Gsc=4.24
Eval CRASHED at 1.12Hz: a=4.37(Kp=36.4,Ki=2.1,Kd=27.6), Gton=21.08, Gsc=4.35
Eval CRASHED at 1.12Hz: a=4.50(Kp=34.4,Ki=2.0,Kd=26.9), Gton=18.47, Gsc=4.26
Eval CRASHED at 1.12Hz: a=4.58(Kp=33.2,Ki=1.9,Kd=26.4), Gton=20.61, Gsc=4.44
Eval CRASHED at 1.12Hz: a=4.69(Kp=31.7,Ki=1.7,Kd=25.8), Gton=19.34, Gsc=4.31
Eval CRASHED at 1.12Hz: a=4.45(Kp=35.2,Ki=2.0,Kd=27.2), Gton=21.83, Gsc=3.99
Eval CRASHED at 1.12Hz: a=4.42(Kp=35.6,Ki=2.1,Kd=27.4), Gton=17.10, Gsc=4.40
Eval CRASHED at 1.12Hz: a=4.73(Kp=31.1,Ki=1.7,Kd=25.5), Gton=22.48, Gsc=3.65Eval CRASHED at 1.12Hz: a=4.51(Kp=34.2,Ki=1.9,Kd=26.8), Gton=22.31, Gsc=4.28

Eval CRASHED at 1.12Hz: a=4.55(Kp=33.6,Ki=1.9,Kd=26.6), Gton=20.42, Gsc=4.29
Eval CRASHED at 1.12Hz: a=4.67(Kp=31.9,Ki=1.8,Kd=25.9), Gton=22.06, Gsc=4.16
Gen 31: Best Bode SSE = 100000.0 | alpha=4.60(Kp=32.9,Ki=1.8,Kd=26.3), G_ton=20.415, G_sc=3.500, G_phas=6.804, kp_prop=0.622, k_gamma_dyn=56.670, k_gamma_stat=88.308

--- Generation 32 ---
Eval CRASHED at 1.12Hz: a=4.54(Kp=33.8,Ki=1.9,Kd=26.6), Gton=21.84, Gsc=4.49
Eval CRASHED at 1.12Hz: a=4.35(Kp=36.9,Ki=2.2,Kd=27.8), Gton=22.72, Gsc=4.29
Eval CRASHED at 1.12Hz: a=4.58(Kp=33.2,Ki=1.9,Kd=26.4), Gton=20.14, Gsc=4.20
Eval CRASHED at 1.12Hz: a=4.53(Kp=34.0,Ki=1.9,Kd=26.7), Gton=22.92, Gsc=4.28
Eval CRASHED at 1.12Hz: a=4.37(Kp=36.5,Ki=2.1,Kd=27.7), Gton=19.83, Gsc=4.70
Eval CRASHED at 1.12Hz: a=4.56(Kp=33.5,Ki=1.9,Kd=26.5), Gton=22.98, Gsc=4.22
Eval CRASHED at 1.12Hz: a=4.51(Kp=34.3,Ki=2.0,Kd=26.8), Gton=19.75, Gsc=4.48
Eval CRASHED at 1.12Hz: a=4.37(Kp=36.4,Ki=2.1,Kd=27.6), Gton=20.38, Gsc=4.09
Eval CRASHED at 1.12Hz: a=4.50(Kp=34.4,Ki=2.0,Kd=26.9), Gton=21.68, Gsc=4.08
Eval CRASHED at 1.12Hz: a=4.41(Kp=35.8,Ki=2.1,Kd=27.4), Gton=21.46, Gsc=4.18
Eval CRASHED at 1.12Hz: a=4.40(Kp=36.1,Ki=2.1,Kd=27.5), Gton=23.67, Gsc=4.34
Eval CRASHED at 1.12Hz: a=4.55(Kp=33.7,Ki=1.9,Kd=26.6), Gton=20.17, Gsc=4.35
Gen 32: Best Bode SSE = 100000.0 | alpha=4.60(Kp=32.9,Ki=1.8,Kd=26.3), G_ton=20.415, G_sc=3.500, G_phas=6.804, kp_prop=0.622, k_gamma_dyn=56.670, k_gamma_stat=88.308

--- Generation 33 ---
Eval CRASHED at 1.12Hz: a=4.45(Kp=35.2,Ki=2.0,Kd=27.2), Gton=20.46, Gsc=4.28Eval CRASHED at 1.12Hz: a=4.42(Kp=35.7,Ki=2.1,Kd=27.4), Gton=24.81, Gsc=4.72

Eval CRASHED at 1.12Hz: a=4.44(Kp=35.4,Ki=2.1,Kd=27.3), Gton=23.02, Gsc=4.17
Eval CRASHED at 1.12Hz: a=4.45(Kp=35.2,Ki=2.0,Kd=27.2), Gton=21.87, Gsc=4.09
Eval CRASHED at 1.12Hz: a=4.40(Kp=36.1,Ki=2.1,Kd=27.5), Gton=23.25, Gsc=4.19
Eval CRASHED at 1.12Hz: a=4.29(Kp=37.8,Ki=2.3,Kd=28.2), Gton=24.69, Gsc=4.15
Eval CRASHED at 1.12Hz: a=4.53(Kp=33.9,Ki=1.9,Kd=26.7), Gton=21.59, Gsc=4.11Eval CRASHED at 1.12Hz: a=4.42(Kp=35.7,Ki=2.1,Kd=27.4), Gton=22.82, Gsc=4.49

Eval CRASHED at 1.12Hz: a=4.55(Kp=33.6,Ki=1.9,Kd=26.6), Gton=21.79, Gsc=4.09
Eval CRASHED at 1.12Hz: a=4.49(Kp=34.5,Ki=2.0,Kd=26.9), Gton=21.32, Gsc=4.40
Eval CRASHED at 1.12Hz: a=4.36(Kp=36.6,Ki=2.2,Kd=27.7), Gton=21.41, Gsc=4.11
Eval CRASHED at 1.12Hz: a=4.47(Kp=34.9,Ki=2.0,Kd=27.1), Gton=22.74, Gsc=4.17
Gen 33: Best Bode SSE = 100000.0 | alpha=4.60(Kp=32.9,Ki=1.8,Kd=26.3), G_ton=20.415, G_sc=3.500, G_phas=6.804, kp_prop=0.622, k_gamma_dyn=56.670, k_gamma_stat=88.308

--- Generation 34 ---
Eval CRASHED at 1.12Hz: a=4.54(Kp=33.7,Ki=1.9,Kd=26.6), Gton=23.52, Gsc=4.22
Eval CRASHED at 1.12Hz: a=4.67(Kp=32.0,Ki=1.8,Kd=25.9), Gton=22.77, Gsc=4.08Eval CRASHED at 1.12Hz: a=4.56(Kp=33.6,Ki=1.9,Kd=26.5), Gton=20.89, Gsc=4.39

Eval CRASHED at 1.12Hz: a=4.48(Kp=34.8,Ki=2.0,Kd=27.0), Gton=22.60, Gsc=4.36
Eval CRASHED at 1.12Hz: a=4.31(Kp=37.6,Ki=2.2,Kd=28.1), Gton=22.46, Gsc=4.34
Eval CRASHED at 1.12Hz: a=4.50(Kp=34.5,Ki=2.0,Kd=26.9), Gton=22.30, Gsc=4.29
Eval CRASHED at 1.12Hz: a=4.53(Kp=33.9,Ki=1.9,Kd=26.7), Gton=19.45, Gsc=4.22
Eval CRASHED at 1.12Hz: a=4.37(Kp=36.5,Ki=2.2,Kd=27.7), Gton=21.08, Gsc=4.42
Eval CRASHED at 1.12Hz: a=4.27(Kp=38.2,Ki=2.3,Kd=28.3), Gton=23.73, Gsc=4.44
Eval CRASHED at 1.12Hz: a=4.43(Kp=35.5,Ki=2.1,Kd=27.3), Gton=20.67, Gsc=4.40
Eval CRASHED at 1.12Hz: a=4.46(Kp=35.1,Ki=2.0,Kd=27.1), Gton=22.38, Gsc=4.11
Eval CRASHED at 1.12Hz: a=4.33(Kp=37.2,Ki=2.2,Kd=27.9), Gton=21.90, Gsc=4.29
Gen 34: Best Bode SSE = 100000.0 | alpha=4.60(Kp=32.9,Ki=1.8,Kd=26.3), G_ton=20.415, G_sc=3.500, G_phas=6.804, kp_prop=0.622, k_gamma_dyn=56.670, k_gamma_stat=88.308

--- Generation 35 ---
Eval CRASHED at 1.12Hz: a=4.37(Kp=36.5,Ki=2.2,Kd=27.7), Gton=24.78, Gsc=4.23
Eval CRASHED at 1.12Hz: a=4.28(Kp=38.0,Ki=2.3,Kd=28.2), Gton=22.89, Gsc=4.46
Eval CRASHED at 1.12Hz: a=4.32(Kp=37.4,Ki=2.2,Kd=28.0), Gton=23.13, Gsc=4.16
Eval CRASHED at 1.12Hz: a=4.39(Kp=36.2,Ki=2.1,Kd=27.6), Gton=21.67, Gsc=4.25
Eval CRASHED at 1.12Hz: a=4.14(Kp=40.6,Ki=2.5,Kd=29.2), Gton=21.36, Gsc=4.61
Eval CRASHED at 1.12Hz: a=4.33(Kp=37.1,Ki=2.2,Kd=27.9), Gton=22.88, Gsc=4.15
Eval CRASHED at 1.12Hz: a=4.40(Kp=35.9,Ki=2.1,Kd=27.5), Gton=21.79, Gsc=4.54
Eval CRASHED at 1.12Hz: a=4.39(Kp=36.2,Ki=2.1,Kd=27.6), Gton=22.34, Gsc=4.08
Eval CRASHED at 1.12Hz: a=4.54(Kp=33.8,Ki=1.9,Kd=26.6), Gton=22.62, Gsc=4.17Eval CRASHED at 1.12Hz: a=4.48(Kp=34.7,Ki=2.0,Kd=27.0), Gton=20.05, Gsc=4.15

Eval CRASHED at 1.12Hz: a=4.41(Kp=35.8,Ki=2.1,Kd=27.4), Gton=22.77, Gsc=4.23
Eval CRASHED at 1.12Hz: a=4.53(Kp=34.0,Ki=1.9,Kd=26.7), Gton=24.05, Gsc=4.43
Gen 35: Best Bode SSE = 100000.0 | alpha=4.60(Kp=32.9,Ki=1.8,Kd=26.3), G_ton=20.415, G_sc=3.500, G_phas=6.804, kp_prop=0.622, k_gamma_dyn=56.670, k_gamma_stat=88.308

==========================================================================================
Alpha-Scaled Optimization (Strict Bounds) Finished!
Best alpha = 4.604
  => Kp=32.87, Ki=1.84, Kd=26.26
Best reflex: alpha=4.60(Kp=32.9,Ki=1.8,Kd=26.3), G_ton=20.415, G_sc=3.500, G_phas=6.804, kp_prop=0.622, k_gamma_dyn=56.670, k_gamma_stat=88.308
Best Bode SSE: 100000.0
==========================================================================================
